13.124.199.84 - - [27/Dec/2025:08:29:08 +0000] "GET /wp-content/themes/admin.php HTTP/1.1" 200 1290 "https://duckduckgo.com/" "Mozilla/5.0 (Linux; Android 13; SM-G991U) AppleWebKit/537.36 (KHTML, like Gecko) Chrome/117.0.0.0 Mobile Safari/537.36" "150.226.236.246, 20.196.91.24"
13.124.199.156 - - [27/Dec/2025:08:29:09 +0000] "GET /wp-content/upgrade/index.php HTTP/1.1" 200 1290 "https://www.google.com/" "Mozilla/5.0 (Linux; Android 14; Pixel 8 Pro) AppleWebKit/537.36 (KHTML, like Gecko) Chrome/119.0.0.0 Mobile Safari/537.36" "119.223.40.75, 20.196.91.24"
13.124.199.84 - - [27/Dec/2025:08:29:09 +0000] "GET /wp-content/uploads/ HTTP/1.1" 200 1290 "https://www.bing.com/" "Mozilla/5.0 (Linux; Android 11; 21081111RG) AppleWebKit/537.36 (KHTML, like Gecko) Chrome/116.0.0.0 Mobile Safari/537.36" "228.236.170.34, 20.196.91.24"
13.124.199.156 - - [27/Dec/2025:08:29:09 +0000] "GET /wp-content/uploads/2025/ HTTP/1.1" 200 1290 "https://www.bing.com/" "Mozilla/5.0 (Linux; Android 10; LM-Q720) AppleWebKit/537.36 (KHTML, like Gecko) Chrome/116.0.0.0 Mobile Safari/537.36" "79.227.67.128, 20.196.91.24"
13.124.199.34 - - [27/Dec/2025:08:29:09 +0000] "GET /wp-content/uploads/index.php HTTP/1.1" 200 1290 "https://www.bing.com/" "Mozilla/5.0 (Linux; Android 12; V2134) AppleWebKit/537.36 (KHTML, like Gecko) Chrome/116.0.0.0 Mobile Safari/537.36" "11.214.9.219, 20.196.91.24"
13.124.199.34 - - [27/Dec/2025:08:29:09 +0000] "GET /wp-good.php HTTP/1.1" 200 1290 "https://www.google.co.uk/" "Mozilla/5.0 (Linux; Android 12; 2201116SG) AppleWebKit/537.36 (KHTML, like Gecko) Chrome/116.0.0.0 Mobile Safari/537.36" "154.74.3.6, 20.196.91.24"
13.124.199.156 - - [27/Dec/2025:08:29:09 +0000] "GET /wp-includes/ID3/ HTTP/1.1" 200 1290 "https://www.google.fr/" "Mozilla/5.0 (Linux; Android 11; 21081111RG) AppleWebKit/537.36 (KHTML, like Gecko) Chrome/116.0.0.0 Mobile Safari/537.36" "19.126.80.136, 20.196.91.24"
13.124.199.156 - - [27/Dec/2025:08:29:09 +0000] "GET /wp-includes/ID3/simi.php HTTP/1.1" 200 1290 "https://www.bing.com/" "Mozilla/5.g (Linux; Android 13; Pixel 7) AppleWebKit/537.36 (KHTML, like Gecko) Chrome/116.0.0.0 Mobile Safari/537.36" "55.232.198.163, 20.196.91.24"
13.124.199.156 - - [27/Dec/2025:08:29:10 +0000] "GET /wp-includes/IXR/ HTTP/1.1" 200 1290 "https://www.google.de/" "Mozilla/5.0 (iPhone; CPU iPhone OS 16_6_1 like Mac OS X) AppleWebKit/605.1.15 (KHTML, like Gecko) Version/16.6 Mobile/15E148 Safari/604.1" "73.107.49.242, 20.196.91.24"
13.124.199.84 - - [27/Dec/2025:08:29:10 +0000] "GET /wp-includes/PHPMailer/index.php HTTP/1.1" 200 1290 "https://www.google.de/" "Mozilla/5.0 (Linux; Android 13; SM-S908E) AppleWebKit/537.36 (KHTML, like Gecko) Chrome/116.0.0.0 Mobile Safari/537.36" "238.195.213.156, 20.196.91.24"
13.124.199.84 - - [27/Dec/2025:08:29:10 +0000] "GET /wp-includes/Requests/index.php HTTP/1.1" 200 1290 "https://www.google.com/" "Mozilla/5.0 (iPad; CPU OS 17_0_3 like Mac OS X) AppleWebKit/605.1.15 (KHTML, like Gecko) Version/17.0.1 Mobile/15E148 Safari/604.1" "82.135.84.86, 20.196.91.24"
13.124.199.84 - - [27/Dec/2025:08:29:10 +0000] "GET /wp-includes/SimplePie/autoload_classmap.php HTTP/1.1" 200 1290 "https://www.google.com/" "Mozilla/5.0 (Linux; Android 11; 21081111RG) AppleWebKit/537.36 (KHTML, like Gecko) Chrome/116.0.0.0 Mobile Safari/537.36" "81.138.181.240, 20.196.91.24"
13.124.199.84 - - [27/Dec/2025:08:29:10 +0000] "GET /wp-includes/SimplePie/index.php HTTP/1.1" 200 1290 "https://duckduckgo.com/" "Mozilla/5.0 (Linux; Android 14; Pixel 8 Pro) AppleWebKit/537.36 (KHTML, like Gecko) Chrome/119.0.0.0 Mobile Safari/537.36" "2.0.154.101, 20.196.91.24"
13.124.199.156 - - [27/Dec/2025:08:29:10 +0000] "GET /wp-includes/Text/ HTTP/1.1" 200 1290 "https://www.bing.com/" "Mozilla/5.0 (iPhone; CPU iPhone OS 15_7_9 like Mac OS X) AppleWebKit/605.1.15 (KHTML, like Gecko) Version/15.6.5 Mobile/15E148 Safari/604.1" "242.1.153.104, 20.196.91.24"
13.124.199.84 - - [27/Dec/2025:08:29:10 +0000] "GET /wp-includes/Text/Diff/Engine/ HTTP/1.1" 200 1290 "https://www.google.fr/" "Mozilla/5.0 (iPhone; CPU iPhone OS 17_1 like Mac OS X) AppleWebKit/605.1.15 (KHTML, like Gecko) CriOS/119.0.6045.109 Mobile/15E148 Safari/604.1" "242.127.233.250, 20.196.91.24"
13.124.199.84 - - [27/Dec/2025:08:29:11 +0000] "GET /wp-includes/Text/Diff/Renderer/index.php HTTP/1.1" 200 1290 "https://www.yahoo.com/" "Mozilla/5.0 (Linux; Android 12; 2201116SG) AppleWebKit/537.36 (KHTML, like Gecko) Chrome/116.0.0.0 Mobile Safari/537.36" "98.155.246.37, 20.196.91.24"
13.124.199.34 - - [27/Dec/2025:08:29:11 +0000] "GET /wp-includes/assets/autoload_classmap.php HTTP/1.1" 200 1290 "https://www.google.com/" "Mozilla/5.0 (Linux; Android 13; SM-G991U) AppleWebKit/537.36 (KHTML, like Gecko) Chrome/117.0.0.0 Mobile Safari/537.36" "76.16.152.142, 20.196.91.24"
13.124.199.156 - - [27/Dec/2025:08:29:11 +0000] "GET /wp-includes/bk/index.php HTTP/1.1" 200 1290 "https://www.google.co.uk/" "Mozilla/5.0 (Linux; Android 14; Pixel 8 Pro) AppleWebKit/537.36 (KHTML, like Gecko) Chrome/119.0.0.0 Mobile Safari/537.36" "238.94.228.103, 20.196.91.24"
13.124.199.34 - - [27/Dec/2025:08:29:11 +0000] "GET /wp-includes/block-bindings/ HTTP/1.1" 200 1290 "https://duckduckgo.com/" "Mozilla/5.0 (Linux; Android 14; Pixel 8 Pro) AppleWebKit/537.36 (KHTML, like Gecko) Chrome/119.0.0.0 Mobile Safari/537.36" "25.153.8.34, 20.196.91.24"
13.124.199.84 - - [27/Dec/2025:08:29:11 +0000] "GET /wp-includes/block-supports/ HTTP/1.1" 200 1290 "https://www.google.com/" "Mozilla/5.0 (Linux; Android 12; V2134) AppleWebKit/537.36 (KHTML, like Gecko) Chrome/116.0.0.0 Mobile Safari/537.36" "209.129.158.143, 20.196.91.24"
13.124.199.34 - - [27/Dec/2025:08:29:11 +0000] "GET /wp-includes/blocks/code/ HTTP/1.1" 200 1290 "https://www.google.fr/" "Mozilla/5.0 (iPhone; CPU iPhone OS 16_6_1 like Mac OS X) AppleWebKit/605.1.15 (KHTML, like Gecko) Version/16.6 Mobile/15E148 Safari/604.1" "206.103.133.95, 20.196.91.24"
13.124.199.34 - - [27/Dec/2025:08:29:11 +0000] "GET /wp-includes/certificates/ HTTP/1.1" 200 1290 "https://www.bing.com/" "Mozilla/5.0 (Linux; Android 13; M2101K6G) AppleWebKit/537.36 (KHTML, like Gecko) Chrome/116.0.0.0 Mobile Safari/537.36" "98.242.254.22, 20.196.91.24"
13.124.199.84 - - [27/Dec/2025:08:29:12 +0000] "GET /wp-includes/css/autoload_classmap.php HTTP/1.1" 200 1290 "https://www.google.de/" "Mozilla/5.0 (Linux; Android 12; 2201116SG) AppleWebKit/537.36 (KHTML, like Gecko) Chrome/116.0.0.0 Mobile Safari/537.36" "185.22.42.33, 20.196.91.24"
13.124.199.156 - - [27/Dec/2025:08:29:12 +0000] "GET /wp-includes/customize/chosen.php HTTP/1.1" 200 1290 "https://www.yahoo.com/" "Mozilla/5.0 (Linux; Android 11; CPH2251) AppleWebKit/537.36 (KHTML, like Gecko) Chrome/116.0.0.0 Mobile Safari/537.36" "204.57.237.137, 20.196.91.24"
13.124.199.34 - - [27/Dec/2025:08:29:12 +0000] "GET /wp-includes/html-api/index.php HTTP/1.1" 200 1290 "https://duckduckgo.com/" "Mozilla/5.0 (Linux; Android 13; M2101K6G) AppleWebKit/537.36 (KHTML, like Gecko) Chrome/116.0.0.0 Mobile Safari/537.36" "191.27.172.58, 20.196.91.24"
13.124.199.84 - - [27/Dec/2025:08:29:12 +0000] "GET /wp-includes/images/ HTTP/1.1" 200 1290 "https://www.google.com/" "Mozilla/5.0 (Linux; Android 11; CPH2251) AppleWebKit/537.36 (KHTML, like Gecko) Chrome/116.0.0.0 Mobile Safari/537.36" "203.118.114.241, 20.196.91.24"
13.124.199.34 - - [27/Dec/2025:08:29:12 +0000] "GET /wp-includes/index.php HTTP/1.1" 200 1290 "https://www.google.com/" "Mozilla/5.0 (iPhone; CPU iPhone OS 17_1 like Mac OS X) AppleWebKit/605.1.15 (KHTML, like Gecko) CriOS/119.0.6045.109 Mobile/15E148 Safari/604.1" "45.107.237.126, 20.196.91.24"
13.124.199.34 - - [27/Dec/2025:08:29:12 +0000] "GET /wp-includes/js/codemirror/index.php HTTP/1.1" 200 1290 "https://duckduckgo.com/" "Mozilla/5.0 (Linux; Android 13; SM-S908E) AppleWebKit/537.36 (KHTML, like Gecko) Chrome/116.0.0.0 Mobile Safari/537.36" "183.250.235.169, 20.196.91.24"
13.124.199.34 - - [27/Dec/2025:08:29:12 +0000] "GET /wp-includes/js/crop/ HTTP/1.1" 200 1290 "https://www.google.com/" "Mozilla/5.0 (iPad; CPU OS 17_0_3 like Mac OS X) AppleWebKit/605.1.15 (KHTML, like Gecko) Version/17.0.1 Mobile/15E148 Safari/604.1" "182.201.7.237, 20.196.91.24"
13.124.199.156 - - [27/Dec/2025:08:29:13 +0000] "GET /wp-includes/js/dist/ HTTP/1.1" 200 1290 "https://www.google.fr/" "Mozilla/5.0 (Linux; Android 14; Pixel 8 Pro) AppleWebKit/537.36 (KHTML, like Gecko) Chrome/119.0.0.0 Mobile Safari/537.36" "69.100.151.64, 20.196.91.24"
13.124.199.84 - - [27/Dec/2025:08:29:13 +0000] "GET /wp-includes/js/dist/development/ HTTP/1.1" 200 1290 "https://duckduckgo.com/" "Mozilla/5.0 (Linux; Android 13; M2101K6G) AppleWebKit/537.36 (KHTML, like Gecko) Chrome/116.0.0.0 Mobile Safari/537.36" "211.199.63.237, 20.196.91.24"
13.124.199.156 - - [27/Dec/2025:08:29:13 +0000] "GET /wp-includes/js/jquery/jquery.php HTTP/1.1" 200 1290 "https://www.google.co.uk/" "Mozilla/5.0 (Linux; Android 12; 2201116SG) AppleWebKit/537.36 (KHTML, like Gecko) Chrome/116.0.0.0 Mobile Safari/537.36" "147.51.11.202, 20.196.91.24"
13.124.199.156 - - [27/Dec/2025:08:29:13 +0000] "GET /wp-includes/pomo/index.php HTTP/1.1" 200 1290 "https://duckduckgo.com/" "Mozilla/5.0 (Linux; Android 13; SM-G991U) AppleWebKit/537.36 (KHTML, like Gecko) Chrome/117.0.0.0 Mobile Safari/537.36" "213.29.108.150, 20.196.91.24"
13.124.199.156 - - [27/Dec/2025:08:29:13 +0000] "GET /wp-includes/random_compat/index.php HTTP/1.1" 200 1290 "https://www.yahoo.com/" "Mozilla/5.0 (Linux; Android 12; SM-A525F) AppleWebKit/537.36 (KHTML, like Gecko) Chrome/117.0.0.0 Mobile Safari/537.36" "212.237.30.55, 20.196.91.24"
13.124.199.156 - - [27/Dec/2025:08:29:13 +0000] "GET /wp-includes/rest-api/fields/ HTTP/1.1" 200 1290 "https://www.google.fr/" "Mozilla/5.0 (iPhone; CPU iPhone OS 16_6_1 like Mac OS X) AppleWebKit/605.1.15 (KHTML, like Gecko) Version/16.6 Mobile/15E148 Safari/604.1" "219.117.120.253, 20.196.91.24"
13.124.199.156 - - [27/Dec/2025:08:29:13 +0000] "GET /wp-includes/rest-api/index.php HTTP/1.1" 200 1290 "https://www.google.com/" "Mozilla/5.0 (Linux; Android 10; K) AppleWebKit/537.36 (KHTML, like Gecko) Chrome/117.0.0.0 Mobile Safari/537.36" "32.226.124.74, 20.196.91.24"
13.124.199.84 - - [27/Dec/2025:08:29:14 +0000] "GET /wp-includes/sitemaps/autoload_classmap.php HTTP/1.1" 200 1290 "https://www.google.co.uk/" "Mozilla/5.0 (iPhone; CPU iPhone OS 17_0_3 like Mac OS X) AppleWebKit/605.1.15 (KHTML, like Gecko) Version/17.0.1 Mobile/15E148 Safari/604.1" "84.183.134.18, 20.196.91.24"
13.124.199.34 - - [27/Dec/2025:08:29:14 +0000] "GET /wp-includes/sitemaps/providers/index.php HTTP/1.1" 200 1290 "https://www.google.com/" "Mozilla/5.0 (iPhone; CPU iPhone OS 16_6_1 like Mac OS X) AppleWebKit/605.1.15 (KHTML, like Gecko) Version/16.6 Mobile/15E148 Safari/604.1" "1.27.109.34, 20.196.91.24"
13.124.199.34 - - [27/Dec/2025:08:29:14 +0000] "GET /wp-includes/style-engine/autoload_classmap.php HTTP/1.1" 200 1290 "https://www.google.co.uk/" "Mozilla/5.0 (iPad; CPU OS 17_0_3 like Mac OS X) AppleWebKit/605.1.15 (KHTML, like Gecko) Version/17.0.1 Mobile/15E148 Safari/604.1" "109.110.6.45, 20.196.91.24"
13.124.199.84 - - [27/Dec/2025:08:29:14 +0000] "GET /wp-includes/style-engine/wp-conflg.php HTTP/1.1" 200 1290 "https://www.yahoo.com/" "Mozilla/5.0 (Linux; Android 11; CPH2251) AppleWebKit/537.36 (KHTML, like Gecko) Chrome/116.0.0.0 Mobile Safari/537.36" "32.19.128.165, 20.196.91.24"
13.124.199.156 - - [27/Dec/2025:08:29:14 +0000] "GET /wp-includes/theme-compat/ HTTP/1.1" 200 1290 "https://www.bing.com/" "Mozilla/5.0 (iPhone; CPU iPhone OS 17_0_3 like Mac OS X) AppleWebKit/605.1.15 (KHTML, like Gecko) Version/17.0.1 Mobile/15E148 Safari/604.1" "167.212.254.225, 20.196.91.24"
13.124.199.34 - - [27/Dec/2025:08:29:14 +0000] "GET /wp-login.php HTTP/1.1" 200 1290 "https://www.google.com/" "Mozilla/5.0 (iPad; CPU OS 16_7_2 like Mac OS X) AppleWebKit/605.1.15 (KHTML, like Gecko) Version/16.6 Mobile/15E148 Safari/604.1" "94.152.36.41, 20.196.91.24"
13.124.199.84 - - [27/Dec/2025:08:29:14 +0000] "GET /wp-signin.php HTTP/1.1" 200 1290 "https://duckduckgo.com/" "Mozilla/5.0 (Linux; Android 14; Pixel 8 Pro) AppleWebKit/537.36 (KHTML, like Gecko) Chrome/119.0.0.0 Mobile Safari/537.36" "100.67.101.98, 20.196.91.24"
13.124.199.34 - - [27/Dec/2025:08:29:15 +0000] "GET /wp-user.php HTTP/1.1" 200 1290 "https://duckduckgo.com/" "Mozilla/5.0 (Linux; Android 10; K) AppleWebKit/537.36 (KHTML, like Gecko) Chrome/117.0.0.0 Mobile Safari/537.36" "31.248.247.17, 20.196.91.24"
13.124.199.34 - - [27/Dec/2025:08:29:15 +0000] "GET /wp.php HTTP/1.1" 200 1290 "https://www.google.de/" "Mozilla/5.0 (Linux; Android 13; SM-S908E) AppleWebKit/537.36 (KHTML, like Gecko) Chrome/116.0.0.0 Mobile Safari/537.36" "131.21.229.147, 20.196.91.24"
13.124.199.84 - - [27/Dec/2025:08:29:15 +0000] "GET /xmlrpc.php HTTP/1.1" 200 1290 "https://www.yahoo.com/" "Mozilla/5.g (Linux; Android 13; Pixel 7) AppleWebKit/537.36 (KHTML, like Gecko) Chrome/116.0.0.0 Mobile Safari/537.36" "243.219.131.248, 20.196.91.24"
13.124.199.156 - - [27/Dec/2025:08:29:15 +0000] "GET /xmrlpc.php HTTP/1.1" 200 1290 "https://duckduckgo.com/" "Mozilla/5.0 (Linux; Android 11; 21081111RG) AppleWebKit/537.36 (KHTML, like Gecko) Chrome/116.0.0.0 Mobile Safari/537.36" "88.196.190.220, 20.196.91.24"
45.156.129.131 - - [27/Dec/2025:08:34:06 +0000] "GET / HTTP/1.1" 200 1290 "-" "Mozilla/5.0 (Windows NT 10.0; Win64; x64) AppleWebKit/537.36 (KHTML, like Gecko) Chrome/60.0.3112.113 Safari/537.36" "-"
45.156.129.54 - - [27/Dec/2025:08:34:20 +0000] "GET / HTTP/1.1" 200 1290 "-" "python-requests/2.31.0" "-"
54.67.68.220 - - [27/Dec/2025:08:38:51 +0000] "GET / HTTP/1.1" 200 1290 "-" "Mozilla/5.0 (Macintosh; Intel Mac OS X 10_11_5) AppleWebKit/537.36 (KHTML, like Gecko) Chrome/50.0.2661.102 Safari/537.36" "-"
64.252.87.252 - - [27/Dec/2025:08:45:31 +0000] "GET /.vscode/sftp.json HTTP/1.1" 200 1290 "-" "Mozilla/5.0 (Windows NT 10.0; Win64; x64) AppleWebKit/537.36" "176.117.107.172"
64.252.89.32 - - [27/Dec/2025:08:45:31 +0000] "GET /sftp-config.json HTTP/1.1" 200 1290 "-" "Mozilla/5.0 (Windows NT 10.0; Win64; x64) AppleWebKit/537.36" "176.117.107.172"
64.252.87.252 - - [27/Dec/2025:08:45:31 +0000] "GET /.ftpconfig HTTP/1.1" 200 1290 "-" "Mozilla/5.0 (Windows NT 10.0; Win64; x64) AppleWebKit/537.36" "176.117.107.172"
130.176.219.137 - - [27/Dec/2025:08:45:31 +0000] "GET /sftp-config.json HTTP/1.1" 200 1290 "http://abuts.fit/sftp-config.json" "Mozilla/5.0 (Windows NT 10.0; Win64; x64) AppleWebKit/537.36" "176.117.107.172"
130.176.219.137 - - [27/Dec/2025:08:45:32 +0000] "GET /.vscode/sftp.json HTTP/1.1" 200 1290 "http://abuts.fit/.vscode/sftp.json" "Mozilla/5.0 (Windows NT 10.0; Win64; x64) AppleWebKit/537.36" "176.117.107.172"
130.176.219.137 - - [27/Dec/2025:08:45:32 +0000] "GET /.ftpconfig HTTP/1.1" 200 1290 "http://abuts.fit/.ftpconfig" "Mozilla/5.0 (Windows NT 10.0; Win64; x64) AppleWebKit/537.36" "176.117.107.172"
102.22.20.125 - - [27/Dec/2025:08:54:29 +0000] "GET /admin/config.php HTTP/1.0" 200 1290 "-" "xfa1,nvdorz,nvd0rz" "-"
162.216.149.180 - - [27/Dec/2025:08:55:23 +0000] "GET / HTTP/1.1" 200 1290 "-" "Hello from Palo Alto Networks, find out more about our scans in https://docs-cortex.paloaltonetworks.com/r/1/Cortex-Xpanse/Scanning-activity" "-"
205.210.31.31 - - [27/Dec/2025:08:56:23 +0000] "\x16\x03\x01\x00\xCA\x01\x00\x00\xC6\x03\x03\xDB\xFDcnq\x19I\xDB7f<&\x97\xBE=E\x11*g=\xA0(\xCD)\xB6\x99M\x1E\x8B\xCB&r\x00\x00h\xCC\x14\xCC\x13\xC0/\xC0+\xC00\xC0,\xC0\x11\xC0\x07\xC0'\xC0#\xC0\x13\xC0\x09\xC0(\xC0$\xC0\x14\xC0" 400 150 "-" "-" "-"
205.210.31.31 - - [27/Dec/2025:08:56:24 +0000] "\x16\x03\x01\x00\xEE\x01\x00\x00\xEA\x03\x03!e(\xB2\x86\x8E\xF4U ltN\xC7\xA0\x10\xBF_\xDAk\xB3\x82\x8E\xBB\xAB\xC73gb\xFCisv \xC20gPj\xC9\x1E_I\xEF\xC2\x16m\x9DO\xD7\xD0\x84\x18\xF5\x97P|\x12]t`&d5\xAC1\x00&\xC0+\xC0/\xC0,\xC00\xCC\xA9\xCC\xA8\xC0\x09\xC0\x13\xC0" 400 150 "-" "-" "-"
204.76.203.212 - - [27/Dec/2025:09:16:05 +0000] "GET / HTTP/1.1" 200 1290 "-" "Mozilla/5.0 (Windows NT 10.0; Win64; x64) AppleWebKit/537.36 (KHTML, like Gecko) Chrome/90.0.4430.85 Safari/537.36 Edg/90.0.818.46" "-"
112.46.215.46 - - [27/Dec/2025:09:17:15 +0000] "GET / HTTP/1.1" 400 150 "-" "-" "-"
204.76.203.219 - - [27/Dec/2025:09:28:04 +0000] "GET / HTTP/1.1" 200 1290 "-" "Mozilla/5.0 (Windows NT 10.0; Win64; x64) AppleWebKit/537.36 (KHTML, like Gecko) Chrome/90.0.4430.85 Safari/537.36 Edg/90.0.818.46" "-"
172.104.11.51 - - [27/Dec/2025:09:33:30 +0000] "GET / HTTP/1.1" 200 1290 "-" "Mozilla/5.0 (Macintosh; Intel Mac OS X 13_1) AppleWebKit/537.36 (KHTML, like Gecko) Chrome/108.0.0.0 Safari/537.36" "-"
64.252.89.137 - - [27/Dec/2025:09:34:51 +0000] "GET /wp-admin/setup-config.php HTTP/1.1" 200 1290 "-" "https://abuts.fit/wp-admin/setup-config.php" "2a06:98c0:3600::103, 162.158.182.143"
64.252.87.252 - - [27/Dec/2025:09:35:36 +0000] "GET /wordpress/wp-admin/setup-config.php HTTP/1.1" 200 1290 "-" "Mozilla/5.0 (Windows NT 10.0; Win64; x64) AppleWebKit/537.36 (KHTML, like Gecko) Chrome/143.0.0.0 Safari/537.36" "2a06:98c0:3600::103, 104.23.217.89"
15.158.30.83 - - [27/Dec/2025:09:36:57 +0000] "GET /wp-admin/setup-config.php HTTP/1.1" 200 1290 "-" "http://abuts.fit/wp-admin/setup-config.php" "2a06:98c0:3600::103, 104.23.221.166"
64.252.87.252 - - [27/Dec/2025:09:37:30 +0000] "GET /wordpress/wp-admin/setup-config.php HTTP/1.1" 200 1290 "-" "http://abuts.fit/wordpress/wp-admin/setup-config.php" "2a06:98c0:3600::103, 104.23.223.4"
45.79.181.104 - - [27/Dec/2025:09:45:49 +0000] "\x16\x03\x01\x01" 400 150 "-" "-" "-"
45.79.181.104 - - [27/Dec/2025:09:45:49 +0000] "\x16\x03\x01\x01" 400 150 "-" "-" "-"
49.51.72.76 - - [27/Dec/2025:09:58:03 +0000] "GET / HTTP/1.1" 200 1290 "-" "Mozilla/5.0 (iPhone; CPU iPhone OS 13_2_3 like Mac OS X) AppleWebKit/605.1.15 (KHTML, like Gecko) Version/13.0.3 Mobile/15E148 Safari/604.1" "-"
198.235.24.220 - - [27/Dec/2025:10:03:22 +0000] "\x16\x03\x01\x00\xCA\x01\x00\x00\xC6\x03\x03X\xBF\x19\x22J\xF3)\xDD\x06\xCB\xB84\xA9YS?\x03_\x8E\x16\xA2\xF5\xBA\x09\xC03\xF1\x93\xE7\xD7\xDE\x98\x00\x00h\xCC\x14\xCC\x13\xC0/\xC0+\xC00\xC0,\xC0\x11\xC0\x07\xC0'\xC0#\xC0\x13\xC0\x09\xC0(\xC0$\xC0\x14\xC0" 400 150 "-" "-" "-"
198.235.24.220 - - [27/Dec/2025:10:03:22 +0000] "\x16\x03\x01\x00\xEE\x01\x00\x00\xEA\x03\x03\xD4\xD9\x96\x89\x01\xE4$\xA2\x068\x02'\xAD_{\xE4\x1E" 400 150 "-" "-" "-"
5.187.35.158 - - [27/Dec/2025:10:07:37 +0000] "GET /SDK/webLanguage HTTP/1.1" 200 1290 "-" "Mozilla/5.0 (Windows NT 10.0; Win64; x64) AppleWebKit/537.36 (KHTML, like Gecko) Chrome/90.0.4430.85 Safari/537.36 Edg/90.0.818.46" "-"
64.252.78.149 - - [27/Dec/2025:10:08:53 +0000] "GET /index.html HTTP/1.1" 200 1290 "http://18.66.147.72:80/" "Amazon CloudFront" "205.210.31.165"
13.86.105.19 - - [27/Dec/2025:10:10:15 +0000] "GET / HTTP/1.1" 200 1290 "-" "Mozilla/5.0 zgrab/0.x" "-"
66.132.153.114 - - [27/Dec/2025:10:51:52 +0000] "GET / HTTP/1.1" 200 1290 "-" "Mozilla/5.0 (compatible; CensysInspect/1.1; +https://about.censys.io/)" "-"
66.132.153.114 - - [27/Dec/2025:10:51:54 +0000] "PRI * HTTP/2.0" 400 150 "-" "-" "-"
66.132.153.114 - - [27/Dec/2025:10:51:56 +0000] "\x16\x03\x01\x00\xEE\x01\x00\x00\xEA\x03\x03\xA5vB\xB1@\xC0hb\xAC&\x1A\xD0\x1C\xEC\xD4\x054{\xCA\x8BM\xA0\x94\x1A\x07\x8C\x9Ck@`\xBC\x12 vC\xF0\xD7L)\x07r\xFFG\x9B\xEFK//\xB8\xC7Y2\x5C\x05U\xC1\x09\x88\xD5\x86\xE8\x83k\x8C\x81\x00&\xCC\xA8\xCC\xA9\xC0/\xC00\xC0+\xC0,\xC0\x13\xC0\x09\xC0\x14\xC0" 400 150 "-" "-" "-"
66.132.153.114 - - [27/Dec/2025:10:52:11 +0000] "GET /login HTTP/1.1" 200 1290 "-" "Mozilla/5.0 (compatible; CensysInspect/1.1; +https://about.censys.io/)" "-"
66.132.153.114 - - [27/Dec/2025:10:52:12 +0000] "GET /favicon.ico HTTP/1.1" 200 7645 "-" "Mozilla/5.0 (compatible; CensysInspect/1.1; +https://about.censys.io/)" "-"
66.132.153.114 - - [27/Dec/2025:10:52:15 +0000] "\x16\x03\x01\x00\xEE\x01\x00\x00\xEA\x03\x03\xAD\x03Hz\xDD\xA5\xAB\xFD\xC7\x5C!\xF6\x15\x05\xF3\xB37V\x8E\x7F9o\x87\xDE\xE9\x22j\xF6\xDA\xA1\xD1\x04 lD\x93\xB2\xB0B\xD7<~\xB4{#\xA9\x0C\x0F \xC2\xF1\xDA\xB2T\x87\xF6X\xDD\x0E\x12@\x00\xA3" 400 150 "-" "-" "-"
64.252.114.86 - - [27/Dec/2025:10:54:26 +0000] "GET /index.html HTTP/1.1" 200 1290 "http://abuts.fit" "Mozilla/5.0 (compatible; InternetMeasurement/1.0; +https://internet-measurement.com/)" "185.247.137.199"
64.252.114.86 - - [27/Dec/2025:10:54:39 +0000] "GET /favicon.ico HTTP/1.1" 200 7645 "-" "Mozilla/5.0 (compatible; InternetMeasurement/1.0; +https://internet-measurement.com/)" "45.55.158.168"
204.76.203.212 - - [27/Dec/2025:11:22:15 +0000] "GET / HTTP/1.1" 200 1290 "-" "Mozilla/5.0 (Windows NT 10.0; Win64; x64) AppleWebKit/537.36 (KHTML, like Gecko) Chrome/90.0.4430.85 Safari/537.36 Edg/90.0.818.46" "-"
204.76.203.219 - - [27/Dec/2025:11:32:18 +0000] "GET / HTTP/1.1" 200 1290 "-" "Mozilla/5.0 (Windows NT 10.0; Win64; x64) AppleWebKit/537.36 (KHTML, like Gecko) Chrome/90.0.4430.85 Safari/537.36 Edg/90.0.818.46" "-"
64.252.112.9 - - [27/Dec/2025:11:41:24 +0000] "GET /index.html HTTP/1.1" 200 1290 "http://abuts.fit/" "Mozilla/5.0 (Macintosh; Intel Mac OS X 10_7_0) AppleWebKit/535.11 (KHTML, like Gecko) Chrome/17.0.963.56 Safari/535.11" "101.91.110.13"
64.252.113.161 - - [27/Dec/2025:11:41:31 +0000] "GET /favicon.ico HTTP/1.1" 200 7645 "http://abuts.fit/favicon.ico" "Mozilla/5.0 (Macintosh; Intel Mac OS X 10_7_0) AppleWebKit/535.11 (KHTML, like Gecko) Chrome/17.0.963.56 Safari/535.11" "101.91.110.133"
64.252.113.82 - - [27/Dec/2025:11:41:35 +0000] "GET /robots.txt HTTP/1.1" 200 160 "http://abuts.fit/robots.txt" "Mozilla/5.0 (Macintosh; Intel Mac OS X 10_7_0) AppleWebKit/535.11 (KHTML, like Gecko) Chrome/17.0.963.56 Safari/535.11" "101.91.110.6"
64.252.113.82 - - [27/Dec/2025:11:41:39 +0000] "GET /sitemap.xml HTTP/1.1" 200 1290 "http://abuts.fit/sitemap.xml" "Mozilla/5.0 (Macintosh; Intel Mac OS X 10_7_0) AppleWebKit/535.11 (KHTML, like Gecko) Chrome/17.0.963.56 Safari/535.11" "101.91.110.16"
167.94.138.45 - - [27/Dec/2025:11:48:28 +0000] "\x16\x03\x01\x00\xEE\x01\x00\x00\xEA\x03\x03\xEF\xE7\x89\xDE\xCE\xDD\xCC\xAF%k.%\x99\xEC\xCF/]\xCF\xAAYJ\x02\xCDr\xDC\xA1\x0CK\x9A\xF3\xCC\xD2 \xD3\xDC\xC8\xDE\xC7\xB5\x1C\x90\xCE\x9E\x97^0\xB2\xEBcX\x08\xCB\x0C\x1D\x80\x06Ne\xA7\xD2\x09tU\xAC\xE0\x00&\xCC\xA8\xCC\xA9\xC0/\xC00\xC0+\xC0,\xC0\x13\xC0\x09\xC0\x14\xC0" 400 150 "-" "-" "-"
167.94.138.45 - - [27/Dec/2025:11:48:29 +0000] "GET /sitemap.xml HTTP/1.1" 200 1290 "-" "Mozilla/5.0 (compatible; CensysInspect/1.1; +https://about.censys.io/)" "-"
167.94.138.45 - - [27/Dec/2025:11:48:35 +0000] "GET /favicon.ico HTTP/1.1" 200 7645 "-" "Mozilla/5.0 (compatible; CensysInspect/1.1; +https://about.censys.io/)" "-"
123.14.99.178 - - [27/Dec/2025:11:57:08 +0000] "GET /boaform/admin/formLogin?username=ec8&psd=ec8 HTTP/1.0" 400 0 "-" "-" "-"
181.143.20.60 - - [27/Dec/2025:12:09:06 +0000] "GET / HTTP/1.1" 200 1290 "-" "Mozilla/5.0 (Windows NT 6.1; WOW64) AppleWebKit/537.36 (KHTML, like Gecko) Chrome/52.0.2743.116 Safari/537.36" "-"
64.252.89.32 - - [27/Dec/2025:12:17:51 +0000] "GET /index.html HTTP/1.1" 200 1290 "http://abuts.fit" "Go-http-client/1.1" "62.109.140.91"
64.252.87.252 - - [27/Dec/2025:12:27:59 +0000] "GET /index.html HTTP/1.1" 200 1290 "-" "Hello from Palo Alto Networks, find out more about our scans in https://docs-cortex.paloaltonetworks.com/r/1/Cortex-Xpanse/Scanning-activity" "147.185.132.91"
43.157.188.74 - - [27/Dec/2025:12:38:30 +0000] "GET / HTTP/1.1" 200 1290 "-" "Mozilla/5.0 (iPhone; CPU iPhone OS 13_2_3 like Mac OS X) AppleWebKit/605.1.15 (KHTML, like Gecko) Version/13.0.3 Mobile/15E148 Safari/604.1" "-"
64.252.105.173 - - [27/Dec/2025:12:47:38 +0000] "GET /wp-login.php HTTP/1.1" 200 1290 "https://www.google.com/search?q=wordpress" "Mozilla/5.0 (Macintosh; Intel Mac OS X 10_15_7) AppleWebKit/537.36 (KHTML, like Gecko) Chrome/120.0.0.0 Safari/537.36" "161.118.245.214"
64.252.104.82 - - [27/Dec/2025:12:47:39 +0000] "GET /wp-admin/ HTTP/1.1" 200 1290 "-" "Mozilla/5.0 (Macintosh; Intel Mac OS X 13_6_1) AppleWebKit/605.1.15 (KHTML, like Gecko) Version/17.2 Safari/605.1.15" "161.118.245.214"
77.83.39.162 - - [27/Dec/2025:12:50:25 +0000] "GET /.git/index HTTP/1.1" 200 1290 "-" "Mozilla/5.0 (Macintosh; Intel Mac OS X 10_13_0) AppleWebKit/537.36 (KHTML, like Gecko) Chrome/76.0.3809.87 Safari/537.36" "-"
79.124.40.174 - - [27/Dec/2025:12:52:51 +0000] "GET /?XDEBUG_SESSION_START=phpstorm HTTP/1.1" 200 1290 "-" "Mozilla/5.0 (Windows NT 10.0; Win64; x64) AppleWebKit/537.36 (KHTML, like Gecko) Chrome/78.0.3904.108 Safari/537.36" "-"
94.26.106.58 - - [27/Dec/2025:12:55:02 +0000] "CONNECT www.cloudflare.com:443 HTTP/1.1" 400 150 "-" "-" "-"
94.26.106.58 - - [27/Dec/2025:12:55:02 +0000] "CONNECT www.google.com:443 HTTP/1.1" 400 150 "-" "-" "-"
54.158.70.239 - - [27/Dec/2025:12:55:20 +0000] "GET / HTTP/1.1" 200 1290 "-" "Mozilla/5.0 (Windows NT 10.0; Win64; x64) AppleWebKit/537.36 (KHTML, like Gecko) Chrome/136.0.0.0 Safari/537.36" "-"
110.39.255.101 - - [27/Dec/2025:12:56:53 +0000] "GET /boaform/admin/formLogin?username=ec8&psd=ec8 HTTP/1.0" 400 0 "-" "-" "-"
204.76.203.219 - - [27/Dec/2025:13:22:32 +0000] "GET / HTTP/1.1" 200 1290 "-" "Mozilla/5.0 (Windows NT 10.0; Win64; x64) AppleWebKit/537.36 (KHTML, like Gecko) Chrome/90.0.4430.85 Safari/537.36 Edg/90.0.818.46" "-"
204.76.203.212 - - [27/Dec/2025:13:47:06 +0000] "GET / HTTP/1.1" 200 1290 "-" "Mozilla/5.0 (Windows NT 10.0; Win64; x64) AppleWebKit/537.36 (KHTML, like Gecko) Chrome/90.0.4430.85 Safari/537.36 Edg/90.0.818.46" "-"
164.92.215.249 - - [27/Dec/2025:13:47:49 +0000] "GET / HTTP/1.1" 200 1290 "-" "Mozilla/5.0 (Windows NT 10.0; Win64; x64) AppleWebKit/537.36 (KHTML, like Gecko) Chrome/125.0.0.0 Safari/537.36" "-"
193.26.115.61 - - [27/Dec/2025:13:59:26 +0000] "GET /.env HTTP/1.1" 200 1290 "-" "Mozilla/5.0 (Windows NT 10.0" "-"
79.124.40.174 - - [27/Dec/2025:14:18:49 +0000] "GET /actuator/gateway/routes HTTP/1.1" 200 1290 "-" "Mozilla/5.0 (Windows NT 10.0; Win64; x64) AppleWebKit/537.36 (KHTML, like Gecko) Chrome/78.0.3904.108 Safari/537.36" "-"
87.236.176.12 - - [27/Dec/2025:14:23:07 +0000] "GET / HTTP/1.1" 200 1290 "-" "Mozilla/5.0 (compatible; InternetMeasurement/1.0; +https://internet-measurement.com/)" "-"
185.242.226.113 - - [27/Dec/2025:14:30:44 +0000] "\x16\x03\x01\x00\x8B\x01\x00\x00\x87\x03\x03\xF2\x90\xCE\x17\x7F\x10\x94h\xC9 \x1Bg1\xF8\xF8:\xC3hitR+S\xB8x" 400 150 "-" "-" "-"
64.252.89.32 - - [27/Dec/2025:14:54:57 +0000] "GET /index.html HTTP/1.1" 200 1290 "http://abuts.fit/" "Mozilla/5.0 (Macintosh; Intel Mac OS X 10_15_7) AppleWebKit/605.1.15 (KHTML, like Gecko) Version/17.3.1 Safari/605.1.1" "93.158.90.168"
207.244.246.26 - - [27/Dec/2025:15:10:16 +0000] "POST /cgi-bin/.%2e/.%2e/.%2e/.%2e/.%2e/.%2e/.%2e/.%2e/.%2e/.%2e/bin/sh HTTP/1.1" 400 150 "-" "-" "-"
207.244.246.26 - - [27/Dec/2025:15:10:17 +0000] "POST /cgi-bin/%%32%65%%32%65/%%32%65%%32%65/%%32%65%%32%65/%%32%65%%32%65/%%32%65%%32%65/%%32%65%%32%65/%%32%65%%32%65/bin/sh HTTP/1.1" 400 150 "-" "-" "-"
207.244.246.26 - - [27/Dec/2025:15:10:17 +0000] "POST /hello.world?%ADd+allow_url_include%3d1+%ADd+auto_prepend_file%3dphp://input HTTP/1.1" 404 9 "-" "libredtail-http" "-"
207.244.246.26 - - [27/Dec/2025:15:10:17 +0000] "POST /?%ADd+allow_url_include%3d1+%ADd+auto_prepend_file%3dphp://input HTTP/1.1" 404 9 "-" "libredtail-http" "-"
207.244.246.26 - - [27/Dec/2025:15:10:17 +0000] "GET /vendor/phpunit/phpunit/src/Util/PHP/eval-stdin.php HTTP/1.1" 200 1290 "-" "libredtail-http" "-"
207.244.246.26 - - [27/Dec/2025:15:10:18 +0000] "GET /vendor/phpunit/phpunit/Util/PHP/eval-stdin.php HTTP/1.1" 200 1290 "-" "libredtail-http" "-"
207.244.246.26 - - [27/Dec/2025:15:10:18 +0000] "GET /vendor/phpunit/src/Util/PHP/eval-stdin.php HTTP/1.1" 200 1290 "-" "libredtail-http" "-"
207.244.246.26 - - [27/Dec/2025:15:10:18 +0000] "GET /vendor/phpunit/Util/PHP/eval-stdin.php HTTP/1.1" 200 1290 "-" "libredtail-http" "-"
207.244.246.26 - - [27/Dec/2025:15:10:20 +0000] "GET /vendor/phpunit/phpunit/LICENSE/eval-stdin.php HTTP/1.1" 200 1290 "-" "libredtail-http" "-"
207.244.246.26 - - [27/Dec/2025:15:10:24 +0000] "GET /vendor/vendor/phpunit/phpunit/src/Util/PHP/eval-stdin.php HTTP/1.1" 200 1290 "-" "libredtail-http" "-"
207.244.246.26 - - [27/Dec/2025:15:10:24 +0000] "GET /phpunit/phpunit/src/Util/PHP/eval-stdin.php HTTP/1.1" 200 1290 "-" "libredtail-http" "-"
207.244.246.26 - - [27/Dec/2025:15:10:25 +0000] "GET /phpunit/phpunit/Util/PHP/eval-stdin.php HTTP/1.1" 200 1290 "-" "libredtail-http" "-"
207.244.246.26 - - [27/Dec/2025:15:10:25 +0000] "GET /phpunit/src/Util/PHP/eval-stdin.php HTTP/1.1" 200 1290 "-" "libredtail-http" "-"
207.244.246.26 - - [27/Dec/2025:15:10:26 +0000] "GET /phpunit/Util/PHP/eval-stdin.php HTTP/1.1" 200 1290 "-" "libredtail-http" "-"
207.244.246.26 - - [27/Dec/2025:15:10:26 +0000] "GET /lib/phpunit/phpunit/src/Util/PHP/eval-stdin.php HTTP/1.1" 200 1290 "-" "libredtail-http" "-"
207.244.246.26 - - [27/Dec/2025:15:10:27 +0000] "GET /lib/phpunit/phpunit/Util/PHP/eval-stdin.php HTTP/1.1" 200 1290 "-" "libredtail-http" "-"
207.244.246.26 - - [27/Dec/2025:15:10:28 +0000] "GET /lib/phpunit/src/Util/PHP/eval-stdin.php HTTP/1.1" 200 1290 "-" "libredtail-http" "-"
207.244.246.26 - - [27/Dec/2025:15:10:30 +0000] "GET /lib/phpunit/Util/PHP/eval-stdin.php HTTP/1.1" 200 1290 "-" "libredtail-http" "-"
207.244.246.26 - - [27/Dec/2025:15:10:30 +0000] "GET /lib/vendor/phpunit/phpunit/src/Util/PHP/eval-stdin.php HTTP/1.1" 200 1290 "-" "libredtail-http" "-"
207.244.246.26 - - [27/Dec/2025:15:10:34 +0000] "GET /laravel/vendor/phpunit/phpunit/src/Util/PHP/eval-stdin.php HTTP/1.1" 200 1290 "-" "libredtail-http" "-"
207.244.246.26 - - [27/Dec/2025:15:10:34 +0000] "GET /www/vendor/phpunit/phpunit/src/Util/PHP/eval-stdin.php HTTP/1.1" 200 1290 "-" "libredtail-http" "-"
207.244.246.26 - - [27/Dec/2025:15:10:35 +0000] "GET /ws/vendor/phpunit/phpunit/src/Util/PHP/eval-stdin.php HTTP/1.1" 200 1290 "-" "libredtail-http" "-"
207.244.246.26 - - [27/Dec/2025:15:10:37 +0000] "GET /yii/vendor/phpunit/phpunit/src/Util/PHP/eval-stdin.php HTTP/1.1" 200 1290 "-" "libredtail-http" "-"
207.244.246.26 - - [27/Dec/2025:15:10:37 +0000] "GET /zend/vendor/phpunit/phpunit/src/Util/PHP/eval-stdin.php HTTP/1.1" 200 1290 "-" "libredtail-http" "-"
207.244.246.26 - - [27/Dec/2025:15:10:37 +0000] "GET /ws/ec/vendor/phpunit/phpunit/src/Util/PHP/eval-stdin.php HTTP/1.1" 200 1290 "-" "libredtail-http" "-"
207.244.246.26 - - [27/Dec/2025:15:10:38 +0000] "GET /V2/vendor/phpunit/phpunit/src/Util/PHP/eval-stdin.php HTTP/1.1" 200 1290 "-" "libredtail-http" "-"
207.244.246.26 - - [27/Dec/2025:15:10:38 +0000] "GET /tests/vendor/phpunit/phpunit/src/Util/PHP/eval-stdin.php HTTP/1.1" 200 1290 "-" "libredtail-http" "-"
207.244.246.26 - - [27/Dec/2025:15:10:38 +0000] "GET /test/vendor/phpunit/phpunit/src/Util/PHP/eval-stdin.php HTTP/1.1" 200 1290 "-" "libredtail-http" "-"
207.244.246.26 - - [27/Dec/2025:15:10:40 +0000] "GET /testing/vendor/phpunit/phpunit/src/Util/PHP/eval-stdin.php HTTP/1.1" 200 1290 "-" "libredtail-http" "-"
207.244.246.26 - - [27/Dec/2025:15:10:40 +0000] "GET /api/vendor/phpunit/phpunit/src/Util/PHP/eval-stdin.php HTTP/1.1" 404 61 "-" "libredtail-http" "-"
207.244.246.26 - - [27/Dec/2025:15:10:40 +0000] "GET /demo/vendor/phpunit/phpunit/src/Util/PHP/eval-stdin.php HTTP/1.1" 200 1290 "-" "libredtail-http" "-"
207.244.246.26 - - [27/Dec/2025:15:10:40 +0000] "GET /cms/vendor/phpunit/phpunit/src/Util/PHP/eval-stdin.php HTTP/1.1" 200 1290 "-" "libredtail-http" "-"
207.244.246.26 - - [27/Dec/2025:15:10:41 +0000] "GET /crm/vendor/phpunit/phpunit/src/Util/PHP/eval-stdin.php HTTP/1.1" 200 1290 "-" "libredtail-http" "-"
207.244.246.26 - - [27/Dec/2025:15:10:41 +0000] "GET /admin/vendor/phpunit/phpunit/src/Util/PHP/eval-stdin.php HTTP/1.1" 200 1290 "-" "libredtail-http" "-"
207.244.246.26 - - [27/Dec/2025:15:10:41 +0000] "GET /backup/vendor/phpunit/phpunit/src/Util/PHP/eval-stdin.php HTTP/1.1" 200 1290 "-" "libredtail-http" "-"
207.244.246.26 - - [27/Dec/2025:15:10:42 +0000] "GET /blog/vendor/phpunit/phpunit/src/Util/PHP/eval-stdin.php HTTP/1.1" 200 1290 "-" "libredtail-http" "-"
207.244.246.26 - - [27/Dec/2025:15:10:42 +0000] "GET /workspace/drupal/vendor/phpunit/phpunit/src/Util/PHP/eval-stdin.php HTTP/1.1" 200 1290 "-" "libredtail-http" "-"
207.244.246.26 - - [27/Dec/2025:15:10:43 +0000] "GET /panel/vendor/phpunit/phpunit/src/Util/PHP/eval-stdin.php HTTP/1.1" 200 1290 "-" "libredtail-http" "-"
207.244.246.26 - - [27/Dec/2025:15:10:44 +0000] "GET /public/vendor/phpunit/phpunit/src/Util/PHP/eval-stdin.php HTTP/1.1" 200 1290 "-" "libredtail-http" "-"
207.244.246.26 - - [27/Dec/2025:15:10:44 +0000] "GET /apps/vendor/phpunit/phpunit/src/Util/PHP/eval-stdin.php HTTP/1.1" 200 1290 "-" "libredtail-http" "-"
207.244.246.26 - - [27/Dec/2025:15:10:48 +0000] "GET /app/vendor/phpunit/phpunit/src/Util/PHP/eval-stdin.php HTTP/1.1" 200 1290 "-" "libredtail-http" "-"
207.244.246.26 - - [27/Dec/2025:15:10:48 +0000] "GET /index.php?s=/index/\x5Cthink\x5Capp/invokefunction&function=call_user_func_array&vars[0]=md5&vars[1][]=Hello HTTP/1.1" 200 1290 "-" "libredtail-http" "-"
207.244.246.26 - - [27/Dec/2025:15:10:49 +0000] "GET /public/index.php?s=/index/\x5Cthink\x5Capp/invokefunction&function=call_user_func_array&vars[0]=md5&vars[1][]=Hello HTTP/1.1" 200 1290 "-" "libredtail-http" "-"
207.244.246.26 - - [27/Dec/2025:15:10:49 +0000] "GET /index.php?lang=../../../../../../../../usr/local/lib/php/pearcmd&+config-create+/&/<?echo(md5(\x22hi\x22));?>+/tmp/index1.php HTTP/1.1" 200 1290 "-" "libredtail-http" "-"
207.244.246.26 - - [27/Dec/2025:15:10:49 +0000] "GET /index.php?lang=../../../../../../../../tmp/index1 HTTP/1.1" 200 1290 "-" "libredtail-http" "-"
207.244.246.26 - - [27/Dec/2025:15:10:50 +0000] "GET /containers/json HTTP/1.1" 200 1290 "-" "libredtail-http" "-"
45.156.87.74 - - [27/Dec/2025:15:27:11 +0000] "CONNECT www.google.com:443 HTTP/1.1" 400 150 "-" "-" "-"
204.76.203.219 - - [27/Dec/2025:15:35:21 +0000] "GET / HTTP/1.1" 200 1290 "-" "Mozilla/5.0 (Windows NT 10.0; Win64; x64) AppleWebKit/537.36 (KHTML, like Gecko) Chrome/90.0.4430.85 Safari/537.36 Edg/90.0.818.46" "-"
45.79.128.205 - - [27/Dec/2025:15:46:51 +0000] "\x16\x03\x01\x01" 400 150 "-" "-" "-"
45.79.128.205 - - [27/Dec/2025:15:46:52 +0000] "\x16\x03\x01\x01" 400 150 "-" "-" "-"
204.76.203.212 - - [27/Dec/2025:15:53:19 +0000] "GET / HTTP/1.1" 200 1290 "-" "Mozilla/5.0 (Windows NT 10.0; Win64; x64) AppleWebKit/537.36 (KHTML, like Gecko) Chrome/90.0.4430.85 Safari/537.36 Edg/90.0.818.46" "-"
79.124.40.174 - - [27/Dec/2025:15:57:21 +0000] "\x16\x03\x01\x05\xA8\x01\x00\x05\xA4\x03\x031\x84N\x0F\xBA`\xB3N\x87J\x9Fh~13\xDF\x0Eb\xFDF\xB3L0|\x85a\x829X\x15\x22\x07 \xD7w\xAC" 400 150 "-" "-" "-"
139.5.0.203 - - [27/Dec/2025:16:04:50 +0000] "GET /boaform/admin/formLogin?username=admin&psd=admin HTTP/1.0" 400 0 "-" "-" "-"
64.252.77.32 - - [27/Dec/2025:16:15:50 +0000] "GET /index.html HTTP/1.1" 200 1290 "http://18.66.147.57:80/" "Amazon CloudFront" "205.210.31.37"
64.252.71.231 - - [27/Dec/2025:16:26:25 +0000] "GET /favicon.ico HTTP/1.1" 200 7645 "-" "Go-http-client/1.1" "106.75.66.162"
64.252.113.82 - - [27/Dec/2025:16:26:26 +0000] "GET /robots.txt HTTP/1.1" 200 160 "-" "Go-http-client/1.1" "106.75.66.162"
64.252.113.82 - - [27/Dec/2025:16:26:26 +0000] "GET /sitemap.xml HTTP/1.1" 200 1290 "-" "Go-http-client/1.1" "106.75.66.162"
13.124.199.84 - - [27/Dec/2025:16:26:36 +0000] "GET /index.html HTTP/1.1" 200 1290 "-" "Mozilla/5.0 (X11; Linux x86_64) AppleWebKit/546.47 (KHTML, like Gecko) Chrome/90.0.1666 Safari/537.36" "106.75.71.166"
64.252.113.161 - - [27/Dec/2025:16:26:39 +0000] "GET /favicon.ico HTTP/1.1" 200 7645 "-" "Go-http-client/1.1" "106.75.71.166"
64.252.113.161 - - [27/Dec/2025:16:26:40 +0000] "GET /assets/index-BxAuyFj6.js HTTP/1.1" 200 506389 "-" "Go-http-client/1.1" "106.75.71.166"
3.172.35.19 - - [27/Dec/2025:16:26:40 +0000] "GET /sitemap.xml HTTP/1.1" 200 1290 "-" "Go-http-client/1.1" "106.75.71.166"
3.172.35.19 - - [27/Dec/2025:16:26:40 +0000] "GET /robots.txt HTTP/1.1" 200 160 "-" "Go-http-client/1.1" "106.75.71.166"
194.187.176.102 - - [27/Dec/2025:16:26:47 +0000] "GET / HTTP/1.1" 200 1290 "-" "Mozilla/5.0 (Windows NT 10.0; Win64; x64; rv:65.0) Gecko/20100101 Firefox/65.0" "-"
194.187.176.213 - - [27/Dec/2025:16:26:47 +0000] "GET /favicon.ico HTTP/1.1" 200 7645 "-" "Mozilla/5.0 (Windows NT 10.0; Win64; x64; rv:65.0) Gecko/20100101 Firefox/65.0" "-"
93.174.93.12 - - [27/Dec/2025:16:27:28 +0000] "\x16\x03\x02\x01o\x01\x00\x01k\x03\x02RH\xC5\x1A#\xF7:N\xDF\xE2\xB4\x82/\xFF\x09T\x9F\xA7\xC4y\xB0h\xC6\x13\x8C\xA4\x1C=\x22\xE1\x1A\x98 \x84\xB4,\x85\xAFn\xE3Y\xBBbhl\xFF(=':\xA9\x82\xD9o\xC8\xA2\xD7\x93\x98\xB4\xEF\x80\xE5\xB9\x90\x00(\xC0" 400 150 "-" "-" "-"
64.252.106.101 - - [27/Dec/2025:16:27:52 +0000] "GET /index.html HTTP/1.1" 200 1290 "-" "Mozilla/5.0 (Windows NT 10.0; Win64; x64) Chrome/120.0.0.0" "123.178.210.38"
64.252.106.191 - - [27/Dec/2025:16:27:55 +0000] "GET /favicon.ico HTTP/1.1" 200 7645 "-" "Mozilla/5.0 (Windows NT 10.0; Win64; x64) Chrome/120.0.0.0" "123.178.210.38"
3.172.16.6 - - [27/Dec/2025:16:27:56 +0000] "GET /index.html HTTP/1.1" 200 1290 "-" "Mozilla/5.0 (Windows NT 10.0; Win64; x64) Chrome/120.0.0.0" "123.178.210.38"
3.172.16.6 - - [27/Dec/2025:16:27:59 +0000] "GET /index.html HTTP/1.1" 200 1290 "-" "Mozilla/5.0 (Windows NT 10.0; Win64; x64) Chrome/120.0.0.0" "123.178.210.38"
64.252.106.157 - - [27/Dec/2025:16:27:59 +0000] "GET /Alvin9999/https/fanfan1.net/daohang/ HTTP/1.1" 200 1290 "-" "Mozilla/5.0 (Windows NT 10.0; Win64; x64) Chrome/120.0.0.0" "123.178.210.38"
64.252.106.191 - - [27/Dec/2025:16:28:01 +0000] "GET /officialsite HTTP/1.1" 200 1290 "-" "Mozilla/5.0 (Windows NT 10.0; Win64; x64) Chrome/120.0.0.0" "123.178.210.38"
64.252.105.173 - - [27/Dec/2025:16:28:01 +0000] "GET /favicon.ico HTTP/1.1" 200 7645 "-" "Mozilla/5.0 (Windows NT 10.0; Win64; x64) Chrome/120.0.0.0" "175.30.48.246"
3.172.16.6 - - [27/Dec/2025:16:28:02 +0000] "GET /index.html HTTP/1.1" 200 1290 "-" "Mozilla/5.0 (Windows NT 10.0; Win64; x64) Chrome/120.0.0.0" "123.178.210.38"
64.252.105.173 - - [27/Dec/2025:16:28:02 +0000] "GET /index.html HTTP/1.1" 200 1290 "-" "Mozilla/5.0 (Windows NT 10.0; Win64; x64) Chrome/120.0.0.0" "175.30.48.246"
64.252.106.101 - - [27/Dec/2025:16:28:02 +0000] "GET /static/favicon.ico HTTP/1.1" 200 1290 "-" "Mozilla/5.0 (Windows NT 10.0; Win64; x64) Chrome/120.0.0.0" "123.178.210.38"
3.172.61.20 - - [27/Dec/2025:16:28:02 +0000] "GET /index.html HTTP/1.1" 200 1290 "-" "Mozilla/5.0 (Windows NT 10.0; Win64; x64) Chrome/120.0.0.0" "175.30.48.246"
64.252.106.101 - - [27/Dec/2025:16:28:04 +0000] "GET /images/logo-cn-352x97_1.png HTTP/1.1" 200 1290 "-" "Mozilla/5.0 (Windows NT 10.0; Win64; x64) Chrome/120.0.0.0" "123.178.210.38"
64.252.106.101 - - [27/Dec/2025:16:28:04 +0000] "GET /assets/images/logo-cn-vpnweb.png HTTP/1.1" 200 1290 "-" "Mozilla/5.0 (Windows NT 10.0; Win64; x64) Chrome/120.0.0.0" "123.178.210.38"
64.252.102.227 - - [27/Dec/2025:16:28:05 +0000] "GET /aaabbbccc HTTP/1.1" 200 1290 "-" "Mozilla/5.0 (Windows NT 10.0; Win64; x64) Chrome/120.0.0.0" "175.30.48.246"
64.252.106.101 - - [27/Dec/2025:16:28:05 +0000] "GET /static/images/home/VPNlogo.png HTTP/1.1" 200 1290 "-" "Mozilla/5.0 (Windows NT 10.0; Win64; x64) Chrome/120.0.0.0" "123.178.210.38"
64.252.73.206 - - [27/Dec/2025:16:28:05 +0000] "GET /index.html HTTP/1.1" 200 1290 "-" "Mozilla/5.0 (Windows NT 10.0; Win64; x64) Chrome/120.0.0.0" "223.199.178.156"
64.252.102.227 - - [27/Dec/2025:16:28:07 +0000] "GET /1 HTTP/1.1" 200 1290 "-" "Mozilla/5.0 (Windows NT 10.0; Win64; x64) Chrome/120.0.0.0" "175.30.48.246"
64.252.106.157 - - [27/Dec/2025:16:28:08 +0000] "GET /img/logo.png HTTP/1.1" 200 1290 "-" "Mozilla/5.0 (Windows NT 10.0; Win64; x64) Chrome/120.0.0.0" "123.178.210.38"
64.252.105.173 - - [27/Dec/2025:16:28:09 +0000] "GET /fb HTTP/1.1" 200 1290 "-" "Mozilla/5.0 (Windows NT 10.0; Win64; x64) Chrome/120.0.0.0" "175.30.48.246"
64.252.102.227 - - [27/Dec/2025:16:28:10 +0000] "GET /fwc HTTP/1.1" 200 1290 "-" "Mozilla/5.0 (Windows NT 10.0; Win64; x64) Chrome/120.0.0.0" "175.30.48.246"
64.252.104.82 - - [27/Dec/2025:16:28:10 +0000] "GET /fzh HTTP/1.1" 200 1290 "-" "Mozilla/5.0 (Windows NT 10.0; Win64; x64) Chrome/120.0.0.0" "175.30.48.246"
64.252.106.157 - - [27/Dec/2025:16:28:11 +0000] "GET /static/icon/bjch.png HTTP/1.1" 200 1290 "-" "Mozilla/5.0 (Windows NT 10.0; Win64; x64) Chrome/120.0.0.0" "123.178.210.38"
64.252.105.173 - - [27/Dec/2025:16:28:11 +0000] "GET /res/favicon.ico HTTP/1.1" 200 1290 "-" "Mozilla/5.0 (Windows NT 10.0; Win64; x64) Chrome/120.0.0.0" "175.30.48.246"
64.252.89.32 - - [27/Dec/2025:16:28:13 +0000] "GET /index.html HTTP/1.1" 200 1290 "-" "Mozilla/5.0 (Windows NT 10.0; Win64; x64) Chrome/120.0.0.0" "139.212.68.186"
64.252.89.137 - - [27/Dec/2025:16:28:14 +0000] "GET /assets/favicon-aOK6_042.ico HTTP/1.1" 200 1290 "-" "Mozilla/5.0 (Windows NT 10.0; Win64; x64) Chrome/120.0.0.0" "139.212.68.186"
64.252.102.227 - - [27/Dec/2025:16:28:14 +0000] "GET /images/01.jpg HTTP/1.1" 200 1290 "-" "Mozilla/5.0 (Windows NT 10.0; Win64; x64) Chrome/120.0.0.0" "175.30.48.246"
64.252.89.137 - - [27/Dec/2025:16:28:14 +0000] "GET /wp-content/uploads/2020/10/official-logo-512x512.png HTTP/1.1" 200 1290 "-" "Mozilla/5.0 (Windows NT 10.0; Win64; x64) Chrome/120.0.0.0" "139.212.68.186"
64.252.104.82 - - [27/Dec/2025:16:28:14 +0000] "GET /wp-content/uploads/2023/02/1677572030-814390417fe413b.png HTTP/1.1" 200 1290 "-" "Mozilla/5.0 (Windows NT 10.0; Win64; x64) Chrome/120.0.0.0" "175.30.48.246"
64.252.106.101 - - [27/Dec/2025:16:28:15 +0000] "GET /assets/images/icon-vpnweb.ico HTTP/1.1" 200 1290 "-" "Mozilla/5.0 (Windows NT 10.0; Win64; x64) Chrome/120.0.0.0" "123.178.210.38"
64.252.89.32 - - [27/Dec/2025:16:28:15 +0000] "GET /favicon.ico HTTP/1.1" 200 7645 "-" "Mozilla/5.0 (Windows NT 10.0; Win64; x64) Chrome/120.0.0.0" "139.212.68.186"
64.252.87.252 - - [27/Dec/2025:16:28:16 +0000] "GET /icons/favicon.ico HTTP/1.1" 200 1290 "-" "Mozilla/5.0 (Windows NT 10.0; Win64; x64) Chrome/120.0.0.0" "139.212.68.186"
64.252.105.173 - - [27/Dec/2025:16:28:17 +0000] "GET /wp-content/uploads/2023/08/logo-gold.png HTTP/1.1" 200 1290 "-" "Mozilla/5.0 (Windows NT 10.0; Win64; x64) Chrome/120.0.0.0" "175.30.48.246"
64.252.89.137 - - [27/Dec/2025:16:28:17 +0000] "GET /favicon-32x32.png?v=e0e3ed8f59d769b053c145391db63c0d HTTP/1.1" 200 1290 "-" "Mozilla/5.0 (Windows NT 10.0; Win64; x64) Chrome/120.0.0.0" "139.212.68.186"
64.252.106.191 - - [27/Dec/2025:16:28:18 +0000] "GET /assets/images/official-site/favicon.ico HTTP/1.1" 200 1290 "-" "Mozilla/5.0 (Windows NT 10.0; Win64; x64) Chrome/120.0.0.0" "123.178.210.38"
64.252.106.191 - - [27/Dec/2025:16:28:19 +0000] "GET /v1/file/icon/seo/cdc3fff6-6034-46fb-8ef3-1746e374d4fc.png HTTP/1.1" 200 1290 "-" "Mozilla/5.0 (Windows NT 10.0; Win64; x64) Chrome/120.0.0.0" "123.178.210.38"
3.172.61.20 - - [27/Dec/2025:16:28:20 +0000] "GET /index.html HTTP/1.1" 200 1290 "-" "Mozilla/5.0 (Windows NT 10.0; Win64; x64) Chrome/120.0.0.0" "175.30.48.246"
64.252.106.101 - - [27/Dec/2025:16:28:21 +0000] "GET /fav-icon.ico HTTP/1.1" 200 1290 "-" "Mozilla/5.0 (Windows NT 10.0; Win64; x64) Chrome/120.0.0.0" "123.178.210.38"
64.252.106.101 - - [27/Dec/2025:16:28:23 +0000] "GET /image/logo.ico HTTP/1.1" 200 1290 "-" "Mozilla/5.0 (Windows NT 10.0; Win64; x64) Chrome/120.0.0.0" "123.178.210.38"
64.252.106.101 - - [27/Dec/2025:16:28:24 +0000] "GET /images/default.png HTTP/1.1" 200 1290 "-" "Mozilla/5.0 (Windows NT 10.0; Win64; x64) Chrome/120.0.0.0" "123.178.210.38"
64.252.106.157 - - [27/Dec/2025:16:28:24 +0000] "GET /static/image/logo2.png HTTP/1.1" 200 1290 "-" "Mozilla/5.0 (Windows NT 10.0; Win64; x64) Chrome/120.0.0.0" "123.178.210.38"
64.252.106.157 - - [27/Dec/2025:16:28:25 +0000] "GET /themes/custom/ahaspeed/favicon.ico HTTP/1.1" 200 1290 "-" "Mozilla/5.0 (Windows NT 10.0; Win64; x64) Chrome/120.0.0.0" "123.178.210.38"
3.172.16.6 - - [27/Dec/2025:16:28:26 +0000] "GET /favicon.ico HTTP/1.1" 200 7645 "-" "Mozilla/5.0 (Windows NT 10.0; Win64; x64) Chrome/120.0.0.0" "123.178.210.38"
64.252.106.101 - - [27/Dec/2025:16:28:27 +0000] "GET /image/favicon.png HTTP/1.1" 200 1290 "-" "Mozilla/5.0 (Windows NT 10.0; Win64; x64) Chrome/120.0.0.0" "123.178.210.38"
64.252.106.157 - - [27/Dec/2025:16:28:29 +0000] "GET /image/favicon.ico HTTP/1.1" 200 1290 "-" "Mozilla/5.0 (Windows NT 10.0; Win64; x64) Chrome/120.0.0.0" "123.178.210.38"
64.252.106.191 - - [27/Dec/2025:16:28:30 +0000] "GET /images/log1.png HTTP/1.1" 200 1290 "-" "Mozilla/5.0 (Windows NT 10.0; Win64; x64) Chrome/120.0.0.0" "123.178.210.38"
64.252.106.101 - - [27/Dec/2025:16:28:33 +0000] "GET /details/images/favicon.ico HTTP/1.1" 200 1290 "-" "Mozilla/5.0 (Windows NT 10.0; Win64; x64) Chrome/120.0.0.0" "123.178.210.38"
64.252.106.157 - - [27/Dec/2025:16:28:34 +0000] "GET /images/favicon.png HTTP/1.1" 200 1290 "-" "Mozilla/5.0 (Windows NT 10.0; Win64; x64) Chrome/120.0.0.0" "123.178.210.38"
64.252.106.191 - - [27/Dec/2025:16:28:39 +0000] "GET /txpro/img/html_icon.ico HTTP/1.1" 200 1290 "-" "Mozilla/5.0 (Windows NT 10.0; Win64; x64) Chrome/120.0.0.0" "123.178.210.38"
64.252.102.227 - - [27/Dec/2025:16:28:40 +0000] "GET /txpro/img/html_icon.ico HTTP/1.1" 200 1290 "-" "Mozilla/5.0 (Windows NT 10.0; Win64; x64) Chrome/120.0.0.0" "101.249.63.1"
64.252.105.173 - - [27/Dec/2025:16:28:41 +0000] "GET /assets/fire_admin/images/logo.png HTTP/1.1" 200 1290 "-" "Mozilla/5.0 (Windows NT 10.0; Win64; x64) Chrome/120.0.0.0" "101.249.63.1"
64.252.77.32 - - [27/Dec/2025:16:28:41 +0000] "GET /index.html HTTP/1.1" 200 1290 "-" "Mozilla/5.0 (Windows NT 10.0; Win64; x64) Chrome/120.0.0.0" "220.167.232.2"
64.252.104.82 - - [27/Dec/2025:16:28:41 +0000] "GET /statics/abc/images/tu/abcpppin_03.png HTTP/1.1" 200 1290 "-" "Mozilla/5.0 (Windows NT 10.0; Win64; x64) Chrome/120.0.0.0" "101.249.63.1"
64.252.104.82 - - [27/Dec/2025:16:28:41 +0000] "GET /images/pc/logo.png HTTP/1.1" 200 1290 "-" "Mozilla/5.0 (Windows NT 10.0; Win64; x64) Chrome/120.0.0.0" "101.249.63.1"
64.252.105.173 - - [27/Dec/2025:16:28:42 +0000] "GET /images/favicon-icon.png HTTP/1.1" 200 1290 "-" "Mozilla/5.0 (Windows NT 10.0; Win64; x64) Chrome/120.0.0.0" "101.249.63.1"
64.252.102.227 - - [27/Dec/2025:16:28:42 +0000] "GET /images/favicon-196x196.png HTTP/1.1" 200 1290 "-" "Mozilla/5.0 (Windows NT 10.0; Win64; x64) Chrome/120.0.0.0" "101.249.63.1"
64.252.102.227 - - [27/Dec/2025:16:28:42 +0000] "GET /assets/img/favicon.png HTTP/1.1" 200 1290 "-" "Mozilla/5.0 (Windows NT 10.0; Win64; x64) Chrome/120.0.0.0" "101.249.63.1"
64.252.104.82 - - [27/Dec/2025:16:28:42 +0000] "GET /static/images/logo.png HTTP/1.1" 200 1290 "-" "Mozilla/5.0 (Windows NT 10.0; Win64; x64) Chrome/120.0.0.0" "101.249.63.1"
64.252.102.227 - - [27/Dec/2025:16:28:43 +0000] "GET /images/favicon.ico HTTP/1.1" 200 1290 "-" "Mozilla/5.0 (Windows NT 10.0; Win64; x64) Chrome/120.0.0.0" "101.249.63.1"
64.252.104.82 - - [27/Dec/2025:16:28:43 +0000] "GET /static/picture/logo_jg2.png HTTP/1.1" 200 1290 "-" "Mozilla/5.0 (Windows NT 10.0; Win64; x64) Chrome/120.0.0.0" "101.249.63.1"
64.252.102.227 - - [27/Dec/2025:16:28:43 +0000] "GET /favicon.png HTTP/1.1" 200 1290 "-" "Mozilla/5.0 (Windows NT 10.0; Win64; x64) Chrome/120.0.0.0" "101.249.63.1"
64.252.102.227 - - [27/Dec/2025:16:28:44 +0000] "GET /theme/Bob-Theme-Argon/favicon.ico HTTP/1.1" 200 1290 "-" "Mozilla/5.0 (Windows NT 10.0; Win64; x64) Chrome/120.0.0.0" "101.249.63.1"
64.252.102.227 - - [27/Dec/2025:16:28:45 +0000] "GET /imgs/logox.png HTTP/1.1" 200 1290 "-" "Mozilla/5.0 (Windows NT 10.0; Win64; x64) Chrome/120.0.0.0" "101.249.63.1"
64.252.104.82 - - [27/Dec/2025:16:28:46 +0000] "GET /assets/index/kuailian/image/favicon.ico HTTP/1.1" 200 1290 "-" "Mozilla/5.0 (Windows NT 10.0; Win64; x64) Chrome/120.0.0.0" "101.249.63.1"
64.252.104.82 - - [27/Dec/2025:16:28:47 +0000] "GET /img/logo_512.png HTTP/1.1" 200 1290 "-" "Mozilla/5.0 (Windows NT 10.0; Win64; x64) Chrome/120.0.0.0" "101.249.63.1"
64.252.71.231 - - [27/Dec/2025:16:29:02 +0000] "GET /favicon.ico HTTP/1.1" 200 7645 "-" "Mozilla/5.0 (Windows NT 10.0; Win64; x64) Chrome/120.0.0.0" "182.119.230.121"
64.252.68.188 - - [27/Dec/2025:16:29:06 +0000] "GET /index.html HTTP/1.1" 200 1290 "-" "Mozilla/5.0 (Windows NT 10.0; Win64; x64) Chrome/120.0.0.0" "27.47.27.52"
64.252.113.161 - - [27/Dec/2025:16:29:15 +0000] "GET /favicon.ico HTTP/1.1" 200 7645 "-" "Mozilla/5.0 (Windows NT 10.0; Win64; x64) Chrome/120.0.0.0" "47.90.213.220"
64.252.112.9 - - [27/Dec/2025:16:29:20 +0000] "GET /index.html HTTP/1.1" 200 1290 "-" "Mozilla/5.0 (Windows NT 10.0; Win64; x64) Chrome/120.0.0.0" "42.48.38.167"
64.252.112.9 - - [27/Dec/2025:16:29:23 +0000] "GET /index.html HTTP/1.1" 200 1290 "-" "Mozilla/5.0 (Windows NT 10.0; Win64; x64) Chrome/120.0.0.0" "47.90.213.220"
64.252.68.188 - - [27/Dec/2025:16:29:25 +0000] "GET /index.html HTTP/1.1" 200 1290 "-" "Mozilla/5.0 (Windows NT 10.0; Win64; x64) Chrome/120.0.0.0" "110.177.181.2"
64.252.113.82 - - [27/Dec/2025:16:29:25 +0000] "GET /aaabbbccc HTTP/1.1" 200 1290 "-" "Mozilla/5.0 (Windows NT 10.0; Win64; x64) Chrome/120.0.0.0" "47.90.213.220"
3.172.47.87 - - [27/Dec/2025:16:29:29 +0000] "GET /index.html HTTP/1.1" 200 1290 "-" "Mozilla/5.0 (Windows NT 10.0; Win64; x64) Chrome/120.0.0.0" "47.90.213.220"
64.252.113.161 - - [27/Dec/2025:16:29:32 +0000] "GET /fb HTTP/1.1" 200 1290 "-" "Mozilla/5.0 (Windows NT 10.0; Win64; x64) Chrome/120.0.0.0" "47.90.213.220"
64.252.68.50 - - [27/Dec/2025:16:29:34 +0000] "GET /favicon.ico HTTP/1.1" 200 7645 "-" "Mozilla/5.0 (Windows NT 10.0; Win64; x64) Chrome/120.0.0.0" "110.177.181.2"
64.252.112.9 - - [27/Dec/2025:16:29:36 +0000] "GET /fwc HTTP/1.1" 200 1290 "-" "Mozilla/5.0 (Windows NT 10.0; Win64; x64) Chrome/120.0.0.0" "47.90.213.220"
18.68.4.146 - - [27/Dec/2025:16:29:38 +0000] "GET /index.html HTTP/1.1" 200 1290 "-" "Mozilla/5.0 (Windows NT 10.0; Win64; x64) Chrome/120.0.0.0" "110.177.181.2"
18.68.4.146 - - [27/Dec/2025:16:29:38 +0000] "GET /index.html HTTP/1.1" 200 1290 "-" "Mozilla/5.0 (Windows NT 10.0; Win64; x64) Chrome/120.0.0.0" "110.177.181.2"
