64.252.68.50 - - [26/Dec/2025:16:33:52 +0000] "GET //site/wp-includes/wlwmanifest.xml HTTP/1.1" 200 1290 "-" "Mozilla/5.0 (Windows NT 10.0; Win64; x64) AppleWebKit/537.36 (KHTML, like Gecko) Chrome/88.0.4240.193 Safari/537.36" "35.245.5.169"
64.252.68.43 - - [26/Dec/2025:16:33:53 +0000] "GET //cms/wp-includes/wlwmanifest.xml HTTP/1.1" 200 1290 "-" "Mozilla/5.0 (Windows NT 10.0; Win64; x64) AppleWebKit/537.36 (KHTML, like Gecko) Chrome/88.0.4240.193 Safari/537.36" "35.245.5.169"
64.252.66.55 - - [26/Dec/2025:16:33:53 +0000] "GET //sito/wp-includes/wlwmanifest.xml HTTP/1.1" 200 1290 "-" "Mozilla/5.0 (Windows NT 10.0; Win64; x64) AppleWebKit/537.36 (KHTML, like Gecko) Chrome/88.0.4240.193 Safari/537.36" "35.245.5.169"
64.252.105.173 - - [26/Dec/2025:16:34:06 +0000] "GET /index.html HTTP/1.1" 200 1290 "http://abuts.fit" "Mozilla/5.0 (iPhone; CPU iPhone OS 13_2_3 like Mac OS X) AppleWebKit/605.1.15 (KHTML, like Gecko) Version/13.0.3 Mobile/15E148 Safari/604.1" "43.156.202.34"
64.252.77.32 - - [26/Dec/2025:16:49:41 +0000] "GET /index.html HTTP/1.1" 200 1290 "http://abuts.fit" "Mozilla/5.0 (Windows NT 10.0) AppleWebKit/537.36 (KHTML, like Gecko) Chrome/106.0.0.0 Safari/537.36" "205.169.39.18"
18.68.4.146 - - [26/Dec/2025:16:59:24 +0000] "GET /robots.txt HTTP/1.1" 200 160 "-" "Mozilla/5.0 (compatible; Googlebot/2.1; +http://www.google.com/bot.html)" "66.249.64.75"
64.252.66.55 - - [26/Dec/2025:16:59:24 +0000] "GET /index.html HTTP/1.1" 200 1290 "-" "Mozilla/5.0 (Linux; Android 6.0.1; Nexus 5X Build/MMB29P) AppleWebKit/537.36 (KHTML, like Gecko) Chrome/141.0.7390.122 Mobile Safari/537.36 (compatible; Googlebot/2.1; +http://www.google.com/bot.html)" "66.249.64.73"
64.252.68.43 - - [26/Dec/2025:16:59:44 +0000] "GET /assets/index-GkCIhmGY.css HTTP/1.1" 200 106158 "-" "Mozilla/5.0 (Linux; Android 6.0.1; Nexus 5X Build/MMB29P) AppleWebKit/537.36 (KHTML, like Gecko) Chrome/141.0.7390.122 Mobile Safari/537.36 (compatible; Googlebot/2.1; +http://www.google.com/bot.html)" "66.249.64.73"
64.252.68.43 - - [26/Dec/2025:16:59:44 +0000] "GET /assets/index-BxAuyFj6.js HTTP/1.1" 200 506389 "-" "Mozilla/5.0 (Linux; Android 6.0.1; Nexus 5X Build/MMB29P) AppleWebKit/537.36 (KHTML, like Gecko) Chrome/141.0.7390.122 Mobile Safari/537.36 (compatible; Googlebot/2.1; +http://www.google.com/bot.html)" "66.249.64.74"
64.252.66.13 - - [26/Dec/2025:16:59:46 +0000] "GET /assets/chart-column-DhJCbCQZ.js HTTP/1.1" 200 419 "-" "Mozilla/5.0 (Linux; Android 6.0.1; Nexus 5X Build/MMB29P) AppleWebKit/537.36 (KHTML, like Gecko) Chrome/141.0.7390.122 Mobile Safari/537.36 (compatible; Googlebot/2.1; +http://www.google.com/bot.html)" "66.249.64.74"
64.252.68.43 - - [26/Dec/2025:16:59:47 +0000] "GET /assets/Index-CPNpsF9B.js HTTP/1.1" 200 12184 "-" "Mozilla/5.0 (Linux; Android 6.0.1; Nexus 5X Build/MMB29P) AppleWebKit/537.36 (KHTML, like Gecko) Chrome/141.0.7390.122 Mobile Safari/537.36 (compatible; Googlebot/2.1; +http://www.google.com/bot.html)" "66.249.64.73"
64.252.68.43 - - [26/Dec/2025:16:59:49 +0000] "GET /assets/zap-B81_Q0PE.js HTTP/1.1" 200 431 "-" "Mozilla/5.0 (Linux; Android 6.0.1; Nexus 5X Build/MMB29P) AppleWebKit/537.36 (KHTML, like Gecko) Chrome/141.0.7390.122 Mobile Safari/537.36 (compatible; Googlebot/2.1; +http://www.google.com/bot.html)" "66.249.64.73"
64.252.66.13 - - [26/Dec/2025:16:59:49 +0000] "GET /api/filename-rules HTTP/1.1" 200 1948 "-" "Mozilla/5.0 (Linux; Android 6.0.1; Nexus 5X Build/MMB29P) AppleWebKit/537.36 (KHTML, like Gecko) Chrome/141.0.7390.122 Mobile Safari/537.36 (compatible; Googlebot/2.1; +http://www.google.com/bot.html)" "66.249.64.73"
64.252.68.50 - - [26/Dec/2025:16:59:50 +0000] "GET /assets/logo-B2Aljd7V.js HTTP/1.1" 200 52 "-" "Mozilla/5.0 (Linux; Android 6.0.1; Nexus 5X Build/MMB29P) AppleWebKit/537.36 (KHTML, like Gecko) Chrome/141.0.7390.122 Mobile Safari/537.36 (compatible; Googlebot/2.1; +http://www.google.com/bot.html)" "66.249.64.73"
64.252.66.55 - - [26/Dec/2025:16:59:50 +0000] "GET /assets/upload-CgLnDDxD.js HTTP/1.1" 200 426 "-" "Mozilla/5.0 (Linux; Android 6.0.1; Nexus 5X Build/MMB29P) AppleWebKit/537.36 (KHTML, like Gecko) Chrome/141.0.7390.122 Mobile Safari/537.36 (compatible; Googlebot/2.1; +http://www.google.com/bot.html)" "66.249.64.73"
64.252.68.50 - - [26/Dec/2025:16:59:50 +0000] "GET /assets/Footer-C_MkLK1r.js HTTP/1.1" 200 8472 "-" "Mozilla/5.0 (Linux; Android 6.0.1; Nexus 5X Build/MMB29P) AppleWebKit/537.36 (KHTML, like Gecko) Chrome/141.0.7390.122 Mobile Safari/537.36 (compatible; Googlebot/2.1; +http://www.google.com/bot.html)" "66.249.64.73"
91.224.92.121 - - [26/Dec/2025:17:13:44 +0000] "OPTIONS / HTTP/1.1" 204 0 "-" "Mozilla/5.0 (Windows NT 10.0; Win64; x64) AppleWebKit/537.36 (KHTML, like Gecko) Chrome/114.0.5735.199 Safari/537.36" "-"
89.42.231.239 - - [26/Dec/2025:17:15:37 +0000] "GET /SDK/webLanguage HTTP/1.1" 200 1290 "-" "Mozilla/5.0 (Windows NT 10.0; Win64; x64) AppleWebKit/537.36 (KHTML, like Gecko) Chrome/90.0.4430.85 Safari/537.36 Edg/90.0.818.46" "-"
89.42.231.239 - - [26/Dec/2025:17:25:07 +0000] "GET / HTTP/1.1" 200 1290 "-" "-" "-"
204.76.203.219 - - [26/Dec/2025:17:35:57 +0000] "GET / HTTP/1.1" 200 1290 "-" "Mozilla/5.0 (Windows NT 10.0; Win64; x64) AppleWebKit/537.36 (KHTML, like Gecko) Chrome/90.0.4430.85 Safari/537.36 Edg/90.0.818.46" "-"
204.76.203.212 - - [26/Dec/2025:18:38:56 +0000] "GET / HTTP/1.1" 200 1290 "-" "Mozilla/5.0 (Windows NT 10.0; Win64; x64) AppleWebKit/537.36 (KHTML, like Gecko) Chrome/90.0.4430.85 Safari/537.36 Edg/90.0.818.46" "-"
91.230.168.19 - - [26/Dec/2025:18:41:57 +0000] "\x16\x03\x03\x01\xA6\x01\x00\x01\xA2\x03\x03\x1DC\x80\xAB\xC4\xAE\x1A\x82\xC7->\xD0g*B\x13B\xAD\xDE_\xB7\xE9\x92@\xD7\x84?\xF1\x1E\x918\x16 *\x83\xD1[z\xAD\x9D\x06\x9A+\xF5" 400 150 "-" "-" "-"
91.230.168.19 - - [26/Dec/2025:18:42:00 +0000] "GET / HTTP/1.1" 200 1290 "-" "Mozilla/5.0 (X11; Ubuntu; Linux x86_64; rv:134.0) Gecko/20100101 Firefox/134.0" "-"
91.230.168.175 - - [26/Dec/2025:18:44:32 +0000] "GET /favicon.ico HTTP/1.1" 200 7645 "-" "Mozilla/5.0 (X11; Ubuntu; Linux x86_64; rv:134.0) Gecko/20100101 Firefox/134.0" "-"
91.196.152.1 - - [26/Dec/2025:18:47:13 +0000] "\x16\x03\x03\x01\xA6\x01\x00\x01\xA2\x03\x039\xE4/\x1D\xC1\xAD\xA8\xED\x1B.\x1D\xFF\xEC\xFB~\x09<\xEF/j\xC0\xF7\xAE\x1E\x0F\x00K'\x99j\xF7. \x93\xE9}G\x93\xAA/\xDC`z'\xDA\xC4d \x91\x1B\x03\xFB8\xF6\x1A/\x07\xA31\xFC\xA3\xF0\xF4C\xA1\x00\x8A\x00\x16\x003\x00g\xC0\x9E\xC0\xA2\x00\x9E\x009\x00k\xC0\x9F\xC0\xA3\x00\x9F\x00E\x00\xBE\x00\x88\x00\xC4\x00\x9A\xC0\x08\xC0\x09\xC0#\xC0\xAC\xC0\xAE\xC0+\xC0" 400 150 "-" "-" "-"
91.196.152.88 - - [26/Dec/2025:18:47:16 +0000] "GET / HTTP/1.1" 200 1290 "-" "Mozilla/5.0 (X11; Ubuntu; Linux x86_64; rv:134.0) Gecko/20100101 Firefox/134.0" "-"
91.196.152.121 - - [26/Dec/2025:18:49:12 +0000] "GET /favicon.ico HTTP/1.1" 200 7645 "-" "Mozilla/5.0 (X11; Ubuntu; Linux x86_64; rv:134.0) Gecko/20100101 Firefox/134.0" "-"
141.98.11.140 - - [26/Dec/2025:18:55:22 +0000] "GET / HTTP/1.1" 200 1290 "-" "-" "-"
185.242.226.113 - - [26/Dec/2025:19:19:21 +0000] "\x16\x03\x01\x00\x8B\x01\x00\x00\x87\x03\x03~\xB7\xD9-\x95d-\x95\xA3\x90\x8C\xA9\x99\xDFbvI\xF96\xB3\x9E\x87u\x06;9?G\x08#<\x97\x00\x00\x1A\xC0/\xC0+\xC0\x11\xC0\x07\xC0\x13\xC0\x09\xC0\x14\xC0" 400 150 "-" "-" "-"
103.203.56.3 - - [26/Dec/2025:19:25:09 +0000] "GET / HTTP/1.1" 200 1290 "-" "HTTP Banner Detection (https://security.ipip.net)" "-"
204.76.203.219 - - [26/Dec/2025:19:33:22 +0000] "GET / HTTP/1.1" 200 1290 "-" "Mozilla/5.0 (Windows NT 10.0; Win64; x64) AppleWebKit/537.36 (KHTML, like Gecko) Chrome/90.0.4430.85 Safari/537.36 Edg/90.0.818.46" "-"
198.235.24.253 - - [26/Dec/2025:19:50:14 +0000] "GET / HTTP/1.0" 400 0 "-" "Hello from Palo Alto Networks, find out more about our scans in https://docs-cortex.paloaltonetworks.com/r/1/Cortex-Xpanse/Scanning-activity" "-"
20.163.33.22 - - [26/Dec/2025:19:56:45 +0000] "GET /portal/redlion HTTP/1.1" 200 1290 "-" "Mozilla/5.0 zgrab/0.x" "-"
43.130.40.120 - - [26/Dec/2025:19:57:26 +0000] "GET / HTTP/1.1" 200 1290 "-" "Mozilla/5.0 (iPhone; CPU iPhone OS 13_2_3 like Mac OS X) AppleWebKit/605.1.15 (KHTML, like Gecko) Version/13.0.3 Mobile/15E148 Safari/604.1" "-"
64.252.73.206 - - [26/Dec/2025:20:05:19 +0000] "GET /robots.txt HTTP/1.1" 200 160 "-" "Mozilla/5.0 AppleWebKit/537.36 (KHTML, like Gecko; compatible; bingbot/2.0; +http://www.bing.com/bingbot.htm) Chrome/116.0.1938.76 Safari/537.36" "52.167.144.59"
64.252.73.206 - - [26/Dec/2025:20:05:26 +0000] "GET /index.html HTTP/1.1" 200 1290 "-" "Mozilla/5.0 AppleWebKit/537.36 (KHTML, like Gecko; compatible; bingbot/2.0; +http://www.bing.com/bingbot.htm) Chrome/116.0.1938.76 Safari/537.36" "40.77.167.77"
64.252.89.137 - - [26/Dec/2025:20:07:38 +0000] "GET /wp-admin/setup-config.php HTTP/1.1" 200 1290 "-" "http://abuts.fit/wp-admin/setup-config.php" "2a06:98c0:3600::103, 172.71.184.181"
89.42.231.239 - - [26/Dec/2025:20:08:46 +0000] "GET / HTTP/1.1" 200 1290 "-" "-" "-"
64.252.87.252 - - [26/Dec/2025:20:10:06 +0000] "GET /wordpress/wp-admin/setup-config.php HTTP/1.1" 200 1290 "-" "https://abuts.fit/wordpress/wp-admin/setup-config.php" "2a06:98c0:3600::103, 104.23.221.37"
15.158.30.83 - - [26/Dec/2025:20:10:11 +0000] "GET /wordpress/wp-admin/setup-config.php HTTP/1.1" 200 1290 "-" "http://abuts.fit/wordpress/wp-admin/setup-config.php" "2a06:98c0:3600::103, 104.23.221.37"
64.252.89.137 - - [26/Dec/2025:20:10:49 +0000] "GET /wp-admin/setup-config.php HTTP/1.1" 200 1290 "-" "Mozilla/5.0 (Windows NT 10.0; Win64; x64) AppleWebKit/537.36 (KHTML, like Gecko) Chrome/143.0.0.0 Safari/537.36" "2a06:98c0:3600::103, 104.23.223.4"
95.214.55.41 - - [26/Dec/2025:20:33:15 +0000] "POST /boaform/admin/formLogin HTTP/1.1" 404 9 "http://13.203.56.190:80/admin/login.asp" "Mozilla/5.0 (X11; Ubuntu; Linux x86_64; rv:71.0) Gecko/20100101 Firefox/71.0" "-"
95.214.55.41 - - [26/Dec/2025:20:33:15 +0000] "" 400 0 "-" "-" "-"
204.76.203.212 - - [26/Dec/2025:20:40:39 +0000] "GET / HTTP/1.1" 200 1290 "-" "Mozilla/5.0 (Windows NT 10.0; Win64; x64) AppleWebKit/537.36 (KHTML, like Gecko) Chrome/90.0.4430.85 Safari/537.36 Edg/90.0.818.46" "-"
34.79.212.205 - - [26/Dec/2025:21:03:39 +0000] "GET / HTTP/1.1" 200 1290 "-" "python-requests/2.32.5" "-"
64.252.87.252 - - [26/Dec/2025:21:17:35 +0000] "GET /index.html HTTP/1.1" 200 1290 "-" "Hello from Palo Alto Networks, find out more about our scans in https://docs-cortex.paloaltonetworks.com/r/1/Cortex-Xpanse/Scanning-activity" "147.185.132.18"
64.252.105.173 - - [26/Dec/2025:21:37:30 +0000] "GET /index.html HTTP/1.1" 200 1290 "http://abuts.fit" "Mozilla/5.0 (Macintosh; Intel Mac OS X 13_5_1) AppleWebKit/605.1.15 Safari/605.1.15" "161.118.247.121"
3.172.61.20 - - [26/Dec/2025:21:37:31 +0000] "GET /index.html HTTP/1.1" 200 1290 "http://abuts.fit" "Go-http-client/2.0" "161.118.247.121"
64.252.105.173 - - [26/Dec/2025:21:37:33 +0000] "GET /wp-login.php HTTP/1.1" 200 1290 "http://abuts.fit/wp-login.php" "Mozilla/5.0 (iPhone; CPU iPhone OS 17_4_1 like Mac OS X) AppleWebKit/605.1.15 Mobile/15E148" "161.118.247.121"
64.252.104.82 - - [26/Dec/2025:21:37:35 +0000] "GET /wp-admin/ HTTP/1.1" 200 1290 "http://abuts.fit/wp-admin/" "Mozilla/5.0 (Windows NT 10.0; Win64; x64) AppleWebKit/537.36 Chrome/116.0 Safari/537.36" "161.118.247.121"
64.252.102.227 - - [26/Dec/2025:21:37:36 +0000] "GET /administrator/ HTTP/1.1" 200 1290 "http://abuts.fit/administrator/" "Mozilla/5.0 (Macintosh; Intel Mac OS X 13_5_1) AppleWebKit/605.1.15 Safari/605.1.15" "161.118.247.121"
64.252.104.82 - - [26/Dec/2025:21:37:36 +0000] "GET /user/login HTTP/1.1" 200 1290 "http://abuts.fit/user/login" "Mozilla/5.0 (Windows NT 10.0; Win64; x64) AppleWebKit/537.36 Chrome/116.0 Safari/537.36" "161.118.247.121"
64.252.105.173 - - [26/Dec/2025:21:37:37 +0000] "GET /admin HTTP/1.1" 200 1290 "http://abuts.fit/admin" "Mozilla/5.0 (iPhone; CPU iPhone OS 17_4_1 like Mac OS X) AppleWebKit/605.1.15 Mobile/15E148" "161.118.247.121"
64.252.102.227 - - [26/Dec/2025:21:37:38 +0000] "GET /login HTTP/1.1" 200 1290 "http://abuts.fit/login" "Mozilla/5.0 (Android 13; Mobile; rv:117.0) Gecko/117.0 Firefox/117.0" "161.118.247.121"
64.252.104.82 - - [26/Dec/2025:21:37:38 +0000] "GET /register HTTP/1.1" 200 1290 "http://abuts.fit/register" "Mozilla/5.0 (iPhone; CPU iPhone OS 17_4_1 like Mac OS X) AppleWebKit/605.1.15 Mobile/15E148" "161.118.247.121"
3.172.61.20 - - [26/Dec/2025:21:37:39 +0000] "GET /admin HTTP/1.1" 200 1290 "http://abuts.fit/admin" "Mozilla/5.0 (iPad; CPU OS 17_4 like Mac OS X) AppleWebKit/605.1.15 Mobile/15E148" "161.118.247.121"
3.172.61.20 - - [26/Dec/2025:21:37:40 +0000] "GET /login HTTP/1.1" 200 1290 "http://abuts.fit/login" "Mozilla/5.0 (Macintosh; Intel Mac OS X 13_5_1) AppleWebKit/605.1.15 Safari/605.1.15" "161.118.247.121"
204.76.203.219 - - [26/Dec/2025:21:37:49 +0000] "GET / HTTP/1.1" 200 1290 "-" "Mozilla/5.0 (Windows NT 10.0; Win64; x64) AppleWebKit/537.36 (KHTML, like Gecko) Chrome/90.0.4430.85 Safari/537.36 Edg/90.0.818.46" "-"
64.252.102.227 - - [26/Dec/2025:21:52:35 +0000] "GET /.well-known/index.php HTTP/1.1" 200 1290 "https://duckduckgo.com/" "Mozilla/5.0 (Linux; Android 12; 2201116SG) AppleWebKit/537.36 (KHTML, like Gecko) Chrome/116.0.0.0 Mobile Safari/537.36" "68.220.211.238, 65.52.164.54"
64.252.102.227 - - [26/Dec/2025:21:52:35 +0000] "GET /404.php HTTP/1.1" 200 1290 "https://www.google.co.uk/" "Mozilla/5.0 (Linux; Android 12; V2134) AppleWebKit/537.36 (KHTML, like Gecko) Chrome/116.0.0.0 Mobile Safari/537.36" "177.249.146.12, 65.52.164.54"
64.252.105.173 - - [26/Dec/2025:21:52:35 +0000] "GET /aa.php HTTP/1.1" 200 1290 "https://www.bing.com/" "Mozilla/5.g (Linux; Android 13; Pixel 7) AppleWebKit/537.36 (KHTML, like Gecko) Chrome/116.0.0.0 Mobile Safari/537.36" "127.215.179.89, 65.52.164.54"
64.252.104.82 - - [26/Dec/2025:21:52:36 +0000] "GET /abcd.php HTTP/1.1" 200 1290 "https://www.yahoo.com/" "Mozilla/5.0 (Linux; Android 11; CPH2251) AppleWebKit/537.36 (KHTML, like Gecko) Chrome/116.0.0.0 Mobile Safari/537.36" "73.151.223.23, 65.52.164.54"
64.252.102.227 - - [26/Dec/2025:21:52:36 +0000] "GET /admin.php HTTP/1.1" 200 1290 "https://www.google.co.uk/" "Mozilla/5.g (Linux; Android 13; Pixel 7) AppleWebKit/537.36 (KHTML, like Gecko) Chrome/116.0.0.0 Mobile Safari/537.36" "48.251.74.63, 65.52.164.54"
64.252.104.82 - - [26/Dec/2025:21:52:36 +0000] "GET /adminfuns.php HTTP/1.1" 200 1290 "https://www.yahoo.com/" "Mozilla/5.0 (iPad; CPU OS 17_0_3 like Mac OS X) AppleWebKit/605.1.15 (KHTML, like Gecko) Version/17.0.1 Mobile/15E148 Safari/604.1" "150.88.17.91, 65.52.164.54"
64.252.105.173 - - [26/Dec/2025:21:52:36 +0000] "GET /ahax.php HTTP/1.1" 200 1290 "https://www.google.fr/" "Mozilla/5.0 (Linux; Android 13; M2101K6G) AppleWebKit/537.36 (KHTML, like Gecko) Chrome/116.0.0.0 Mobile Safari/537.36" "157.26.228.190, 65.52.164.54"
64.252.105.173 - - [26/Dec/2025:21:52:36 +0000] "GET /akcc.php HTTP/1.1" 200 1290 "https://www.google.de/" "Mozilla/5.g (Linux; Android 13; Pixel 7) AppleWebKit/537.36 (KHTML, like Gecko) Chrome/116.0.0.0 Mobile Safari/537.36" "139.109.199.175, 65.52.164.54"
64.252.105.173 - - [26/Dec/2025:21:52:36 +0000] "GET /alfa.php HTTP/1.1" 200 1290 "https://www.google.fr/" "Mozilla/5.0 (Linux; Android 12; 2201116SG) AppleWebKit/537.36 (KHTML, like Gecko) Chrome/116.0.0.0 Mobile Safari/537.36" "109.59.112.191, 65.52.164.54"
64.252.104.82 - - [26/Dec/2025:21:52:36 +0000] "GET /assets/images/ HTTP/1.1" 200 1290 "https://www.bing.com/" "Mozilla/5.0 (Linux; Android 13; SM-G991U) AppleWebKit/537.36 (KHTML, like Gecko) Chrome/117.0.0.0 Mobile Safari/537.36" "111.75.29.149, 65.52.164.54"
64.252.102.227 - - [26/Dec/2025:21:52:36 +0000] "GET /autoload_classmap/function.php HTTP/1.1" 200 1290 "https://www.google.co.uk/" "Mozilla/5.0 (Linux; Android 12; SM-A525F) AppleWebKit/537.36 (KHTML, like Gecko) Chrome/117.0.0.0 Mobile Safari/537.36" "205.3.169.47, 65.52.164.54"
64.252.104.82 - - [26/Dec/2025:21:52:36 +0000] "GET /av.php HTTP/1.1" 200 1290 "https://www.google.com/" "Mozilla/5.0 (Linux; Android 13; SM-S908E) AppleWebKit/537.36 (KHTML, like Gecko) Chrome/116.0.0.0 Mobile Safari/537.36" "160.187.8.38, 65.52.164.54"
64.252.102.227 - - [26/Dec/2025:21:52:36 +0000] "GET /bless.php HTTP/1.1" 200 1290 "https://www.yahoo.com/" "Mozilla/5.0 (Linux; Android 11; CPH2251) AppleWebKit/537.36 (KHTML, like Gecko) Chrome/116.0.0.0 Mobile Safari/537.36" "84.114.200.204, 65.52.164.54"
64.252.105.173 - - [26/Dec/2025:21:52:37 +0000] "GET /bolt.php HTTP/1.1" 200 1290 "https://www.google.com/" "Mozilla/5.0 (Linux; Android 11; 21081111RG) AppleWebKit/537.36 (KHTML, like Gecko) Chrome/116.0.0.0 Mobile Safari/537.36" "223.210.85.89, 65.52.164.54"
64.252.104.82 - - [26/Dec/2025:21:52:37 +0000] "GET /buy.php HTTP/1.1" 200 1290 "https://www.google.co.uk/" "Mozilla/5.0 (Linux; Android 11; 21081111RG) AppleWebKit/537.36 (KHTML, like Gecko) Chrome/116.0.0.0 Mobile Safari/537.36" "118.34.196.67, 65.52.164.54"
64.252.104.82 - - [26/Dec/2025:21:52:37 +0000] "GET /cgi-bin/file.php HTTP/1.1" 200 1290 "https://www.google.de/" "Mozilla/5.0 (iPhone; CPU iPhone OS 15_7_9 like Mac OS X) AppleWebKit/605.1.15 (KHTML, like Gecko) Version/15.6.5 Mobile/15E148 Safari/604.1" "116.236.239.97, 65.52.164.54"
64.252.104.82 - - [26/Dec/2025:21:52:37 +0000] "GET /cgi-bin/index.php HTTP/1.1" 200 1290 "https://www.google.fr/" "Mozilla/5.0 (Linux; Android 11; CPH2251) AppleWebKit/537.36 (KHTML, like Gecko) Chrome/116.0.0.0 Mobile Safari/537.36" "120.80.222.82, 65.52.164.54"
64.252.104.82 - - [26/Dec/2025:21:52:37 +0000] "GET /chosen.php HTTP/1.1" 200 1290 "https://www.google.co.uk/" "Mozilla/5.0 (Linux; Android 13; SM-S908E) AppleWebKit/537.36 (KHTML, like Gecko) Chrome/116.0.0.0 Mobile Safari/537.36" "44.157.95.243, 65.52.164.54"
64.252.104.82 - - [26/Dec/2025:21:52:37 +0000] "GET /classwithtostring.php HTTP/1.1" 200 1290 "https://www.yahoo.com/" "Mozilla/5.0 (Linux; Android 12; 2201116SG) AppleWebKit/537.36 (KHTML, like Gecko) Chrome/116.0.0.0 Mobile Safari/537.36" "221.143.184.156, 65.52.164.54"
64.252.105.173 - - [26/Dec/2025:21:52:37 +0000] "GET /edit.php HTTP/1.1" 200 1290 "https://www.google.fr/" "Mozilla/5.0 (iPhone; CPU iPhone OS 16_6_1 like Mac OS X) AppleWebKit/605.1.15 (KHTML, like Gecko) Version/16.6 Mobile/15E148 Safari/604.1" "30.178.140.142, 65.52.164.54"
64.252.102.227 - - [26/Dec/2025:21:52:38 +0000] "GET /elp.php HTTP/1.1" 200 1290 "https://www.bing.com/" "Mozilla/5.0 (Linux; Android 13; M2101K6G) AppleWebKit/537.36 (KHTML, like Gecko) Chrome/116.0.0.0 Mobile Safari/537.36" "127.215.227.211, 65.52.164.54"
64.252.104.82 - - [26/Dec/2025:21:52:38 +0000] "GET /file.php HTTP/1.1" 200 1290 "https://www.google.co.uk/" "Mozilla/5.0 (iPad; CPU OS 17_0_3 like Mac OS X) AppleWebKit/605.1.15 (KHTML, like Gecko) Version/17.0.1 Mobile/15E148 Safari/604.1" "50.169.140.36, 65.52.164.54"
64.252.104.82 - - [26/Dec/2025:21:52:38 +0000] "GET /files/ HTTP/1.1" 200 1290 "https://www.yahoo.com/" "Mozilla/5.0 (iPad; CPU OS 16_7_2 like Mac OS X) AppleWebKit/605.1.15 (KHTML, like Gecko) Version/16.6 Mobile/15E148 Safari/604.1" "176.179.166.250, 65.52.164.54"
64.252.102.227 - - [26/Dec/2025:21:52:38 +0000] "GET /gg.php HTTP/1.1" 200 1290 "https://www.google.com/" "Mozilla/5.0 (Linux; Android 12; V2134) AppleWebKit/537.36 (KHTML, like Gecko) Chrome/116.0.0.0 Mobile Safari/537.36" "254.159.194.77, 65.52.164.54"
64.252.104.82 - - [26/Dec/2025:21:52:38 +0000] "GET /goods.php HTTP/1.1" 200 1290 "https://www.bing.com/" "Mozilla/5.0 (iPad; CPU OS 16_7_2 like Mac OS X) AppleWebKit/605.1.15 (KHTML, like Gecko) Version/16.6 Mobile/15E148 Safari/604.1" "107.3.136.152, 65.52.164.54"
64.252.102.227 - - [26/Dec/2025:21:52:38 +0000] "GET /images/ HTTP/1.1" 200 1290 "https://www.google.co.uk/" "Mozilla/5.0 (Linux; Android 11; CPH2251) AppleWebKit/537.36 (KHTML, like Gecko) Chrome/116.0.0.0 Mobile Safari/537.36" "186.4.19.255, 65.52.164.54"
64.252.105.173 - - [26/Dec/2025:21:52:38 +0000] "GET /images/install.php HTTP/1.1" 200 1290 "https://www.yahoo.com/" "Mozilla/5.0 (Linux; Android 12; SM-A525F) AppleWebKit/537.36 (KHTML, like Gecko) Chrome/117.0.0.0 Mobile Safari/537.36" "6.17.13.124, 65.52.164.54"
64.252.102.227 - - [26/Dec/2025:21:52:38 +0000] "GET /info.php HTTP/1.1" 200 1290 "https://www.bing.com/" "Mozilla/5.0 (iPhone; CPU iPhone OS 16_0 like Mac OS X) AppleWebKit/605.1.15 (KHTML, like Gecko) FxiOS/118.0 Mobile/15E148 Safari/605.1.15" "180.97.202.180, 65.52.164.54"
64.252.102.227 - - [26/Dec/2025:21:52:39 +0000] "GET /ioxi-o.php HTTP/1.1" 200 1290 "https://www.bing.com/" "Mozilla/5.0 (Linux; Android 12; V2134) AppleWebKit/537.36 (KHTML, like Gecko) Chrome/116.0.0.0 Mobile Safari/537.36" "81.151.198.121, 65.52.164.54"
64.252.105.173 - - [26/Dec/2025:21:52:39 +0000] "GET /k.php HTTP/1.1" 200 1290 "https://www.google.com/" "Mozilla/5.0 (Linux; Android 14; Pixel 8 Pro) AppleWebKit/537.36 (KHTML, like Gecko) Chrome/119.0.0.0 Mobile Safari/537.36" "216.254.140.198, 65.52.164.54"
64.252.105.173 - - [26/Dec/2025:21:52:39 +0000] "GET /mah.php HTTP/1.1" 200 1290 "https://www.bing.com/" "Mozilla/5.0 (iPad; CPU OS 17_0_3 like Mac OS X) AppleWebKit/605.1.15 (KHTML, like Gecko) Version/17.0.1 Mobile/15E148 Safari/604.1" "1.221.10.37, 65.52.164.54"
64.252.102.227 - - [26/Dec/2025:21:52:39 +0000] "GET /mah/function.php HTTP/1.1" 200 1290 "https://www.bing.com/" "Mozilla/5.0 (Linux; Android 13; SM-S908E) AppleWebKit/537.36 (KHTML, like Gecko) Chrome/116.0.0.0 Mobile Safari/537.36" "68.218.3.135, 65.52.164.54"
64.252.102.227 - - [26/Dec/2025:21:52:39 +0000] "GET /manager.php HTTP/1.1" 200 1290 "https://www.google.com/" "Mozilla/5.0 (Linux; Android 12; 2201116SG) AppleWebKit/537.36 (KHTML, like Gecko) Chrome/116.0.0.0 Mobile Safari/537.36" "245.33.198.181, 65.52.164.54"
64.252.105.173 - - [26/Dec/2025:21:52:39 +0000] "GET /mini HTTP/1.1" 200 1290 "https://www.google.de/" "Mozilla/5.0 (Linux; Android 14; Pixel 8 Pro) AppleWebKit/537.36 (KHTML, like Gecko) Chrome/119.0.0.0 Mobile Safari/537.36" "225.50.247.67, 65.52.164.54"
64.252.104.82 - - [26/Dec/2025:21:52:39 +0000] "GET /modules/mod_simplefileuploadv1.3/elements/index.php HTTP/1.1" 200 1290 "https://www.google.co.uk/" "Mozilla/5.g (Linux; Android 13; Pixel 7) AppleWebKit/537.36 (KHTML, like Gecko) Chrome/116.0.0.0 Mobile Safari/537.36" "219.179.170.65, 65.52.164.54"
64.252.105.173 - - [26/Dec/2025:21:52:39 +0000] "GET /new.php HTTP/1.1" 200 1290 "https://www.google.com/" "Mozilla/5.0 (iPad; CPU OS 17_0_3 like Mac OS X) AppleWebKit/605.1.15 (KHTML, like Gecko) Version/17.0.1 Mobile/15E148 Safari/604.1" "4.110.84.164, 65.52.164.54"
64.252.105.173 - - [26/Dec/2025:21:52:39 +0000] "GET /public/files/index.php HTTP/1.1" 200 1290 "https://www.yahoo.com/" "Mozilla/5.0 (iPhone; CPU iPhone OS 17_0_3 like Mac OS X) AppleWebKit/605.1.15 (KHTML, like Gecko) Version/17.0.1 Mobile/15E148 Safari/604.1" "170.60.137.142, 65.52.164.54"
64.252.104.82 - - [26/Dec/2025:21:52:40 +0000] "GET /public/wp-content/index.php HTTP/1.1" 200 1290 "https://www.bing.com/" "Mozilla/5.0 (Linux; Android 11; CPH2251) AppleWebKit/537.36 (KHTML, like Gecko) Chrome/116.0.0.0 Mobile Safari/537.36" "41.115.221.88, 65.52.164.54"
64.252.102.227 - - [26/Dec/2025:21:52:40 +0000] "GET /radio.php HTTP/1.1" 200 1290 "https://www.yahoo.com/" "Mozilla/5.0 (Linux; Android 12; 2201116SG) AppleWebKit/537.36 (KHTML, like Gecko) Chrome/116.0.0.0 Mobile Safari/537.36" "203.159.178.121, 65.52.164.54"
64.252.105.173 - - [26/Dec/2025:21:52:40 +0000] "GET /themes.php HTTP/1.1" 200 1290 "https://www.yahoo.com/" "Mozilla/5.0 (Linux; Android 11; 21081111RG) AppleWebKit/537.36 (KHTML, like Gecko) Chrome/116.0.0.0 Mobile Safari/537.36" "37.107.247.228, 65.52.164.54"
64.252.104.82 - - [26/Dec/2025:21:52:40 +0000] "GET /uploads/index.php HTTP/1.1" 404 9 "https://www.bing.com/" "Mozilla/5.0 (Linux; Android 11; CPH2251) AppleWebKit/537.36 (KHTML, like Gecko) Chrome/116.0.0.0 Mobile Safari/537.36" "168.177.62.101, 65.52.164.54"
64.252.105.173 - - [26/Dec/2025:21:52:40 +0000] "GET /wp-admin/ HTTP/1.1" 200 1290 "https://www.yahoo.com/" "Mozilla/5.0 (iPhone; CPU iPhone OS 17_1_1 like Mac OS X) AppleWebKit/605.1.15 (KHTML, like Gecko) Version/17.1 Mobile/15E148 Safari/604.1" "237.32.208.192, 65.52.164.54"
64.252.104.82 - - [26/Dec/2025:21:52:40 +0000] "GET /wp-admin/classwithtostring.php HTTP/1.1" 200 1290 "https://www.google.de/" "Mozilla/5.0 (iPhone; CPU iPhone OS 15_7_9 like Mac OS X) AppleWebKit/605.1.15 (KHTML, like Gecko) Version/15.6.5 Mobile/15E148 Safari/604.1" "99.220.120.73, 65.52.164.54"
64.252.105.173 - - [26/Dec/2025:21:52:40 +0000] "GET /wp-admin/css/ HTTP/1.1" 200 1290 "https://www.bing.com/" "Mozilla/5.0 (Linux; Android 13; M2101K6G) AppleWebKit/537.36 (KHTML, like Gecko) Chrome/116.0.0.0 Mobile Safari/537.36" "88.50.51.245, 65.52.164.54"
64.252.105.173 - - [26/Dec/2025:21:52:40 +0000] "GET /wp-admin/css/about.php HTTP/1.1" 200 1290 "https://www.google.fr/" "Mozilla/5.0 (Linux; Android 12; 2201116SG) AppleWebKit/537.36 (KHTML, like Gecko) Chrome/116.0.0.0 Mobile Safari/537.36" "115.6.205.149, 65.52.164.54"
64.252.102.227 - - [26/Dec/2025:21:52:40 +0000] "GET /wp-admin/css/colors/blue/ HTTP/1.1" 200 1290 "https://www.google.co.uk/" "Mozilla/5.0 (Linux; Android 11; 21081111RG) AppleWebKit/537.36 (KHTML, like Gecko) Chrome/116.0.0.0 Mobile Safari/537.36" "202.173.225.151, 65.52.164.54"
64.252.105.173 - - [26/Dec/2025:21:52:41 +0000] "GET /wp-admin/images/index.php HTTP/1.1" 200 1290 "https://www.google.fr/" "Mozilla/5.0 (Linux; Android 10; K) AppleWebKit/537.36 (KHTML, like Gecko) Chrome/117.0.0.0 Mobile Safari/537.36" "192.0.98.134, 65.52.164.54"
64.252.104.82 - - [26/Dec/2025:21:52:41 +0000] "GET /wp-admin/includes/colour.php HTTP/1.1" 200 1290 "https://www.google.co.uk/" "Mozilla/5.0 (iPhone; CPU iPhone OS 16_0 like Mac OS X) AppleWebKit/605.1.15 (KHTML, like Gecko) FxiOS/118.0 Mobile/15E148 Safari/605.1.15" "151.191.191.67, 65.52.164.54"
64.252.102.227 - - [26/Dec/2025:21:52:41 +0000] "GET /wp-admin/includes/index.php HTTP/1.1" 200 1290 "https://duckduckgo.com/" "Mozilla/5.0 (Linux; Android 13; SM-S908E) AppleWebKit/537.36 (KHTML, like Gecko) Chrome/116.0.0.0 Mobile Safari/537.36" "88.252.187.14, 65.52.164.54"
64.252.102.227 - - [26/Dec/2025:21:52:41 +0000] "GET /wp-admin/index.php HTTP/1.1" 200 1290 "https://www.google.fr/" "Mozilla/5.0 (Linux; Android 13; SM-S908E) AppleWebKit/537.36 (KHTML, like Gecko) Chrome/116.0.0.0 Mobile Safari/537.36" "106.193.120.19, 65.52.164.54"
64.252.104.82 - - [26/Dec/2025:21:52:41 +0000] "GET /wp-admin/js/ HTTP/1.1" 200 1290 "https://www.google.com/" "Mozilla/5.0 (Linux; Android 10; K) AppleWebKit/537.36 (KHTML, like Gecko) Chrome/117.0.0.0 Mobile Safari/537.36" "8.254.225.95, 65.52.164.54"
64.252.104.82 - - [26/Dec/2025:21:52:41 +0000] "GET /wp-admin/js/index.php HTTP/1.1" 200 1290 "https://www.google.com/" "Mozilla/5.0 (Linux; Android 12; SM-A525F) AppleWebKit/537.36 (KHTML, like Gecko) Chrome/117.0.0.0 Mobile Safari/537.36" "111.104.2.46, 65.52.164.54"
64.252.105.173 - - [26/Dec/2025:21:52:41 +0000] "GET /wp-admin/js/widgets/ HTTP/1.1" 200 1290 "https://www.google.fr/" "Mozilla/5.0 (iPhone; CPU iPhone OS 17_0_3 like Mac OS X) AppleWebKit/605.1.15 (KHTML, like Gecko) Version/17.0.1 Mobile/15E148 Safari/604.1" "186.28.59.23, 65.52.164.54"
64.252.105.173 - - [26/Dec/2025:21:52:41 +0000] "GET /wp-admin/network/admin.php HTTP/1.1" 200 1290 "https://duckduckgo.com/" "Mozilla/5.0 (Linux; Android 13; M2101K6G) AppleWebKit/537.36 (KHTML, like Gecko) Chrome/116.0.0.0 Mobile Safari/537.36" "239.136.10.96, 65.52.164.54"
64.252.105.173 - - [26/Dec/2025:21:52:41 +0000] "GET /wp-admin/wp-admins.php HTTP/1.1" 200 1290 "https://www.google.fr/" "Mozilla/5.0 (Linux; Android 10; K) AppleWebKit/537.36 (KHTML, like Gecko) Chrome/117.0.0.0 Mobile Safari/537.36" "8.78.160.12, 65.52.164.54"
64.252.104.82 - - [26/Dec/2025:21:52:42 +0000] "GET /wp-blog.php HTTP/1.1" 200 1290 "https://www.google.co.uk/" "Mozilla/5.0 (Linux; Android 12; SM-A525F) AppleWebKit/537.36 (KHTML, like Gecko) Chrome/117.0.0.0 Mobile Safari/537.36" "130.148.111.77, 65.52.164.54"
64.252.104.82 - - [26/Dec/2025:21:52:42 +0000] "GET /wp-conflg/function.php HTTP/1.1" 200 1290 "https://www.google.de/" "Mozilla/5.0 (iPhone; CPU iPhone OS 16_0 like Mac OS X) AppleWebKit/605.1.15 (KHTML, like Gecko) FxiOS/118.0 Mobile/15E148 Safari/605.1.15" "244.223.185.212, 65.52.164.54"
64.252.105.173 - - [26/Dec/2025:21:52:42 +0000] "GET /wp-content/admin-header.php HTTP/1.1" 200 1290 "https://www.google.fr/" "Mozilla/5.0 (iPhone; CPU iPhone OS 17_0_3 like Mac OS X) AppleWebKit/605.1.15 (KHTML, like Gecko) Version/17.0.1 Mobile/15E148 Safari/604.1" "6.202.122.124, 65.52.164.54"
64.252.104.82 - - [26/Dec/2025:21:52:42 +0000] "GET /wp-content/admin.php HTTP/1.1" 200 1290 "https://www.bing.com/" "Mozilla/5.0 (iPhone; CPU iPhone OS 16_6_1 like Mac OS X) AppleWebKit/605.1.15 (KHTML, like Gecko) Version/16.6 Mobile/15E148 Safari/604.1" "253.34.139.19, 65.52.164.54"
64.252.104.82 - - [26/Dec/2025:21:52:42 +0000] "GET /wp-content/autoload_classmap.php HTTP/1.1" 200 1290 "https://www.google.co.uk/" "Mozilla/5.0 (Linux; Android 13; SM-S908E) AppleWebKit/537.36 (KHTML, like Gecko) Chrome/116.0.0.0 Mobile Safari/537.36" "169.215.228.149, 65.52.164.54"
64.252.104.82 - - [26/Dec/2025:21:52:42 +0000] "GET /wp-content/backups-dup-lite/ HTTP/1.1" 200 1290 "https://www.bing.com/" "Mozilla/5.0 (iPhone; CPU iPhone OS 17_0_3 like Mac OS X) AppleWebKit/605.1.15 (KHTML, like Gecko) Version/17.0.1 Mobile/15E148 Safari/604.1" "183.47.215.69, 65.52.164.54"
64.252.105.173 - - [26/Dec/2025:21:52:42 +0000] "GET /wp-content/index.php HTTP/1.1" 200 1290 "https://www.google.com/" "Mozilla/5.0 (iPhone; CPU iPhone OS 17_1 like Mac OS X) AppleWebKit/605.1.15 (KHTML, like Gecko) CriOS/119.0.6045.109 Mobile/15E148 Safari/604.1" "181.219.128.150, 65.52.164.54"
64.252.102.227 - - [26/Dec/2025:21:52:42 +0000] "GET /wp-content/languages/ HTTP/1.1" 200 1290 "https://www.google.de/" "Mozilla/5.0 (iPad; CPU OS 16_7_2 like Mac OS X) AppleWebKit/605.1.15 (KHTML, like Gecko) Version/16.6 Mobile/15E148 Safari/604.1" "28.209.99.175, 65.52.164.54"
64.252.105.173 - - [26/Dec/2025:21:52:42 +0000] "GET /wp-content/languages/index.php HTTP/1.1" 200 1290 "https://duckduckgo.com/" "Mozilla/5.g (Linux; Android 13; Pixel 7) AppleWebKit/537.36 (KHTML, like Gecko) Chrome/116.0.0.0 Mobile Safari/537.36" "116.28.72.185, 65.52.164.54"
64.252.104.82 - - [26/Dec/2025:21:52:43 +0000] "GET /wp-content/plugins/admin.php HTTP/1.1" 200 1290 "https://www.yahoo.com/" "Mozilla/5.0 (Linux; Android 10; LM-Q720) AppleWebKit/537.36 (KHTML, like Gecko) Chrome/116.0.0.0 Mobile Safari/537.36" "97.182.103.135, 65.52.164.54"
64.252.105.173 - - [26/Dec/2025:21:52:43 +0000] "GET /wp-content/plugins/pwnd/as.php HTTP/1.1" 200 1290 "https://www.google.com/" "Mozilla/5.0 (Linux; Android 13; SM-G991U) AppleWebKit/537.36 (KHTML, like Gecko) Chrome/117.0.0.0 Mobile Safari/537.36" "211.197.67.147, 65.52.164.54"
64.252.102.227 - - [26/Dec/2025:21:52:43 +0000] "GET /wp-content/themes/ HTTP/1.1" 200 1290 "https://www.bing.com/" "Mozilla/5.0 (Linux; Android 10; LM-Q720) AppleWebKit/537.36 (KHTML, like Gecko) Chrome/116.0.0.0 Mobile Safari/537.36" "235.181.238.217, 65.52.164.54"
64.252.105.173 - - [26/Dec/2025:21:52:43 +0000] "GET /wp-content/themes/about.php HTTP/1.1" 200 1290 "https://www.bing.com/" "Mozilla/5.0 (iPad; CPU OS 16_7_2 like Mac OS X) AppleWebKit/605.1.15 (KHTML, like Gecko) Version/16.6 Mobile/15E148 Safari/604.1" "234.52.112.24, 65.52.164.54"
64.252.104.82 - - [26/Dec/2025:21:52:43 +0000] "GET /wp-content/themes/admin.php HTTP/1.1" 200 1290 "https://www.bing.com/" "Mozilla/5.0 (iPhone; CPU iPhone OS 17_0_3 like Mac OS X) AppleWebKit/605.1.15 (KHTML, like Gecko) Version/17.0.1 Mobile/15E148 Safari/604.1" "177.111.33.223, 65.52.164.54"
64.252.102.227 - - [26/Dec/2025:21:52:43 +0000] "GET /wp-content/upgrade/index.php HTTP/1.1" 200 1290 "https://www.google.fr/" "Mozilla/5.0 (iPad; CPU OS 17_0_3 like Mac OS X) AppleWebKit/605.1.15 (KHTML, like Gecko) Version/17.0.1 Mobile/15E148 Safari/604.1" "102.248.220.122, 65.52.164.54"
64.252.105.173 - - [26/Dec/2025:21:52:43 +0000] "GET /wp-content/uploads/ HTTP/1.1" 200 1290 "https://duckduckgo.com/" "Mozilla/5.0 (iPhone; CPU iPhone OS 17_1 like Mac OS X) AppleWebKit/605.1.15 (KHTML, like Gecko) CriOS/119.0.6045.109 Mobile/15E148 Safari/604.1" "6.145.1.80, 65.52.164.54"
64.252.104.82 - - [26/Dec/2025:21:52:43 +0000] "GET /wp-content/uploads/2025/ HTTP/1.1" 200 1290 "https://www.google.fr/" "Mozilla/5.0 (iPad; CPU OS 16_7_2 like Mac OS X) AppleWebKit/605.1.15 (KHTML, like Gecko) Version/16.6 Mobile/15E148 Safari/604.1" "216.125.234.111, 65.52.164.54"
64.252.104.82 - - [26/Dec/2025:21:52:43 +0000] "GET /wp-content/uploads/index.php HTTP/1.1" 200 1290 "https://www.google.com/" "Mozilla/5.0 (iPhone; CPU iPhone OS 16_0 like Mac OS X) AppleWebKit/605.1.15 (KHTML, like Gecko) FxiOS/118.0 Mobile/15E148 Safari/605.1.15" "117.102.13.41, 65.52.164.54"
64.252.105.173 - - [26/Dec/2025:21:52:44 +0000] "GET /wp-good.php HTTP/1.1" 200 1290 "https://www.google.fr/" "Mozilla/5.0 (Linux; Android 11; CPH2251) AppleWebKit/537.36 (KHTML, like Gecko) Chrome/116.0.0.0 Mobile Safari/537.36" "2.243.177.40, 65.52.164.54"
64.252.105.173 - - [26/Dec/2025:21:52:44 +0000] "GET /wp-includes/ID3/ HTTP/1.1" 200 1290 "https://duckduckgo.com/" "Mozilla/5.0 (Linux; Android 13; M2101K6G) AppleWebKit/537.36 (KHTML, like Gecko) Chrome/116.0.0.0 Mobile Safari/537.36" "16.219.155.148, 65.52.164.54"
64.252.104.82 - - [26/Dec/2025:21:52:44 +0000] "GET /wp-includes/ID3/simi.php HTTP/1.1" 200 1290 "https://www.google.de/" "Mozilla/5.0 (Linux; Android 14; Pixel 8 Pro) AppleWebKit/537.36 (KHTML, like Gecko) Chrome/119.0.0.0 Mobile Safari/537.36" "241.51.204.117, 65.52.164.54"
64.252.102.227 - - [26/Dec/2025:21:52:44 +0000] "GET /wp-includes/IXR/ HTTP/1.1" 200 1290 "https://www.google.de/" "Mozilla/5.0 (Linux; Android 10; K) AppleWebKit/537.36 (KHTML, like Gecko) Chrome/117.0.0.0 Mobile Safari/537.36" "174.22.234.223, 65.52.164.54"
64.252.105.173 - - [26/Dec/2025:21:52:44 +0000] "GET /wp-includes/PHPMailer/index.php HTTP/1.1" 200 1290 "https://www.google.co.uk/" "Mozilla/5.0 (Linux; Android 11; CPH2251) AppleWebKit/537.36 (KHTML, like Gecko) Chrome/116.0.0.0 Mobile Safari/537.36" "1.112.148.87, 65.52.164.54"
64.252.105.173 - - [26/Dec/2025:21:52:44 +0000] "GET /wp-includes/Requests/index.php HTTP/1.1" 200 1290 "https://www.google.fr/" "Mozilla/5.0 (iPhone; CPU iPhone OS 17_1_1 like Mac OS X) AppleWebKit/605.1.15 (KHTML, like Gecko) Version/17.1 Mobile/15E148 Safari/604.1" "200.250.250.55, 65.52.164.54"
64.252.104.82 - - [26/Dec/2025:21:52:44 +0000] "GET /wp-includes/SimplePie/autoload_classmap.php HTTP/1.1" 200 1290 "https://www.bing.com/" "Mozilla/5.0 (iPhone; CPU iPhone OS 17_1 like Mac OS X) AppleWebKit/605.1.15 (KHTML, like Gecko) CriOS/119.0.6045.109 Mobile/15E148 Safari/604.1" "157.97.93.106, 65.52.164.54"
64.252.105.173 - - [26/Dec/2025:21:52:44 +0000] "GET /wp-includes/SimplePie/index.php HTTP/1.1" 200 1290 "https://www.google.de/" "Mozilla/5.0 (Linux; Android 10; LM-Q720) AppleWebKit/537.36 (KHTML, like Gecko) Chrome/116.0.0.0 Mobile Safari/537.36" "195.218.216.168, 65.52.164.54"
64.252.104.82 - - [26/Dec/2025:21:52:44 +0000] "GET /wp-includes/Text/ HTTP/1.1" 200 1290 "https://www.yahoo.com/" "Mozilla/5.0 (iPhone; CPU iPhone OS 15_7_9 like Mac OS X) AppleWebKit/605.1.15 (KHTML, like Gecko) Version/15.6.5 Mobile/15E148 Safari/604.1" "48.17.180.85, 65.52.164.54"
64.252.105.173 - - [26/Dec/2025:21:52:45 +0000] "GET /wp-includes/Text/Diff/Engine/ HTTP/1.1" 200 1290 "https://www.bing.com/" "Mozilla/5.0 (Linux; Android 12; V2134) AppleWebKit/537.36 (KHTML, like Gecko) Chrome/116.0.0.0 Mobile Safari/537.36" "249.235.169.78, 65.52.164.54"
64.252.102.227 - - [26/Dec/2025:21:52:45 +0000] "GET /wp-includes/Text/Diff/Renderer/index.php HTTP/1.1" 200 1290 "https://duckduckgo.com/" "Mozilla/5.0 (Linux; Android 13; SM-G991U) AppleWebKit/537.36 (KHTML, like Gecko) Chrome/117.0.0.0 Mobile Safari/537.36" "65.214.221.102, 65.52.164.54"
64.252.105.173 - - [26/Dec/2025:21:52:45 +0000] "GET /wp-includes/assets/autoload_classmap.php HTTP/1.1" 200 1290 "https://www.google.co.uk/" "Mozilla/5.0 (Linux; Android 12; V2134) AppleWebKit/537.36 (KHTML, like Gecko) Chrome/116.0.0.0 Mobile Safari/537.36" "217.24.198.60, 65.52.164.54"
64.252.105.173 - - [26/Dec/2025:21:52:45 +0000] "GET /wp-includes/bk/index.php HTTP/1.1" 200 1290 "https://www.google.co.uk/" "Mozilla/5.0 (Linux; Android 11; CPH2251) AppleWebKit/537.36 (KHTML, like Gecko) Chrome/116.0.0.0 Mobile Safari/537.36" "105.246.26.22, 65.52.164.54"
64.252.102.227 - - [26/Dec/2025:21:52:45 +0000] "GET /wp-includes/block-bindings/ HTTP/1.1" 200 1290 "https://www.google.de/" "Mozilla/5.0 (Linux; Android 11; CPH2251) AppleWebKit/537.36 (KHTML, like Gecko) Chrome/116.0.0.0 Mobile Safari/537.36" "90.163.23.120, 65.52.164.54"
64.252.105.173 - - [26/Dec/2025:21:52:45 +0000] "GET /wp-includes/block-supports/ HTTP/1.1" 200 1290 "https://www.google.de/" "Mozilla/5.0 (iPhone; CPU iPhone OS 16_6_1 like Mac OS X) AppleWebKit/605.1.15 (KHTML, like Gecko) Version/16.6 Mobile/15E148 Safari/604.1" "249.14.2.74, 65.52.164.54"
64.252.104.82 - - [26/Dec/2025:21:52:45 +0000] "GET /wp-includes/blocks/code/ HTTP/1.1" 200 1290 "https://www.yahoo.com/" "Mozilla/5.0 (iPad; CPU OS 17_0_3 like Mac OS X) AppleWebKit/605.1.15 (KHTML, like Gecko) Version/17.0.1 Mobile/15E148 Safari/604.1" "37.141.47.173, 65.52.164.54"
64.252.104.82 - - [26/Dec/2025:21:52:45 +0000] "GET /wp-includes/certificates/ HTTP/1.1" 200 1290 "https://duckduckgo.com/" "Mozilla/5.0 (Linux; Android 12; 2201116SG) AppleWebKit/537.36 (KHTML, like Gecko) Chrome/116.0.0.0 Mobile Safari/537.36" "38.129.146.227, 65.52.164.54"
64.252.102.227 - - [26/Dec/2025:21:52:46 +0000] "GET /wp-includes/css/autoload_classmap.php HTTP/1.1" 200 1290 "https://duckduckgo.com/" "Mozilla/5.0 (Linux; Android 10; K) AppleWebKit/537.36 (KHTML, like Gecko) Chrome/117.0.0.0 Mobile Safari/537.36" "96.134.54.68, 65.52.164.54"
64.252.104.82 - - [26/Dec/2025:21:52:46 +0000] "GET /wp-includes/customize/chosen.php HTTP/1.1" 200 1290 "https://www.google.fr/" "Mozilla/5.0 (Linux; Android 12; SM-A525F) AppleWebKit/537.36 (KHTML, like Gecko) Chrome/117.0.0.0 Mobile Safari/537.36" "141.227.25.90, 65.52.164.54"
64.252.102.227 - - [26/Dec/2025:21:52:46 +0000] "GET /wp-includes/html-api/index.php HTTP/1.1" 200 1290 "https://www.google.com/" "Mozilla/5.0 (Linux; Android 13; SM-G991U) AppleWebKit/537.36 (KHTML, like Gecko) Chrome/117.0.0.0 Mobile Safari/537.36" "85.198.135.176, 65.52.164.54"
64.252.105.173 - - [26/Dec/2025:21:52:46 +0000] "GET /wp-includes/images/ HTTP/1.1" 200 1290 "https://www.google.com/" "Mozilla/5.g (Linux; Android 13; Pixel 7) AppleWebKit/537.36 (KHTML, like Gecko) Chrome/116.0.0.0 Mobile Safari/537.36" "76.131.16.175, 65.52.164.54"
64.252.102.227 - - [26/Dec/2025:21:52:46 +0000] "GET /wp-includes/index.php HTTP/1.1" 200 1290 "https://www.google.de/" "Mozilla/5.g (Linux; Android 13; Pixel 7) AppleWebKit/537.36 (KHTML, like Gecko) Chrome/116.0.0.0 Mobile Safari/537.36" "9.148.206.165, 65.52.164.54"
64.252.105.173 - - [26/Dec/2025:21:52:46 +0000] "GET /wp-includes/js/codemirror/index.php HTTP/1.1" 200 1290 "https://www.bing.com/" "Mozilla/5.0 (iPhone; CPU iPhone OS 17_1_1 like Mac OS X) AppleWebKit/605.1.15 (KHTML, like Gecko) Version/17.1 Mobile/15E148 Safari/604.1" "152.138.220.27, 65.52.164.54"
64.252.104.82 - - [26/Dec/2025:21:52:46 +0000] "GET /wp-includes/js/crop/ HTTP/1.1" 200 1290 "https://www.yahoo.com/" "Mozilla/5.0 (Linux; Android 13; M2101K6G) AppleWebKit/537.36 (KHTML, like Gecko) Chrome/116.0.0.0 Mobile Safari/537.36" "11.21.1.222, 65.52.164.54"
64.252.105.173 - - [26/Dec/2025:21:52:46 +0000] "GET /wp-includes/js/dist/ HTTP/1.1" 200 1290 "https://duckduckgo.com/" "Mozilla/5.0 (Linux; Android 12; SM-A525F) AppleWebKit/537.36 (KHTML, like Gecko) Chrome/117.0.0.0 Mobile Safari/537.36" "26.212.85.225, 65.52.164.54"
64.252.104.82 - - [26/Dec/2025:21:52:47 +0000] "GET /wp-includes/js/dist/development/ HTTP/1.1" 200 1290 "https://www.yahoo.com/" "Mozilla/5.0 (iPad; CPU OS 17_0_3 like Mac OS X) AppleWebKit/605.1.15 (KHTML, like Gecko) Version/17.0.1 Mobile/15E148 Safari/604.1" "142.152.23.37, 65.52.164.54"
64.252.102.227 - - [26/Dec/2025:21:52:47 +0000] "GET /wp-includes/js/jquery/jquery.php HTTP/1.1" 200 1290 "https://www.google.fr/" "Mozilla/5.0 (iPhone; CPU iPhone OS 17_1_1 like Mac OS X) AppleWebKit/605.1.15 (KHTML, like Gecko) Version/17.1 Mobile/15E148 Safari/604.1" "124.58.152.167, 65.52.164.54"
64.252.105.173 - - [26/Dec/2025:21:52:47 +0000] "GET /wp-includes/pomo/index.php HTTP/1.1" 200 1290 "https://www.google.com/" "Mozilla/5.0 (Linux; Android 13; M2101K6G) AppleWebKit/537.36 (KHTML, like Gecko) Chrome/116.0.0.0 Mobile Safari/537.36" "209.82.35.200, 65.52.164.54"
64.252.102.227 - - [26/Dec/2025:21:52:47 +0000] "GET /wp-includes/random_compat/index.php HTTP/1.1" 200 1290 "https://duckduckgo.com/" "Mozilla/5.0 (Linux; Android 11; 21081111RG) AppleWebKit/537.36 (KHTML, like Gecko) Chrome/116.0.0.0 Mobile Safari/537.36" "180.183.152.205, 65.52.164.54"
64.252.105.173 - - [26/Dec/2025:21:52:47 +0000] "GET /wp-includes/rest-api/fields/ HTTP/1.1" 200 1290 "https://www.google.fr/" "Mozilla/5.0 (iPad; CPU OS 17_0_3 like Mac OS X) AppleWebKit/605.1.15 (KHTML, like Gecko) Version/17.0.1 Mobile/15E148 Safari/604.1" "65.241.245.241, 65.52.164.54"
64.252.104.82 - - [26/Dec/2025:21:52:47 +0000] "GET /wp-includes/rest-api/index.php HTTP/1.1" 200 1290 "https://www.google.co.uk/" "Mozilla/5.0 (Linux; Android 10; K) AppleWebKit/537.36 (KHTML, like Gecko) Chrome/117.0.0.0 Mobile Safari/537.36" "92.92.36.19, 65.52.164.54"
64.252.105.173 - - [26/Dec/2025:21:52:47 +0000] "GET /wp-includes/sitemaps/autoload_classmap.php HTTP/1.1" 200 1290 "https://www.yahoo.com/" "Mozilla/5.0 (iPhone; CPU iPhone OS 17_1_1 like Mac OS X) AppleWebKit/605.1.15 (KHTML, like Gecko) Version/17.1 Mobile/15E148 Safari/604.1" "83.40.47.199, 65.52.164.54"
64.252.105.173 - - [26/Dec/2025:21:52:47 +0000] "GET /wp-includes/sitemaps/providers/index.php HTTP/1.1" 200 1290 "https://www.google.com/" "Mozilla/5.0 (Linux; Android 11; 21081111RG) AppleWebKit/537.36 (KHTML, like Gecko) Chrome/116.0.0.0 Mobile Safari/537.36" "158.136.123.59, 65.52.164.54"
64.252.105.173 - - [26/Dec/2025:21:52:47 +0000] "GET /wp-includes/style-engine/autoload_classmap.php HTTP/1.1" 200 1290 "https://www.yahoo.com/" "Mozilla/5.0 (iPhone; CPU iPhone OS 16_6_1 like Mac OS X) AppleWebKit/605.1.15 (KHTML, like Gecko) Version/16.6 Mobile/15E148 Safari/604.1" "105.26.234.109, 65.52.164.54"
64.252.104.82 - - [26/Dec/2025:21:52:47 +0000] "GET /wp-includes/style-engine/wp-conflg.php HTTP/1.1" 200 1290 "https://www.google.de/" "Mozilla/5.0 (Linux; Android 11; CPH2251) AppleWebKit/537.36 (KHTML, like Gecko) Chrome/116.0.0.0 Mobile Safari/537.36" "143.166.71.16, 65.52.164.54"
64.252.102.227 - - [26/Dec/2025:21:52:48 +0000] "GET /wp-includes/theme-compat/ HTTP/1.1" 200 1290 "https://www.yahoo.com/" "Mozilla/5.0 (iPhone; CPU iPhone OS 17_1 like Mac OS X) AppleWebKit/605.1.15 (KHTML, like Gecko) CriOS/119.0.6045.109 Mobile/15E148 Safari/604.1" "181.111.135.143, 65.52.164.54"
64.252.105.173 - - [26/Dec/2025:21:52:48 +0000] "GET /wp-login.php HTTP/1.1" 200 1290 "https://www.bing.com/" "Mozilla/5.0 (iPad; CPU OS 16_7_2 like Mac OS X) AppleWebKit/605.1.15 (KHTML, like Gecko) Version/16.6 Mobile/15E148 Safari/604.1" "54.210.89.126, 65.52.164.54"
64.252.104.82 - - [26/Dec/2025:21:52:48 +0000] "GET /wp-signin.php HTTP/1.1" 200 1290 "https://www.google.de/" "Mozilla/5.0 (Linux; Android 13; SM-S908E) AppleWebKit/537.36 (KHTML, like Gecko) Chrome/116.0.0.0 Mobile Safari/537.36" "190.74.224.225, 65.52.164.54"
64.252.102.227 - - [26/Dec/2025:21:52:48 +0000] "GET /wp-user.php HTTP/1.1" 200 1290 "https://www.bing.com/" "Mozilla/5.0 (iPhone; CPU iPhone OS 16_0 like Mac OS X) AppleWebKit/605.1.15 (KHTML, like Gecko) FxiOS/118.0 Mobile/15E148 Safari/605.1.15" "43.19.132.153, 65.52.164.54"
64.252.105.173 - - [26/Dec/2025:21:52:48 +0000] "GET /wp.php HTTP/1.1" 200 1290 "https://www.google.fr/" "Mozilla/5.0 (iPhone; CPU iPhone OS 17_1 like Mac OS X) AppleWebKit/605.1.15 (KHTML, like Gecko) CriOS/119.0.6045.109 Mobile/15E148 Safari/604.1" "115.163.74.93, 65.52.164.54"
64.252.104.82 - - [26/Dec/2025:21:52:48 +0000] "GET /xmlrpc.php HTTP/1.1" 200 1290 "https://www.google.com/" "Mozilla/5.0 (Linux; Android 13; M2101K6G) AppleWebKit/537.36 (KHTML, like Gecko) Chrome/116.0.0.0 Mobile Safari/537.36" "126.248.163.118, 65.52.164.54"
64.252.102.227 - - [26/Dec/2025:21:52:48 +0000] "GET /xmrlpc.php HTTP/1.1" 200 1290 "https://duckduckgo.com/" "Mozilla/5.0 (iPad; CPU OS 17_0_3 like Mac OS X) AppleWebKit/605.1.15 (KHTML, like Gecko) Version/17.0.1 Mobile/15E148 Safari/604.1" "2.71.78.47, 65.52.164.54"
64.252.89.32 - - [26/Dec/2025:22:14:19 +0000] "GET /robots.txt HTTP/1.1" 200 160 "-" "Mozilla/5.0 (Windows NT 10.0; Win64; x64) AppleWebKit/537.36 (KHTML, like Gecko) Chrome/103.0.5060.134 Safari/537.36" "138.246.253.24"
64.252.89.137 - - [26/Dec/2025:22:28:57 +0000] "GET /wp-admin/setup-config.php HTTP/1.1" 200 1290 "-" "https://abuts.fit/wp-admin/setup-config.php" "2a06:98c0:3600::103, 172.68.10.47"
64.252.89.137 - - [26/Dec/2025:22:30:10 +0000] "GET /wp-admin/setup-config.php HTTP/1.1" 200 1290 "-" "Mozilla/5.0 (Windows NT 10.0; Win64; x64) AppleWebKit/537.36 (KHTML, like Gecko) Chrome/143.0.0.0 Safari/537.36" "2a06:98c0:3600::103, 172.71.184.106"
64.252.87.252 - - [26/Dec/2025:22:31:10 +0000] "GET /wordpress/wp-admin/setup-config.php HTTP/1.1" 200 1290 "-" "http://abuts.fit/wordpress/wp-admin/setup-config.php" "2a06:98c0:3600::103, 172.68.10.47"
130.176.208.202 - - [26/Dec/2025:22:32:22 +0000] "GET /wordpress/wp-admin/setup-config.php HTTP/1.1" 200 1290 "-" "https://abuts.fit/wordpress/wp-admin/setup-config.php" "2a06:98c0:3600::103, 172.68.10.47"
15.158.55.109 - - [26/Dec/2025:22:37:15 +0000] "POST /xmlrpc.php HTTP/1.1" 404 9 "-" "Mozilla/5.0 (Windows NT 6.3; x64) AppleWebKit/537.36 (KHTML, like Gecko) Chrome/102.0.0.0 Safari/537.36" "196.89.44.228"
204.76.203.212 - - [26/Dec/2025:22:39:48 +0000] "GET / HTTP/1.1" 200 1290 "-" "Mozilla/5.0 (Windows NT 10.0; Win64; x64) AppleWebKit/537.36 (KHTML, like Gecko) Chrome/90.0.4430.85 Safari/537.36 Edg/90.0.818.46" "-"
64.252.78.149 - - [26/Dec/2025:22:45:53 +0000] "GET /index.html HTTP/1.1" 200 1290 "http://3.165.206.13:80/" "Amazon CloudFront" "205.210.31.128"
217.114.43.48 - - [26/Dec/2025:23:24:10 +0000] "GET / HTTP/1.1" 200 1290 "-" "Mozilla/5.0 (Windows NT 10.0; Win64; x64) AppleWebKit/537.36 (KHTML, like Gecko) Chrome/91.0.4472.124 Safari/537.36" "-"
204.76.203.219 - - [26/Dec/2025:23:27:32 +0000] "GET / HTTP/1.1" 200 1290 "-" "Mozilla/5.0 (Windows NT 10.0; Win64; x64) AppleWebKit/537.36 (KHTML, like Gecko) Chrome/90.0.4430.85 Safari/537.36 Edg/90.0.818.46" "-"
64.252.77.32 - - [26/Dec/2025:23:28:46 +0000] "GET /robots.txt HTTP/1.1" 200 160 "-" "Mozilla/5.0 (Macintosh; Intel Mac OS X 10_15_7) AppleWebKit/537.36 (KHTML, like Gecko) Chrome/131.0.0.0 Safari/537.36; compatible; OAI-SearchBot/1.0; +https://openai.com/searchbot" "104.210.140.131"
150.107.38.40 - - [26/Dec/2025:23:51:34 +0000] "\x16\x03\x01\x00\xFC\x01\x00\x00\xF8\x03\x03\x00\x81Z\x19\xDD\xF3S\x1A\x95:\xE7\xA9\x13\x0F\x8AK\xEC|}\xC0\xAB\xBC\x87P\xAC\x00\x95D\xA8\xD7BN \xB4\xFD\xE2\x8E\x18Qfm*" 400 150 "-" "-" "-"
150.107.38.40 - - [26/Dec/2025:23:51:44 +0000] "GET / HTTP/1.1" 200 1290 "-" "Mozilla/5.0 (Macintosh; Intel Mac OS X 10_15_7) AppleWebKit/537.36 (KHTML, like Gecko) Chrome/120.0.0.0 Safari/537.36 Edg/120.0.0.0" "-"
150.107.38.40 - - [26/Dec/2025:23:52:03 +0000] "GET /favicon.ico HTTP/1.1" 200 7645 "-" "Mozilla/5.0 (Macintosh; Intel Mac OS X 10_7_0) AppleWebKit/535.11 (KHTML, like Gecko) Chrome/17.0.963.56 Safari/535.11" "-"
150.107.38.40 - - [26/Dec/2025:23:52:03 +0000] "GET /robots.txt HTTP/1.1" 200 160 "-" "Mozilla/5.0 (Macintosh; Intel Mac OS X 10_7_0) AppleWebKit/535.11 (KHTML, like Gecko) Chrome/17.0.963.56 Safari/535.11" "-"
150.107.38.40 - - [26/Dec/2025:23:52:04 +0000] "GET /sitemap.xml HTTP/1.1" 200 1290 "-" "Mozilla/5.0 (Macintosh; Intel Mac OS X 10_7_0) AppleWebKit/535.11 (KHTML, like Gecko) Chrome/17.0.963.56 Safari/535.11" "-"
150.107.38.40 - - [26/Dec/2025:23:52:05 +0000] "GET /assets/index-BxAuyFj6.js HTTP/1.1" 200 506389 "-" "Go-http-client/1.1" "-"
150.107.38.40 - - [26/Dec/2025:23:52:06 +0000] "GET /config.json HTTP/1.1" 200 1290 "-" "Mozilla/5.0 (Macintosh; Intel Mac OS X 10_7_0) AppleWebKit/535.11 (KHTML, like Gecko) Chrome/17.0.963.56 Safari/535.11" "-"
5.187.35.158 - - [27/Dec/2025:00:00:28 +0000] "GET /SDK/webLanguage HTTP/1.1" 200 1290 "-" "Mozilla/5.0 (Windows NT 10.0; Win64; x64) AppleWebKit/537.36 (KHTML, like Gecko) Chrome/90.0.4430.85 Safari/537.36 Edg/90.0.818.46" "-"
64.62.197.152 - - [27/Dec/2025:00:01:41 +0000] "GET / HTTP/1.1" 200 1290 "-" "Mozilla/5.0 (Windows NT 10.0; Win64; x64) AppleWebKit/537.36 (KHTML, like Gecko) Chrome/120.0.0.0 YaBrowser/24.1.0.0 Safari/537.36" "-"
64.62.197.152 - - [27/Dec/2025:00:04:16 +0000] "GET /webui/ HTTP/1.1" 200 1290 "-" "Mozilla/5.0 (Windows NT 10.0; Win64; x64) AppleWebKit/537.36 (KHTML, like Gecko) Chrome/138.0.0.0 YaBrowser/25.8.0.0 Safari/537.36" "-"
64.62.197.165 - - [27/Dec/2025:00:05:53 +0000] "GET /favicon.ico HTTP/1.1" 200 7645 "-" "Mozilla/5.0 (Macintosh; Intel Mac OS X 10_15_7) AppleWebKit/605.1.15 (KHTML, like Gecko) Version/16.1 Safari/605.1.15" "-"
64.62.197.152 - - [27/Dec/2025:00:07:27 +0000] "GET /geoserver/web/ HTTP/1.1" 200 1290 "-" "Mozilla/5.0 (Windows NT 10.0; Win64; x64) AppleWebKit/537.36 (KHTML, like Gecko) Chrome/120.0.0.0 YaBrowser/24.1.0.0 Safari/537.36" "-"
93.174.93.12 - - [27/Dec/2025:00:15:12 +0000] "GET / HTTP/1.0" 400 0 "-" "Mozilla/5.0 (Windows NT 6.1; Win64; x64) AppleWebKit/537.36 (KHTML, like Gecko) Chrome/77.0.3835.0 Safari/537.36" "-"
207.154.192.154 - - [27/Dec/2025:00:24:42 +0000] "GET / HTTP/1.0" 400 0 "-" "-" "-"
207.154.192.154 - - [27/Dec/2025:00:24:42 +0000] "GET / HTTP/1.0" 400 0 "-" "-" "-"
