64.252.100.249 - - [21/Dec/2025:14:37:35 +0000] "GET /wp-content/admin-header.php HTTP/1.1" 200 1290 "https://duckduckgo.com/" "Mozilla/5.0 (iPad; CPU OS 17_0_3 like Mac OS X) AppleWebKit/605.1.15 (KHTML, like Gecko) Version/17.0.1 Mobile/15E148 Safari/604.1" "132.25.165.102, 135.235.163.228"
64.252.99.211 - - [21/Dec/2025:14:37:35 +0000] "GET /wp-content/themes/about.php HTTP/1.1" 200 1290 "https://www.google.com/" "Mozilla/5.0 (iPhone; CPU iPhone OS 17_1 like Mac OS X) AppleWebKit/605.1.15 (KHTML, like Gecko) CriOS/119.0.6045.109 Mobile/15E148 Safari/604.1" "228.213.209.5, 135.235.163.228"
64.252.100.249 - - [21/Dec/2025:14:37:35 +0000] "GET /wp-includes/js/dist HTTP/1.1" 200 1290 "https://www.google.de/" "Mozilla/5.0 (iPhone; CPU iPhone OS 16_6_1 like Mac OS X) AppleWebKit/605.1.15 (KHTML, like Gecko) Version/16.6 Mobile/15E148 Safari/604.1" "215.57.248.1, 135.235.163.228"
64.252.99.234 - - [21/Dec/2025:14:37:35 +0000] "GET /wp-includes/rest-api/fields HTTP/1.1" 200 1290 "https://www.google.com/" "Mozilla/5.0 (Linux; Android 11; 21081111RG) AppleWebKit/537.36 (KHTML, like Gecko) Chrome/116.0.0.0 Mobile Safari/537.36" "241.110.161.43, 135.235.163.228"
64.252.100.249 - - [21/Dec/2025:14:37:35 +0000] "GET /wp.php HTTP/1.1" 200 1290 "https://www.yahoo.com/" "Mozilla/5.0 (Linux; Android 10; LM-Q720) AppleWebKit/537.36 (KHTML, like Gecko) Chrome/116.0.0.0 Mobile Safari/537.36" "194.41.190.254, 135.235.163.228"
64.252.99.211 - - [21/Dec/2025:14:37:35 +0000] "GET /admin.php HTTP/1.1" 200 1290 "https://www.bing.com/" "Mozilla/5.g (Linux; Android 13; Pixel 7) AppleWebKit/537.36 (KHTML, like Gecko) Chrome/116.0.0.0 Mobile Safari/537.36" "60.182.30.225, 135.235.163.228"
64.252.99.234 - - [21/Dec/2025:14:37:35 +0000] "GET /adminfuns.php HTTP/1.1" 200 1290 "https://duckduckgo.com/" "Mozilla/5.0 (Linux; Android 13; SM-S908E) AppleWebKit/537.36 (KHTML, like Gecko) Chrome/116.0.0.0 Mobile Safari/537.36" "136.164.8.46, 135.235.163.228"
64.252.99.234 - - [21/Dec/2025:14:37:35 +0000] "GET /chosen.php HTTP/1.1" 200 1290 "https://www.google.fr/" "Mozilla/5.0 (iPhone; CPU iPhone OS 17_1 like Mac OS X) AppleWebKit/605.1.15 (KHTML, like Gecko) CriOS/119.0.6045.109 Mobile/15E148 Safari/604.1" "244.61.96.172, 135.235.163.228"
64.252.99.211 - - [21/Dec/2025:14:37:35 +0000] "GET /classwithtostring.php HTTP/1.1" 200 1290 "https://duckduckgo.com/" "Mozilla/5.0 (Linux; Android 12; 2201116SG) AppleWebKit/537.36 (KHTML, like Gecko) Chrome/116.0.0.0 Mobile Safari/537.36" "209.11.201.32, 135.235.163.228"
64.252.100.249 - - [21/Dec/2025:14:37:35 +0000] "GET /edit.php HTTP/1.1" 200 1290 "https://www.bing.com/" "Mozilla/5.0 (Linux; Android 10; K) AppleWebKit/537.36 (KHTML, like Gecko) Chrome/117.0.0.0 Mobile Safari/537.36" "233.210.118.53, 135.235.163.228"
64.252.99.234 - - [21/Dec/2025:14:37:35 +0000] "GET /goods.php HTTP/1.1" 200 1290 "https://www.google.de/" "Mozilla/5.0 (iPhone; CPU iPhone OS 17_1 like Mac OS X) AppleWebKit/605.1.15 (KHTML, like Gecko) CriOS/119.0.6045.109 Mobile/15E148 Safari/604.1" "142.214.13.83, 135.235.163.228"
64.252.100.249 - - [21/Dec/2025:14:37:35 +0000] "GET /k.php HTTP/1.1" 200 1290 "https://www.bing.com/" "Mozilla/5.0 (Linux; Android 11; CPH2251) AppleWebKit/537.36 (KHTML, like Gecko) Chrome/116.0.0.0 Mobile Safari/537.36" "244.248.79.217, 135.235.163.228"
64.252.99.211 - - [21/Dec/2025:14:37:36 +0000] "GET /mah/function.php HTTP/1.1" 200 1290 "https://www.google.fr/" "Mozilla/5.0 (Linux; Android 11; CPH2251) AppleWebKit/537.36 (KHTML, like Gecko) Chrome/116.0.0.0 Mobile Safari/537.36" "150.95.231.144, 135.235.163.228"
64.252.99.211 - - [21/Dec/2025:14:37:36 +0000] "GET /wp-conflg/function.php HTTP/1.1" 200 1290 "https://www.google.com/" "Mozilla/5.0 (iPhone; CPU iPhone OS 17_0_3 like Mac OS X) AppleWebKit/605.1.15 (KHTML, like Gecko) Version/17.0.1 Mobile/15E148 Safari/604.1" "88.48.174.66, 135.235.163.228"
64.252.99.211 - - [21/Dec/2025:14:37:36 +0000] "GET /wp-content/admin.php HTTP/1.1" 200 1290 "https://www.yahoo.com/" "Mozilla/5.0 (Linux; Android 12; V2134) AppleWebKit/537.36 (KHTML, like Gecko) Chrome/116.0.0.0 Mobile Safari/537.36" "122.125.117.74, 135.235.163.228"
64.252.99.211 - - [21/Dec/2025:14:37:36 +0000] "GET /wp-content/languages/index.php HTTP/1.1" 200 1290 "https://www.google.co.uk/" "Mozilla/5.0 (iPhone; CPU iPhone OS 17_1 like Mac OS X) AppleWebKit/605.1.15 (KHTML, like Gecko) CriOS/119.0.6045.109 Mobile/15E148 Safari/604.1" "185.243.161.221, 135.235.163.228"
64.252.99.211 - - [21/Dec/2025:14:37:36 +0000] "GET /wp-includes/PHPMailer/index.php HTTP/1.1" 200 1290 "https://duckduckgo.com/" "Mozilla/5.0 (iPad; CPU OS 16_7_2 like Mac OS X) AppleWebKit/605.1.15 (KHTML, like Gecko) Version/16.6 Mobile/15E148 Safari/604.1" "56.122.233.244, 135.235.163.228"
64.252.99.211 - - [21/Dec/2025:14:37:36 +0000] "GET /wp-includes/images HTTP/1.1" 200 1290 "https://www.google.de/" "Mozilla/5.0 (Linux; Android 14; Pixel 8 Pro) AppleWebKit/537.36 (KHTML, like Gecko) Chrome/119.0.0.0 Mobile Safari/537.36" "218.144.76.78, 135.235.163.228"
64.252.99.234 - - [21/Dec/2025:14:37:36 +0000] "GET /wp-includes/images/index.php HTTP/1.1" 200 1290 "https://www.google.de/" "Mozilla/5.0 (Linux; Android 10; K) AppleWebKit/537.36 (KHTML, like Gecko) Chrome/117.0.0.0 Mobile Safari/537.36" "123.232.198.92, 135.235.163.228"
64.252.100.249 - - [21/Dec/2025:14:37:36 +0000] "GET /wp-includes/js/dist/development HTTP/1.1" 200 1290 "https://www.google.de/" "Mozilla/5.0 (Linux; Android 13; M2101K6G) AppleWebKit/537.36 (KHTML, like Gecko) Chrome/116.0.0.0 Mobile Safari/537.36" "51.197.106.76, 135.235.163.228"
64.252.100.249 - - [21/Dec/2025:14:37:36 +0000] "GET /wp-user.php HTTP/1.1" 200 1290 "https://duckduckgo.com/" "Mozilla/5.0 (iPhone; CPU iPhone OS 17_1_1 like Mac OS X) AppleWebKit/605.1.15 (KHTML, like Gecko) Version/17.1 Mobile/15E148 Safari/604.1" "153.90.22.1, 135.235.163.228"
64.252.99.211 - - [21/Dec/2025:14:37:36 +0000] "GET /404.php HTTP/1.1" 200 1290 "https://duckduckgo.com/" "Mozilla/5.0 (Linux; Android 13; SM-G991U) AppleWebKit/537.36 (KHTML, like Gecko) Chrome/117.0.0.0 Mobile Safari/537.36" "65.65.100.199, 135.235.163.228"
64.252.99.234 - - [21/Dec/2025:14:37:36 +0000] "GET /akcc.php HTTP/1.1" 200 1290 "https://www.google.com/" "Mozilla/5.0 (iPad; CPU OS 16_7_2 like Mac OS X) AppleWebKit/605.1.15 (KHTML, like Gecko) Version/16.6 Mobile/15E148 Safari/604.1" "95.199.69.104, 135.235.163.228"
64.252.100.249 - - [21/Dec/2025:14:37:36 +0000] "GET /gg.php HTTP/1.1" 200 1290 "https://www.google.com/" "Mozilla/5.0 (Linux; Android 12; SM-A525F) AppleWebKit/537.36 (KHTML, like Gecko) Chrome/117.0.0.0 Mobile Safari/537.36" "218.70.146.148, 135.235.163.228"
64.252.100.249 - - [21/Dec/2025:14:37:36 +0000] "GET /mah.php HTTP/1.1" 200 1290 "https://www.google.com/" "Mozilla/5.0 (iPhone; CPU iPhone OS 15_7_9 like Mac OS X) AppleWebKit/605.1.15 (KHTML, like Gecko) Version/15.6.5 Mobile/15E148 Safari/604.1" "37.72.51.204, 135.235.163.228"
64.252.99.234 - - [21/Dec/2025:14:37:36 +0000] "GET /new.php HTTP/1.1" 200 1290 "https://www.google.com/" "Mozilla/5.0 (Linux; Android 12; V2134) AppleWebKit/537.36 (KHTML, like Gecko) Chrome/116.0.0.0 Mobile Safari/537.36" "146.202.151.189, 135.235.163.228"
64.252.99.211 - - [21/Dec/2025:14:37:36 +0000] "GET /themes.php HTTP/1.1" 200 1290 "https://www.google.com/" "Mozilla/5.g (Linux; Android 13; Pixel 7) AppleWebKit/537.36 (KHTML, like Gecko) Chrome/116.0.0.0 Mobile Safari/537.36" "26.251.201.251, 135.235.163.228"
64.252.99.211 - - [21/Dec/2025:14:37:36 +0000] "GET /uploads/index.php HTTP/1.1" 404 9 "https://www.yahoo.com/" "Mozilla/5.0 (Linux; Android 10; LM-Q720) AppleWebKit/537.36 (KHTML, like Gecko) Chrome/116.0.0.0 Mobile Safari/537.36" "34.12.252.171, 135.235.163.228"
64.252.99.234 - - [21/Dec/2025:14:37:36 +0000] "GET /wp-admin HTTP/1.1" 200 1290 "https://www.google.de/" "Mozilla/5.0 (Linux; Android 13; SM-S908E) AppleWebKit/537.36 (KHTML, like Gecko) Chrome/116.0.0.0 Mobile Safari/537.36" "28.68.121.217, 135.235.163.228"
64.252.99.211 - - [21/Dec/2025:14:37:36 +0000] "GET /wp-admin/classwithtostring.php HTTP/1.1" 200 1290 "https://www.bing.com/" "Mozilla/5.0 (Linux; Android 13; SM-G991U) AppleWebKit/537.36 (KHTML, like Gecko) Chrome/117.0.0.0 Mobile Safari/537.36" "5.136.17.130, 135.235.163.228"
64.252.100.249 - - [21/Dec/2025:14:37:36 +0000] "GET /wp-admin/css HTTP/1.1" 200 1290 "https://www.google.com/" "Mozilla/5.0 (iPad; CPU OS 16_7_2 like Mac OS X) AppleWebKit/605.1.15 (KHTML, like Gecko) Version/16.6 Mobile/15E148 Safari/604.1" "110.142.134.156, 135.235.163.228"
64.252.100.249 - - [21/Dec/2025:14:37:36 +0000] "GET /wp-admin/css/about.php HTTP/1.1" 200 1290 "https://duckduckgo.com/" "Mozilla/5.0 (iPhone; CPU iPhone OS 16_0 like Mac OS X) AppleWebKit/605.1.15 (KHTML, like Gecko) FxiOS/118.0 Mobile/15E148 Safari/605.1.15" "165.216.34.223, 135.235.163.228"
64.252.99.211 - - [21/Dec/2025:14:37:36 +0000] "GET /wp-admin/includes/colour.php HTTP/1.1" 200 1290 "https://www.google.co.uk/" "Mozilla/5.0 (iPhone; CPU iPhone OS 17_1_1 like Mac OS X) AppleWebKit/605.1.15 (KHTML, like Gecko) Version/17.1 Mobile/15E148 Safari/604.1" "110.89.222.67, 135.235.163.228"
64.252.100.249 - - [21/Dec/2025:14:37:36 +0000] "GET /wp-admin/js HTTP/1.1" 200 1290 "https://duckduckgo.com/" "Mozilla/5.0 (Linux; Android 11; CPH2251) AppleWebKit/537.36 (KHTML, like Gecko) Chrome/116.0.0.0 Mobile Safari/537.36" "130.63.117.11, 135.235.163.228"
64.252.99.211 - - [21/Dec/2025:14:37:36 +0000] "GET /wp-admin/js/autoload_classmap.php HTTP/1.1" 200 1290 "https://www.google.de/" "Mozilla/5.g (Linux; Android 13; Pixel 7) AppleWebKit/537.36 (KHTML, like Gecko) Chrome/116.0.0.0 Mobile Safari/537.36" "36.183.161.241, 135.235.163.228"
64.252.99.211 - - [21/Dec/2025:14:37:36 +0000] "GET /wp-admin/js/widgets HTTP/1.1" 200 1290 "https://www.google.com/" "Mozilla/5.0 (iPhone; CPU iPhone OS 17_0_3 like Mac OS X) AppleWebKit/605.1.15 (KHTML, like Gecko) Version/17.0.1 Mobile/15E148 Safari/604.1" "102.176.137.255, 135.235.163.228"
64.252.100.249 - - [21/Dec/2025:14:37:36 +0000] "GET /wp-content/autoload_classmap.php HTTP/1.1" 200 1290 "https://duckduckgo.com/" "Mozilla/5.0 (Linux; Android 14; Pixel 8 Pro) AppleWebKit/537.36 (KHTML, like Gecko) Chrome/119.0.0.0 Mobile Safari/537.36" "39.117.206.171, 135.235.163.228"
64.252.100.249 - - [21/Dec/2025:14:37:36 +0000] "GET /wp-content/backups-dup-lite HTTP/1.1" 200 1290 "https://www.google.com/" "Mozilla/5.0 (Linux; Android 10; K) AppleWebKit/537.36 (KHTML, like Gecko) Chrome/117.0.0.0 Mobile Safari/537.36" "250.183.162.122, 135.235.163.228"
64.252.99.211 - - [21/Dec/2025:14:37:36 +0000] "GET /wp-content/languages HTTP/1.1" 200 1290 "https://www.google.fr/" "Mozilla/5.0 (Linux; Android 13; SM-G991U) AppleWebKit/537.36 (KHTML, like Gecko) Chrome/117.0.0.0 Mobile Safari/537.36" "0.198.243.45, 135.235.163.228"
64.252.99.234 - - [21/Dec/2025:14:37:36 +0000] "GET /wp-content/plugins/admin.php HTTP/1.1" 200 1290 "https://www.bing.com/" "Mozilla/5.0 (Linux; Android 11; 21081111RG) AppleWebKit/537.36 (KHTML, like Gecko) Chrome/116.0.0.0 Mobile Safari/537.36" "168.250.218.232, 135.235.163.228"
64.252.99.234 - - [21/Dec/2025:14:37:36 +0000] "GET /wp-content/themes/admin.php HTTP/1.1" 200 1290 "https://www.bing.com/" "Mozilla/5.0 (iPhone; CPU iPhone OS 15_7_9 like Mac OS X) AppleWebKit/605.1.15 (KHTML, like Gecko) Version/15.6.5 Mobile/15E148 Safari/604.1" "199.169.61.255, 135.235.163.228"
64.252.99.234 - - [21/Dec/2025:14:37:36 +0000] "GET /wp-content/uploads HTTP/1.1" 200 1290 "https://www.google.com/" "Mozilla/5.g (Linux; Android 13; Pixel 7) AppleWebKit/537.36 (KHTML, like Gecko) Chrome/116.0.0.0 Mobile Safari/537.36" "201.90.66.241, 135.235.163.228"
64.252.99.211 - - [21/Dec/2025:14:37:36 +0000] "GET /wp-content/uploads/2025 HTTP/1.1" 200 1290 "https://www.yahoo.com/" "Mozilla/5.g (Linux; Android 13; Pixel 7) AppleWebKit/537.36 (KHTML, like Gecko) Chrome/116.0.0.0 Mobile Safari/537.36" "18.73.185.41, 135.235.163.228"
64.252.99.234 - - [21/Dec/2025:14:37:36 +0000] "GET /wp-includes/IXR HTTP/1.1" 200 1290 "https://www.yahoo.com/" "Mozilla/5.0 (iPhone; CPU iPhone OS 17_1 like Mac OS X) AppleWebKit/605.1.15 (KHTML, like Gecko) CriOS/119.0.6045.109 Mobile/15E148 Safari/604.1" "133.27.59.125, 135.235.163.228"
64.252.99.234 - - [21/Dec/2025:14:37:36 +0000] "GET /wp-includes/IXR/index.php HTTP/1.1" 200 1290 "https://duckduckgo.com/" "Mozilla/5.0 (Linux; Android 12; V2134) AppleWebKit/537.36 (KHTML, like Gecko) Chrome/116.0.0.0 Mobile Safari/537.36" "166.144.202.193, 135.235.163.228"
64.252.99.234 - - [21/Dec/2025:14:37:36 +0000] "GET /wp-includes/SimplePie/index.php HTTP/1.1" 200 1290 "https://www.yahoo.com/" "Mozilla/5.0 (Linux; Android 10; LM-Q720) AppleWebKit/537.36 (KHTML, like Gecko) Chrome/116.0.0.0 Mobile Safari/537.36" "18.33.38.78, 135.235.163.228"
64.252.99.234 - - [21/Dec/2025:14:37:36 +0000] "GET /wp-includes/Text HTTP/1.1" 200 1290 "https://www.google.fr/" "Mozilla/5.0 (Linux; Android 11; 21081111RG) AppleWebKit/537.36 (KHTML, like Gecko) Chrome/116.0.0.0 Mobile Safari/537.36" "197.233.127.43, 135.235.163.228"
64.252.99.211 - - [21/Dec/2025:14:37:36 +0000] "GET /wp-includes/Text/Diff/Engine HTTP/1.1" 200 1290 "https://www.google.de/" "Mozilla/5.0 (Linux; Android 10; LM-Q720) AppleWebKit/537.36 (KHTML, like Gecko) Chrome/116.0.0.0 Mobile Safari/537.36" "152.80.85.46, 135.235.163.228"
64.252.99.211 - - [21/Dec/2025:14:37:36 +0000] "GET /wp-includes/block-bindings/index.php HTTP/1.1" 200 1290 "https://www.yahoo.com/" "Mozilla/5.0 (Linux; Android 13; SM-S908E) AppleWebKit/537.36 (KHTML, like Gecko) Chrome/116.0.0.0 Mobile Safari/537.36" "209.226.216.106, 135.235.163.228"
64.252.100.249 - - [21/Dec/2025:14:37:36 +0000] "GET /wp-includes/block-supports HTTP/1.1" 200 1290 "https://www.google.fr/" "Mozilla/5.g (Linux; Android 13; Pixel 7) AppleWebKit/537.36 (KHTML, like Gecko) Chrome/116.0.0.0 Mobile Safari/537.36" "74.39.145.245, 135.235.163.228"
64.252.99.211 - - [21/Dec/2025:14:37:36 +0000] "GET /wp-includes/blocks/code HTTP/1.1" 200 1290 "https://www.google.de/" "Mozilla/5.g (Linux; Android 13; Pixel 7) AppleWebKit/537.36 (KHTML, like Gecko) Chrome/116.0.0.0 Mobile Safari/537.36" "146.171.154.205, 135.235.163.228"
64.252.99.234 - - [21/Dec/2025:14:37:36 +0000] "GET /wp-includes/customize/chosen.php HTTP/1.1" 200 1290 "https://www.google.com/" "Mozilla/5.0 (Linux; Android 13; SM-S908E) AppleWebKit/537.36 (KHTML, like Gecko) Chrome/116.0.0.0 Mobile Safari/537.36" "201.119.230.213, 135.235.163.228"
64.252.99.234 - - [21/Dec/2025:14:37:36 +0000] "GET /wp-includes/html-api/index.php HTTP/1.1" 200 1290 "https://www.bing.com/" "Mozilla/5.0 (Linux; Android 13; SM-S908E) AppleWebKit/537.36 (KHTML, like Gecko) Chrome/116.0.0.0 Mobile Safari/537.36" "149.21.64.44, 135.235.163.228"
64.252.100.249 - - [21/Dec/2025:14:37:36 +0000] "GET /wp-includes/index.php HTTP/1.1" 200 1290 "https://duckduckgo.com/" "Mozilla/5.0 (iPhone; CPU iPhone OS 16_6_1 like Mac OS X) AppleWebKit/605.1.15 (KHTML, like Gecko) Version/16.6 Mobile/15E148 Safari/604.1" "0.165.208.196, 135.235.163.228"
64.252.99.211 - - [21/Dec/2025:14:37:36 +0000] "GET /wp-includes/js/dist/development/index.php HTTP/1.1" 200 1290 "https://www.google.fr/" "Mozilla/5.0 (iPhone; CPU iPhone OS 16_6_1 like Mac OS X) AppleWebKit/605.1.15 (KHTML, like Gecko) Version/16.6 Mobile/15E148 Safari/604.1" "249.228.173.141, 135.235.163.228"
64.252.100.249 - - [21/Dec/2025:14:37:36 +0000] "GET /wp-includes/pomo/index.php HTTP/1.1" 200 1290 "https://www.google.co.uk/" "Mozilla/5.0 (Linux; Android 10; LM-Q720) AppleWebKit/537.36 (KHTML, like Gecko) Chrome/116.0.0.0 Mobile Safari/537.36" "83.3.90.95, 135.235.163.228"
64.252.100.249 - - [21/Dec/2025:14:37:36 +0000] "GET /wp-includes/rest-api HTTP/1.1" 200 1290 "https://www.google.fr/" "Mozilla/5.0 (iPhone; CPU iPhone OS 15_7_9 like Mac OS X) AppleWebKit/605.1.15 (KHTML, like Gecko) Version/15.6.5 Mobile/15E148 Safari/604.1" "230.35.53.150, 135.235.163.228"
64.252.99.234 - - [21/Dec/2025:14:37:36 +0000] "GET /wp-includes/sitemaps/autoload_classmap.php HTTP/1.1" 200 1290 "https://www.google.de/" "Mozilla/5.0 (iPhone; CPU iPhone OS 17_1 like Mac OS X) AppleWebKit/605.1.15 (KHTML, like Gecko) CriOS/119.0.6045.109 Mobile/15E148 Safari/604.1" "149.242.54.118, 135.235.163.228"
64.252.99.211 - - [21/Dec/2025:14:37:36 +0000] "GET /wp-includes/theme-compat HTTP/1.1" 200 1290 "https://www.google.co.uk/" "Mozilla/5.0 (Linux; Android 13; M2101K6G) AppleWebKit/537.36 (KHTML, like Gecko) Chrome/116.0.0.0 Mobile Safari/537.36" "173.101.255.224, 135.235.163.228"
204.76.203.219 - - [21/Dec/2025:14:39:21 +0000] "GET / HTTP/1.1" 200 1290 "-" "Mozilla/5.0 (Windows NT 10.0; Win64; x64) AppleWebKit/537.36 (KHTML, like Gecko) Chrome/90.0.4430.85 Safari/537.36 Edg/90.0.818.46" "-"
185.242.226.113 - - [21/Dec/2025:15:09:02 +0000] "\x16\x03\x01\x00\x8B\x01\x00\x00\x87\x03\x03Y\xF7\xB5D\xCB\xE5,bO\xADn\xD3\x08\xB8e\xB3\xDAg\xAD\x1E\xBD\xA0o\x93\x93i\x9EoU\xDC\xFF>\x00\x00\x1A\xC0/\xC0+\xC0\x11\xC0\x07\xC0\x13\xC0\x09\xC0\x14\xC0" 400 150 "-" "-" "-"
157.245.209.233 - - [21/Dec/2025:15:39:58 +0000] "GET /admin/config.php HTTP/1.0" 200 1290 "-" "xfa1,nvdorz,nvd0rz" "-"
146.190.255.31 - - [21/Dec/2025:15:57:25 +0000] "GET / HTTP/1.1" 200 1290 "-" "Mozilla/5.0 (X11; Linux x86_64) AppleWebKit/537.36 (KHTML, like Gecko) Chrome/142.0.0.0 Safari/537.36" "-"
146.190.255.31 - - [21/Dec/2025:15:57:25 +0000] "GET /favicon.ico HTTP/1.1" 200 7645 "http://13.203.56.190/" "Mozilla/5.0 (X11; Linux x86_64) AppleWebKit/537.36 (KHTML, like Gecko) Chrome/142.0.0.0 Safari/537.36" "-"
18.68.4.146 - - [21/Dec/2025:16:15:34 +0000] "GET /robots.txt HTTP/1.1" 200 160 "-" "Mozilla/5.0 (compatible; Googlebot/2.1; +http://www.google.com/bot.html)" "66.249.64.226"
204.76.203.219 - - [21/Dec/2025:16:25:16 +0000] "GET / HTTP/1.1" 200 1290 "-" "Mozilla/5.0 (Windows NT 10.0; Win64; x64) AppleWebKit/537.36 (KHTML, like Gecko) Chrome/90.0.4430.85 Safari/537.36 Edg/90.0.818.46" "-"
43.163.206.70 - - [21/Dec/2025:16:39:07 +0000] "GET / HTTP/1.1" 200 1290 "-" "Mozilla/5.0 (iPhone; CPU iPhone OS 13_2_3 like Mac OS X) AppleWebKit/605.1.15 (KHTML, like Gecko) Version/13.0.3 Mobile/15E148 Safari/604.1" "-"
91.224.92.121 - - [21/Dec/2025:17:04:32 +0000] "OPTIONS / HTTP/1.1" 204 0 "-" "Mozilla/5.0 (Windows NT 10.0; Win64; x64) AppleWebKit/537.36 (KHTML, like Gecko) Chrome/114.0.5735.199 Safari/537.36" "-"
87.121.84.148 - - [21/Dec/2025:17:56:41 +0000] "GET / HTTP/1.1" 200 1290 "-" "Mozilla/1.0" "-"
187.110.175.195 - - [21/Dec/2025:18:14:06 +0000] "GET /admin/config.php HTTP/1.0" 200 1290 "-" "xfa1,nvdorz,nvd0rz" "-"
64.252.73.206 - - [21/Dec/2025:18:18:22 +0000] "GET /robots.txt HTTP/1.1" 200 160 "-" "Mozilla/5.0 AppleWebKit/537.36 (KHTML, like Gecko; compatible; bingbot/2.0; +http://www.bing.com/bingbot.htm) Chrome/116.0.1938.76 Safari/537.36" "52.167.144.59"
64.252.72.195 - - [21/Dec/2025:18:18:32 +0000] "GET /sitemap.xml HTTP/1.1" 200 1290 "-" "Mozilla/5.0 AppleWebKit/537.36 (KHTML, like Gecko; compatible; bingbot/2.0; +http://www.bing.com/bingbot.htm) Chrome/116.0.1938.76 Safari/537.36" "40.77.167.61"
113.25.106.126 - - [21/Dec/2025:18:24:30 +0000] "POST /GponForm/diag_Form?images/ HTTP/1.1" 404 9 "-" "Hello, World" "-"
113.25.106.126 - - [21/Dec/2025:18:24:30 +0000] ";sh+/tmp/gpon80&ipv=0" 400 150 "-" "-" "-"
64.252.99.211 - - [21/Dec/2025:18:28:05 +0000] "GET /wp-login.php HTTP/1.1" 200 1290 "-" "Mozilla/5.0" "103.136.212.32"
204.76.203.219 - - [21/Dec/2025:18:38:30 +0000] "GET / HTTP/1.1" 200 1290 "-" "Mozilla/5.0 (Windows NT 10.0; Win64; x64) AppleWebKit/537.36 (KHTML, like Gecko) Chrome/90.0.4430.85 Safari/537.36 Edg/90.0.818.46" "-"
170.106.192.208 - - [21/Dec/2025:18:48:19 +0000] "GET / HTTP/1.1" 200 1290 "-" "Mozilla/5.0 (iPhone; CPU iPhone OS 13_2_3 like Mac OS X) AppleWebKit/605.1.15 (KHTML, like Gecko) Version/13.0.3 Mobile/15E148 Safari/604.1" "-"
64.252.112.58 - - [21/Dec/2025:19:03:03 +0000] "GET /index.html HTTP/1.1" 200 1290 "-" "Mozilla/5.0 (Windows NT 6.1; Win64; x64) AppleWebKit/537.36 (KHTML, like Gecko)Chrome/74.0.3729.169 Safari/537.36" "42.83.147.56"
3.172.35.19 - - [21/Dec/2025:19:03:03 +0000] "GET /index.html HTTP/1.1" 200 1290 "-" "Mozilla/5.0 (Windows NT 6.1; Win64; x64) AppleWebKit/537.36 (KHTML, like Gecko)Chrome/74.0.3729.169 Safari/537.36" "42.83.147.56"
72.146.234.81 - - [21/Dec/2025:19:17:39 +0000] "POST /cgi-bin/luci/;stok=/locale?form=country HTTP/1.1" 404 9 "-" "Mozilla/5.0 (X11; Linux x86_64; rv:101.0) Gecko/20100101 Firefox/101.0" "-"
64.252.105.173 - - [21/Dec/2025:19:30:27 +0000] "GET /index.html HTTP/1.1" 200 1290 "http://abuts.fit" "Mozilla/5.0 (iPhone; CPU iPhone OS 13_2_3 like Mac OS X) AppleWebKit/605.1.15 (KHTML, like Gecko) Version/13.0.3 Mobile/15E148 Safari/604.1" "182.44.8.254"
162.243.37.59 - - [21/Dec/2025:19:49:29 +0000] "\x16\x03\x01\x00{\x01\x00\x00w\x03\x03\x8F\xF3\xD7Y\x91\x08N\xD5\x12C\xAF\xA3\xDE\x8D\x8D\x5C6\x5C\x9C\xA3I<\x8B\xF7\xCE=\xF5\xA1\xEB6\xF3*\x00\x00\x1A\xC0/\xC0+\xC0\x11\xC0\x07\xC0\x13\xC0\x09\xC0\x14\xC0" 400 150 "-" "-" "-"
162.243.37.59 - - [21/Dec/2025:19:49:29 +0000] "\x16\x03\x01\x00{\x01\x00\x00w\x03\x032s8\x9D\xE79\xC8\xFD\x96\x1B-\x17>\xC8\x9D33\x08U\xFF\xDB\xD9\x8D\x82ih\xE6\x8D\xEDG\x1Ds\x00\x00\x1A\xC0/\xC0+\xC0\x11\xC0\x07\xC0\x13\xC0\x09\xC0\x14\xC0" 400 150 "-" "-" "-"
162.243.37.59 - - [21/Dec/2025:19:49:29 +0000] "GET / HTTP/1.1" 200 1290 "-" "Mozilla/5.0 (Windows NT 10.0; Win64; x64) AppleWebKit/537.36 (KHTML, like Gecko) Chrome/108.0.0.0 Safari/537.36" "-"
162.243.37.59 - - [21/Dec/2025:19:49:29 +0000] "GET /form.html HTTP/1.1" 200 1290 "-" "curl/8.1.2" "-"
162.243.37.59 - - [21/Dec/2025:19:49:30 +0000] "GET /upl.php HTTP/1.1" 200 1290 "-" "Mozilla/5.0" "-"
162.243.37.59 - - [21/Dec/2025:19:49:30 +0000] "GET /t4 HTTP/1.1" 200 1290 "-" "Mozilla/5.0" "-"
162.243.37.59 - - [21/Dec/2025:19:49:30 +0000] "GET /geoip/ HTTP/1.1" 200 1290 "-" "Mozilla/5.0 (Windows NT 10.0; Win64; x64) AppleWebKit/537.36 (KHTML, like Gecko) Chrome/108.0.0.0 Safari/537.36" "-"
162.243.37.59 - - [21/Dec/2025:19:49:31 +0000] "GET /favicon.ico HTTP/1.1" 200 7645 "-" "Mozilla/5.0 (Windows NT 10.0; Win64; x64) AppleWebKit/537.36 (KHTML, like Gecko) Chrome/108.0.0.0 Safari/537.36" "-"
162.243.37.59 - - [21/Dec/2025:19:49:31 +0000] "GET /1.php HTTP/1.1" 200 1290 "-" "Mozilla/5.0 (Windows NT 10.0; Win64; x64) AppleWebKit/537.36 (KHTML, like Gecko) Chrome/108.0.0.0 Safari/537.36" "-"
162.243.37.59 - - [21/Dec/2025:19:49:32 +0000] "GET /systembc/password.php HTTP/1.1" 200 1290 "-" "Mozilla/5.0 (Windows NT 10.0; Win64; x64) AppleWebKit/537.36 (KHTML, like Gecko) Chrome/108.0.0.0 Safari/537.36" "-"
162.243.37.59 - - [21/Dec/2025:19:49:32 +0000] "GET /password.php HTTP/1.1" 200 1290 "-" "Mozilla/5.0 (Windows NT 10.0; Win64; x64) AppleWebKit/537.36 (KHTML, like Gecko) Chrome/108.0.0.0 Safari/537.36" "-"
40.124.174.248 - - [21/Dec/2025:20:18:39 +0000] "GET /ReportServer HTTP/1.1" 200 1290 "-" "Mozilla/5.0 zgrab/0.x" "-"
20.64.105.244 - - [21/Dec/2025:20:21:20 +0000] "GET / HTTP/1.1" 200 1290 "-" "Mozilla/5.0 zgrab/0.x" "-"
204.76.203.219 - - [21/Dec/2025:20:33:31 +0000] "GET / HTTP/1.1" 200 1290 "-" "Mozilla/5.0 (Windows NT 10.0; Win64; x64) AppleWebKit/537.36 (KHTML, like Gecko) Chrome/90.0.4430.85 Safari/537.36 Edg/90.0.818.46" "-"
64.252.87.252 - - [21/Dec/2025:21:06:41 +0000] "GET /.git/config HTTP/1.1" 200 1290 "-" "Mozilla/5.0 (Macintosh; Intel Mac OS X 10_14_6) AppleWebKit/537.36 (KHTML, like Gecko) Chrome/75.0.3770.142 Safari/537.36" "45.144.212.43"
205.210.31.149 - - [21/Dec/2025:21:24:48 +0000] "GET / HTTP/1.0" 400 0 "-" "Hello from Palo Alto Networks, find out more about our scans in https://docs-cortex.paloaltonetworks.com/r/1/Cortex-Xpanse/Scanning-activity" "-"
64.252.119.122 - - [21/Dec/2025:21:37:26 +0000] "GET /index.html HTTP/1.1" 200 1290 "-" "Mozilla/5.0 (X11; Linux x86_64) AppleWebKit/537.36 (KHTML, like Gecko) Chrome/142.0.0.0 Safari/537.36" "164.92.92.4"
64.252.119.122 - - [21/Dec/2025:21:37:27 +0000] "GET /favicon.ico HTTP/1.1" 200 7645 "https://abuts.fit/" "Mozilla/5.0 (X11; Linux x86_64) AppleWebKit/537.36 (KHTML, like Gecko) Chrome/142.0.0.0 Safari/537.36" "164.92.92.4"
198.235.24.148 - - [21/Dec/2025:21:45:44 +0000] "GET / HTTP/1.1" 200 1290 "-" "Hello from Palo Alto Networks, find out more about our scans in https://docs-cortex.paloaltonetworks.com/r/1/Cortex-Xpanse/Scanning-activity" "-"
172.236.228.229 - - [21/Dec/2025:21:46:26 +0000] "\x16\x03\x01\x01" 400 150 "-" "-" "-"
172.236.228.229 - - [21/Dec/2025:21:46:28 +0000] "\x16\x03\x01\x01" 400 150 "-" "-" "-"
18.68.56.19 - - [21/Dec/2025:21:47:45 +0000] "GET /.git/config HTTP/1.1" 200 1290 "-" "Mozilla/5.0 (Windows NT 6.2; Win64; x64; rv:16.0) Gecko/16.0 Firefox/16.0" "45.144.212.43"
64.252.112.58 - - [21/Dec/2025:21:57:02 +0000] "GET /wp-good.php HTTP/1.1" 200 1290 "https://www.google.co.uk/" "Mozilla/5.0 (Linux; Android 11; 21081111RG) AppleWebKit/537.36 (KHTML, like Gecko) Chrome/116.0.0.0 Mobile Safari/537.36" "19.42.131.233, 4.189.129.123"
64.252.113.179 - - [21/Dec/2025:21:57:02 +0000] "GET /ioxi-o.php HTTP/1.1" 200 1290 "https://www.google.com/" "Mozilla/5.0 (iPhone; CPU iPhone OS 17_0_3 like Mac OS X) AppleWebKit/605.1.15 (KHTML, like Gecko) Version/17.0.1 Mobile/15E148 Safari/604.1" "184.69.34.168, 4.189.129.123"
64.252.112.58 - - [21/Dec/2025:21:57:03 +0000] "GET /file.php HTTP/1.1" 200 1290 "https://www.google.fr/" "Mozilla/5.0 (iPad; CPU OS 17_0_3 like Mac OS X) AppleWebKit/605.1.15 (KHTML, like Gecko) Version/17.0.1 Mobile/15E148 Safari/604.1" "135.211.32.131, 4.189.129.123"
64.252.112.199 - - [21/Dec/2025:21:57:03 +0000] "GET /wp-admin/css/colors/blue HTTP/1.1" 200 1290 "https://www.google.co.uk/" "Mozilla/5.0 (iPad; CPU OS 16_7_2 like Mac OS X) AppleWebKit/605.1.15 (KHTML, like Gecko) Version/16.6 Mobile/15E148 Safari/604.1" "204.51.146.38, 4.189.129.123"
64.252.112.199 - - [21/Dec/2025:21:57:03 +0000] "GET /wp-signin.php HTTP/1.1" 200 1290 "https://www.google.de/" "Mozilla/5.0 (Linux; Android 12; 2201116SG) AppleWebKit/537.36 (KHTML, like Gecko) Chrome/116.0.0.0 Mobile Safari/537.36" "143.151.151.129, 4.189.129.123"
64.252.112.199 - - [21/Dec/2025:21:57:03 +0000] "GET /abcd.php HTTP/1.1" 200 1290 "https://duckduckgo.com/" "Mozilla/5.0 (Linux; Android 11; CPH2251) AppleWebKit/537.36 (KHTML, like Gecko) Chrome/116.0.0.0 Mobile Safari/537.36" "182.101.26.190, 4.189.129.123"
64.252.112.58 - - [21/Dec/2025:21:57:03 +0000] "GET /wp-includes/block-bindings HTTP/1.1" 200 1290 "https://www.google.de/" "Mozilla/5.0 (Linux; Android 13; SM-G991U) AppleWebKit/537.36 (KHTML, like Gecko) Chrome/117.0.0.0 Mobile Safari/537.36" "206.57.140.118, 4.189.129.123"
64.252.112.58 - - [21/Dec/2025:21:57:03 +0000] "GET /about.php HTTP/1.1" 200 1290 "https://duckduckgo.com/" "Mozilla/5.0 (iPhone; CPU iPhone OS 16_0 like Mac OS X) AppleWebKit/605.1.15 (KHTML, like Gecko) FxiOS/118.0 Mobile/15E148 Safari/605.1.15" "142.75.220.49, 4.189.129.123"
64.252.112.58 - - [21/Dec/2025:21:57:04 +0000] "GET /bless.php HTTP/1.1" 200 1290 "https://www.google.fr/" "Mozilla/5.0 (iPhone; CPU iPhone OS 15_7_9 like Mac OS X) AppleWebKit/605.1.15 (KHTML, like Gecko) Version/15.6.5 Mobile/15E148 Safari/604.1" "200.77.139.227, 4.189.129.123"
64.252.112.58 - - [21/Dec/2025:21:57:04 +0000] "GET /images/install.php HTTP/1.1" 200 1290 "https://www.google.co.uk/" "Mozilla/5.0 (iPhone; CPU iPhone OS 17_1 like Mac OS X) AppleWebKit/605.1.15 (KHTML, like Gecko) CriOS/119.0.6045.109 Mobile/15E148 Safari/604.1" "111.4.77.6, 4.189.129.123"
64.252.112.58 - - [21/Dec/2025:21:57:04 +0000] "GET /num.php HTTP/1.1" 200 1290 "https://www.google.de/" "Mozilla/5.0 (Linux; Android 10; LM-Q720) AppleWebKit/537.36 (KHTML, like Gecko) Chrome/116.0.0.0 Mobile Safari/537.36" "220.167.18.87, 4.189.129.123"
64.252.112.199 - - [21/Dec/2025:21:57:04 +0000] "GET /txets.php HTTP/1.1" 200 1290 "https://www.google.com/" "Mozilla/5.0 (Linux; Android 13; M2101K6G) AppleWebKit/537.36 (KHTML, like Gecko) Chrome/116.0.0.0 Mobile Safari/537.36" "200.232.218.238, 4.189.129.123"
64.252.112.58 - - [21/Dec/2025:21:57:04 +0000] "GET /wp-blog.php HTTP/1.1" 200 1290 "https://www.yahoo.com/" "Mozilla/5.g (Linux; Android 13; Pixel 7) AppleWebKit/537.36 (KHTML, like Gecko) Chrome/116.0.0.0 Mobile Safari/537.36" "35.204.23.253, 4.189.129.123"
64.252.112.58 - - [21/Dec/2025:21:57:04 +0000] "GET /wp-content/admin-header.php HTTP/1.1" 200 1290 "https://duckduckgo.com/" "Mozilla/5.0 (iPhone; CPU iPhone OS 17_1_1 like Mac OS X) AppleWebKit/605.1.15 (KHTML, like Gecko) Version/17.1 Mobile/15E148 Safari/604.1" "26.181.43.203, 4.189.129.123"
64.252.113.179 - - [21/Dec/2025:21:57:04 +0000] "GET /wp-content/themes/about.php HTTP/1.1" 200 1290 "https://www.bing.com/" "Mozilla/5.0 (Linux; Android 12; V2134) AppleWebKit/537.36 (KHTML, like Gecko) Chrome/116.0.0.0 Mobile Safari/537.36" "170.3.24.88, 4.189.129.123"
64.252.112.199 - - [21/Dec/2025:21:57:05 +0000] "GET /wp-includes/js/dist HTTP/1.1" 200 1290 "https://www.google.com/" "Mozilla/5.0 (Linux; Android 11; CPH2251) AppleWebKit/537.36 (KHTML, like Gecko) Chrome/116.0.0.0 Mobile Safari/537.36" "26.218.12.87, 4.189.129.123"
64.252.112.199 - - [21/Dec/2025:21:57:05 +0000] "GET /wp-includes/rest-api/fields HTTP/1.1" 200 1290 "https://www.google.com/" "Mozilla/5.0 (Linux; Android 11; CPH2251) AppleWebKit/537.36 (KHTML, like Gecko) Chrome/116.0.0.0 Mobile Safari/537.36" "15.26.129.157, 4.189.129.123"
64.252.112.199 - - [21/Dec/2025:21:57:05 +0000] "GET /wp.php HTTP/1.1" 200 1290 "https://www.google.fr/" "Mozilla/5.0 (iPhone; CPU iPhone OS 16_6_1 like Mac OS X) AppleWebKit/605.1.15 (KHTML, like Gecko) Version/16.6 Mobile/15E148 Safari/604.1" "79.151.237.186, 4.189.129.123"
64.252.112.58 - - [21/Dec/2025:21:57:05 +0000] "GET /admin.php HTTP/1.1" 200 1290 "https://www.google.co.uk/" "Mozilla/5.0 (iPad; CPU OS 17_0_3 like Mac OS X) AppleWebKit/605.1.15 (KHTML, like Gecko) Version/17.0.1 Mobile/15E148 Safari/604.1" "192.96.17.187, 4.189.129.123"
64.252.112.199 - - [21/Dec/2025:21:57:05 +0000] "GET /adminfuns.php HTTP/1.1" 200 1290 "https://www.google.fr/" "Mozilla/5.0 (iPhone; CPU iPhone OS 16_0 like Mac OS X) AppleWebKit/605.1.15 (KHTML, like Gecko) FxiOS/118.0 Mobile/15E148 Safari/605.1.15" "153.50.242.75, 4.189.129.123"
64.252.112.58 - - [21/Dec/2025:21:57:05 +0000] "GET /chosen.php HTTP/1.1" 200 1290 "https://www.google.com/" "Mozilla/5.0 (Linux; Android 12; SM-A525F) AppleWebKit/537.36 (KHTML, like Gecko) Chrome/117.0.0.0 Mobile Safari/537.36" "56.244.150.161, 4.189.129.123"
64.252.113.179 - - [21/Dec/2025:21:57:05 +0000] "GET /classwithtostring.php HTTP/1.1" 200 1290 "https://www.google.com/" "Mozilla/5.0 (Linux; Android 13; M2101K6G) AppleWebKit/537.36 (KHTML, like Gecko) Chrome/116.0.0.0 Mobile Safari/537.36" "228.183.122.159, 4.189.129.123"
64.252.112.199 - - [21/Dec/2025:21:57:06 +0000] "GET /edit.php HTTP/1.1" 200 1290 "https://www.bing.com/" "Mozilla/5.0 (Linux; Android 13; SM-G991U) AppleWebKit/537.36 (KHTML, like Gecko) Chrome/117.0.0.0 Mobile Safari/537.36" "111.11.18.178, 4.189.129.123"
64.252.112.199 - - [21/Dec/2025:21:57:06 +0000] "GET /goods.php HTTP/1.1" 200 1290 "https://www.google.fr/" "Mozilla/5.0 (Linux; Android 11; CPH2251) AppleWebKit/537.36 (KHTML, like Gecko) Chrome/116.0.0.0 Mobile Safari/537.36" "217.214.26.81, 4.189.129.123"
64.252.112.58 - - [21/Dec/2025:21:57:06 +0000] "GET /k.php HTTP/1.1" 200 1290 "https://www.bing.com/" "Mozilla/5.0 (Linux; Android 13; M2101K6G) AppleWebKit/537.36 (KHTML, like Gecko) Chrome/116.0.0.0 Mobile Safari/537.36" "92.211.180.224, 4.189.129.123"
64.252.112.58 - - [21/Dec/2025:21:57:06 +0000] "GET /mah/function.php HTTP/1.1" 200 1290 "https://www.yahoo.com/" "Mozilla/5.0 (Linux; Android 13; SM-G991U) AppleWebKit/537.36 (KHTML, like Gecko) Chrome/117.0.0.0 Mobile Safari/537.36" "86.79.201.111, 4.189.129.123"
64.252.112.58 - - [21/Dec/2025:21:57:06 +0000] "GET /wp-conflg/function.php HTTP/1.1" 200 1290 "https://www.yahoo.com/" "Mozilla/5.0 (iPhone; CPU iPhone OS 17_1_1 like Mac OS X) AppleWebKit/605.1.15 (KHTML, like Gecko) Version/17.1 Mobile/15E148 Safari/604.1" "142.108.149.54, 4.189.129.123"
64.252.113.179 - - [21/Dec/2025:21:57:06 +0000] "GET /wp-content/admin.php HTTP/1.1" 200 1290 "https://www.google.co.uk/" "Mozilla/5.0 (Linux; Android 13; M2101K6G) AppleWebKit/537.36 (KHTML, like Gecko) Chrome/116.0.0.0 Mobile Safari/537.36" "79.34.236.230, 4.189.129.123"
64.252.113.179 - - [21/Dec/2025:21:57:06 +0000] "GET /wp-content/languages/index.php HTTP/1.1" 200 1290 "https://www.google.co.uk/" "Mozilla/5.0 (iPhone; CPU iPhone OS 17_1_1 like Mac OS X) AppleWebKit/605.1.15 (KHTML, like Gecko) Version/17.1 Mobile/15E148 Safari/604.1" "81.175.161.225, 4.189.129.123"
64.252.113.179 - - [21/Dec/2025:21:57:07 +0000] "GET /wp-includes/PHPMailer/index.php HTTP/1.1" 200 1290 "https://www.google.com/" "Mozilla/5.0 (iPhone; CPU iPhone OS 16_6_1 like Mac OS X) AppleWebKit/605.1.15 (KHTML, like Gecko) Version/16.6 Mobile/15E148 Safari/604.1" "226.91.27.23, 4.189.129.123"
64.252.113.179 - - [21/Dec/2025:21:57:07 +0000] "GET /wp-includes/images HTTP/1.1" 200 1290 "https://www.google.com/" "Mozilla/5.0 (Linux; Android 12; SM-A525F) AppleWebKit/537.36 (KHTML, like Gecko) Chrome/117.0.0.0 Mobile Safari/537.36" "126.250.132.140, 4.189.129.123"
64.252.113.179 - - [21/Dec/2025:21:57:07 +0000] "GET /wp-includes/images/index.php HTTP/1.1" 200 1290 "https://duckduckgo.com/" "Mozilla/5.0 (iPhone; CPU iPhone OS 16_0 like Mac OS X) AppleWebKit/605.1.15 (KHTML, like Gecko) FxiOS/118.0 Mobile/15E148 Safari/605.1.15" "217.41.23.171, 4.189.129.123"
64.252.113.179 - - [21/Dec/2025:21:57:07 +0000] "GET /wp-includes/js/dist/development HTTP/1.1" 200 1290 "https://www.google.fr/" "Mozilla/5.0 (iPad; CPU OS 17_0_3 like Mac OS X) AppleWebKit/605.1.15 (KHTML, like Gecko) Version/17.0.1 Mobile/15E148 Safari/604.1" "20.159.104.202, 4.189.129.123"
64.252.112.199 - - [21/Dec/2025:21:57:07 +0000] "GET /wp-user.php HTTP/1.1" 200 1290 "https://www.google.com/" "Mozilla/5.0 (Linux; Android 12; V2134) AppleWebKit/537.36 (KHTML, like Gecko) Chrome/116.0.0.0 Mobile Safari/537.36" "9.39.76.27, 4.189.129.123"
64.252.112.58 - - [21/Dec/2025:21:57:07 +0000] "GET /404.php HTTP/1.1" 200 1290 "https://www.google.com/" "Mozilla/5.0 (iPad; CPU OS 16_7_2 like Mac OS X) AppleWebKit/605.1.15 (KHTML, like Gecko) Version/16.6 Mobile/15E148 Safari/604.1" "181.163.202.31, 4.189.129.123"
64.252.112.58 - - [21/Dec/2025:21:57:07 +0000] "GET /akcc.php HTTP/1.1" 200 1290 "https://www.google.fr/" "Mozilla/5.0 (Linux; Android 11; 21081111RG) AppleWebKit/537.36 (KHTML, like Gecko) Chrome/116.0.0.0 Mobile Safari/537.36" "227.40.144.248, 4.189.129.123"
64.252.112.58 - - [21/Dec/2025:21:57:08 +0000] "GET /gg.php HTTP/1.1" 200 1290 "https://duckduckgo.com/" "Mozilla/5.0 (iPad; CPU OS 17_0_3 like Mac OS X) AppleWebKit/605.1.15 (KHTML, like Gecko) Version/17.0.1 Mobile/15E148 Safari/604.1" "92.221.253.103, 4.189.129.123"
64.252.113.179 - - [21/Dec/2025:21:57:08 +0000] "GET /mah.php HTTP/1.1" 200 1290 "https://www.yahoo.com/" "Mozilla/5.0 (Linux; Android 12; 2201116SG) AppleWebKit/537.36 (KHTML, like Gecko) Chrome/116.0.0.0 Mobile Safari/537.36" "91.224.145.22, 4.189.129.123"
64.252.112.199 - - [21/Dec/2025:21:57:08 +0000] "GET /new.php HTTP/1.1" 200 1290 "https://www.google.com/" "Mozilla/5.0 (Linux; Android 12; 2201116SG) AppleWebKit/537.36 (KHTML, like Gecko) Chrome/116.0.0.0 Mobile Safari/537.36" "236.153.52.188, 4.189.129.123"
64.252.112.58 - - [21/Dec/2025:21:57:08 +0000] "GET /themes.php HTTP/1.1" 200 1290 "https://duckduckgo.com/" "Mozilla/5.0 (Linux; Android 11; CPH2251) AppleWebKit/537.36 (KHTML, like Gecko) Chrome/116.0.0.0 Mobile Safari/537.36" "183.123.144.83, 4.189.129.123"
64.252.113.179 - - [21/Dec/2025:21:57:08 +0000] "GET /uploads/index.php HTTP/1.1" 404 9 "https://www.yahoo.com/" "Mozilla/5.0 (iPhone; CPU iPhone OS 15_7_9 like Mac OS X) AppleWebKit/605.1.15 (KHTML, like Gecko) Version/15.6.5 Mobile/15E148 Safari/604.1" "213.246.52.14, 4.189.129.123"
64.252.113.179 - - [21/Dec/2025:21:57:08 +0000] "GET /wp-admin HTTP/1.1" 200 1290 "https://www.yahoo.com/" "Mozilla/5.0 (iPhone; CPU iPhone OS 17_1_1 like Mac OS X) AppleWebKit/605.1.15 (KHTML, like Gecko) Version/17.1 Mobile/15E148 Safari/604.1" "126.25.159.160, 4.189.129.123"
64.252.112.58 - - [21/Dec/2025:21:57:08 +0000] "GET /wp-admin/classwithtostring.php HTTP/1.1" 200 1290 "https://www.google.com/" "Mozilla/5.0 (iPad; CPU OS 16_7_2 like Mac OS X) AppleWebKit/605.1.15 (KHTML, like Gecko) Version/16.6 Mobile/15E148 Safari/604.1" "211.80.28.160, 4.189.129.123"
64.252.112.58 - - [21/Dec/2025:21:57:08 +0000] "GET /wp-admin/css HTTP/1.1" 200 1290 "https://www.google.fr/" "Mozilla/5.0 (iPad; CPU OS 17_0_3 like Mac OS X) AppleWebKit/605.1.15 (KHTML, like Gecko) Version/17.0.1 Mobile/15E148 Safari/604.1" "108.148.241.51, 4.189.129.123"
64.252.112.58 - - [21/Dec/2025:21:57:09 +0000] "GET /wp-admin/css/about.php HTTP/1.1" 200 1290 "https://duckduckgo.com/" "Mozilla/5.0 (Linux; Android 11; 21081111RG) AppleWebKit/537.36 (KHTML, like Gecko) Chrome/116.0.0.0 Mobile Safari/537.36" "105.173.97.72, 4.189.129.123"
64.252.113.179 - - [21/Dec/2025:21:57:09 +0000] "GET /wp-admin/includes/colour.php HTTP/1.1" 200 1290 "https://www.bing.com/" "Mozilla/5.0 (Linux; Android 13; SM-S908E) AppleWebKit/537.36 (KHTML, like Gecko) Chrome/116.0.0.0 Mobile Safari/537.36" "231.174.44.18, 4.189.129.123"
64.252.113.179 - - [21/Dec/2025:21:57:09 +0000] "GET /wp-admin/js HTTP/1.1" 200 1290 "https://www.yahoo.com/" "Mozilla/5.0 (iPad; CPU OS 16_7_2 like Mac OS X) AppleWebKit/605.1.15 (KHTML, like Gecko) Version/16.6 Mobile/15E148 Safari/604.1" "233.146.171.11, 4.189.129.123"
64.252.112.58 - - [21/Dec/2025:21:57:09 +0000] "GET /wp-admin/js/autoload_classmap.php HTTP/1.1" 200 1290 "https://www.google.de/" "Mozilla/5.0 (iPhone; CPU iPhone OS 16_6_1 like Mac OS X) AppleWebKit/605.1.15 (KHTML, like Gecko) Version/16.6 Mobile/15E148 Safari/604.1" "163.127.77.31, 4.189.129.123"
64.252.113.179 - - [21/Dec/2025:21:57:09 +0000] "GET /wp-admin/js/widgets HTTP/1.1" 200 1290 "https://www.bing.com/" "Mozilla/5.0 (iPhone; CPU iPhone OS 17_1 like Mac OS X) AppleWebKit/605.1.15 (KHTML, like Gecko) CriOS/119.0.6045.109 Mobile/15E148 Safari/604.1" "89.164.245.156, 4.189.129.123"
64.252.112.199 - - [21/Dec/2025:21:57:09 +0000] "GET /wp-content/autoload_classmap.php HTTP/1.1" 200 1290 "https://www.yahoo.com/" "Mozilla/5.0 (Linux; Android 11; 21081111RG) AppleWebKit/537.36 (KHTML, like Gecko) Chrome/116.0.0.0 Mobile Safari/537.36" "88.34.37.89, 4.189.129.123"
64.252.112.199 - - [21/Dec/2025:21:57:09 +0000] "GET /wp-content/backups-dup-lite HTTP/1.1" 200 1290 "https://duckduckgo.com/" "Mozilla/5.0 (Linux; Android 13; M2101K6G) AppleWebKit/537.36 (KHTML, like Gecko) Chrome/116.0.0.0 Mobile Safari/537.36" "187.200.202.48, 4.189.129.123"
64.252.112.58 - - [21/Dec/2025:21:57:10 +0000] "GET /wp-content/languages HTTP/1.1" 200 1290 "https://www.google.com/" "Mozilla/5.0 (Linux; Android 14; Pixel 8 Pro) AppleWebKit/537.36 (KHTML, like Gecko) Chrome/119.0.0.0 Mobile Safari/537.36" "31.3.25.35, 4.189.129.123"
64.252.112.199 - - [21/Dec/2025:21:57:10 +0000] "GET /wp-content/plugins/admin.php HTTP/1.1" 200 1290 "https://www.google.fr/" "Mozilla/5.0 (Linux; Android 13; SM-S908E) AppleWebKit/537.36 (KHTML, like Gecko) Chrome/116.0.0.0 Mobile Safari/537.36" "195.9.204.216, 4.189.129.123"
64.252.112.199 - - [21/Dec/2025:21:57:10 +0000] "GET /wp-content/themes/admin.php HTTP/1.1" 200 1290 "https://www.bing.com/" "Mozilla/5.0 (iPhone; CPU iPhone OS 17_1_1 like Mac OS X) AppleWebKit/605.1.15 (KHTML, like Gecko) Version/17.1 Mobile/15E148 Safari/604.1" "171.66.111.50, 4.189.129.123"
64.252.112.199 - - [21/Dec/2025:21:57:10 +0000] "GET /wp-content/uploads HTTP/1.1" 200 1290 "https://www.google.fr/" "Mozilla/5.0 (Linux; Android 13; SM-G991U) AppleWebKit/537.36 (KHTML, like Gecko) Chrome/117.0.0.0 Mobile Safari/537.36" "152.132.8.248, 4.189.129.123"
64.252.112.58 - - [21/Dec/2025:21:57:10 +0000] "GET /wp-content/uploads/2025 HTTP/1.1" 200 1290 "https://www.google.com/" "Mozilla/5.0 (iPhone; CPU iPhone OS 17_1 like Mac OS X) AppleWebKit/605.1.15 (KHTML, like Gecko) CriOS/119.0.6045.109 Mobile/15E148 Safari/604.1" "22.228.206.120, 4.189.129.123"
64.252.112.58 - - [21/Dec/2025:21:57:10 +0000] "GET /wp-includes/IXR HTTP/1.1" 200 1290 "https://www.google.de/" "Mozilla/5.0 (iPhone; CPU iPhone OS 16_6_1 like Mac OS X) AppleWebKit/605.1.15 (KHTML, like Gecko) Version/16.6 Mobile/15E148 Safari/604.1" "203.13.174.7, 4.189.129.123"
64.252.112.199 - - [21/Dec/2025:21:57:10 +0000] "GET /wp-includes/IXR/index.php HTTP/1.1" 200 1290 "https://www.google.fr/" "Mozilla/5.0 (Linux; Android 14; Pixel 8 Pro) AppleWebKit/537.36 (KHTML, like Gecko) Chrome/119.0.0.0 Mobile Safari/537.36" "94.85.42.67, 4.189.129.123"
64.252.112.199 - - [21/Dec/2025:21:57:11 +0000] "GET /wp-includes/SimplePie/index.php HTTP/1.1" 200 1290 "https://www.google.fr/" "Mozilla/5.0 (iPhone; CPU iPhone OS 16_6_1 like Mac OS X) AppleWebKit/605.1.15 (KHTML, like Gecko) Version/16.6 Mobile/15E148 Safari/604.1" "66.80.196.244, 4.189.129.123"
64.252.112.199 - - [21/Dec/2025:21:57:11 +0000] "GET /wp-includes/Text HTTP/1.1" 200 1290 "https://www.google.de/" "Mozilla/5.0 (Linux; Android 11; CPH2251) AppleWebKit/537.36 (KHTML, like Gecko) Chrome/116.0.0.0 Mobile Safari/537.36" "75.117.119.89, 4.189.129.123"
64.252.112.199 - - [21/Dec/2025:21:57:11 +0000] "GET /wp-includes/Text/Diff/Engine HTTP/1.1" 200 1290 "https://www.yahoo.com/" "Mozilla/5.0 (iPhone; CPU iPhone OS 15_7_9 like Mac OS X) AppleWebKit/605.1.15 (KHTML, like Gecko) Version/15.6.5 Mobile/15E148 Safari/604.1" "232.210.111.253, 4.189.129.123"
64.252.112.58 - - [21/Dec/2025:21:57:11 +0000] "GET /wp-includes/block-bindings/index.php HTTP/1.1" 200 1290 "https://www.bing.com/" "Mozilla/5.0 (iPhone; CPU iPhone OS 17_0_3 like Mac OS X) AppleWebKit/605.1.15 (KHTML, like Gecko) Version/17.0.1 Mobile/15E148 Safari/604.1" "220.92.119.224, 4.189.129.123"
64.252.112.199 - - [21/Dec/2025:21:57:11 +0000] "GET /wp-includes/block-supports HTTP/1.1" 200 1290 "https://www.bing.com/" "Mozilla/5.0 (iPad; CPU OS 16_7_2 like Mac OS X) AppleWebKit/605.1.15 (KHTML, like Gecko) Version/16.6 Mobile/15E148 Safari/604.1" "103.236.68.236, 4.189.129.123"
64.252.112.58 - - [21/Dec/2025:21:57:11 +0000] "GET /wp-includes/blocks/code HTTP/1.1" 200 1290 "https://www.google.com/" "Mozilla/5.0 (Linux; Android 11; CPH2251) AppleWebKit/537.36 (KHTML, like Gecko) Chrome/116.0.0.0 Mobile Safari/537.36" "98.29.131.86, 4.189.129.123"
64.252.112.199 - - [21/Dec/2025:21:57:11 +0000] "GET /wp-includes/customize/chosen.php HTTP/1.1" 200 1290 "https://www.google.fr/" "Mozilla/5.0 (iPhone; CPU iPhone OS 16_6_1 like Mac OS X) AppleWebKit/605.1.15 (KHTML, like Gecko) Version/16.6 Mobile/15E148 Safari/604.1" "77.37.21.136, 4.189.129.123"
64.252.113.179 - - [21/Dec/2025:21:57:12 +0000] "GET /wp-includes/html-api/index.php HTTP/1.1" 200 1290 "https://duckduckgo.com/" "Mozilla/5.0 (iPhone; CPU iPhone OS 17_1 like Mac OS X) AppleWebKit/605.1.15 (KHTML, like Gecko) CriOS/119.0.6045.109 Mobile/15E148 Safari/604.1" "141.132.31.150, 4.189.129.123"
64.252.112.199 - - [21/Dec/2025:21:57:12 +0000] "GET /wp-includes/index.php HTTP/1.1" 200 1290 "https://www.google.com/" "Mozilla/5.0 (Linux; Android 11; CPH2251) AppleWebKit/537.36 (KHTML, like Gecko) Chrome/116.0.0.0 Mobile Safari/537.36" "115.251.67.97, 4.189.129.123"
64.252.112.58 - - [21/Dec/2025:21:57:12 +0000] "GET /wp-includes/js/dist/development/index.php HTTP/1.1" 200 1290 "https://www.bing.com/" "Mozilla/5.0 (iPhone; CPU iPhone OS 17_1 like Mac OS X) AppleWebKit/605.1.15 (KHTML, like Gecko) CriOS/119.0.6045.109 Mobile/15E148 Safari/604.1" "171.82.68.97, 4.189.129.123"
64.252.112.58 - - [21/Dec/2025:21:57:12 +0000] "GET /wp-includes/pomo/index.php HTTP/1.1" 200 1290 "https://www.google.de/" "Mozilla/5.0 (iPhone; CPU iPhone OS 15_7_9 like Mac OS X) AppleWebKit/605.1.15 (KHTML, like Gecko) Version/15.6.5 Mobile/15E148 Safari/604.1" "67.255.107.191, 4.189.129.123"
64.252.112.199 - - [21/Dec/2025:21:57:12 +0000] "GET /wp-includes/rest-api HTTP/1.1" 200 1290 "https://www.google.com/" "Mozilla/5.0 (Linux; Android 11; 21081111RG) AppleWebKit/537.36 (KHTML, like Gecko) Chrome/116.0.0.0 Mobile Safari/537.36" "121.199.0.236, 4.189.129.123"
64.252.112.58 - - [21/Dec/2025:21:57:12 +0000] "GET /wp-includes/sitemaps/autoload_classmap.php HTTP/1.1" 200 1290 "https://www.google.co.uk/" "Mozilla/5.0 (Linux; Android 13; SM-G991U) AppleWebKit/537.36 (KHTML, like Gecko) Chrome/117.0.0.0 Mobile Safari/537.36" "152.58.127.64, 4.189.129.123"
64.252.113.179 - - [21/Dec/2025:21:57:12 +0000] "GET /wp-includes/theme-compat HTTP/1.1" 200 1290 "https://duckduckgo.com/" "Mozilla/5.0 (Linux; Android 13; SM-G991U) AppleWebKit/537.36 (KHTML, like Gecko) Chrome/117.0.0.0 Mobile Safari/537.36" "253.250.204.231, 4.189.129.123"
64.252.105.173 - - [21/Dec/2025:22:02:09 +0000] "GET /index.html HTTP/1.1" 200 1290 "http://abuts.fit" "Mozilla/5.0 (iPhone; CPU iPhone OS 13_2_3 like Mac OS X) AppleWebKit/605.1.15 (KHTML, like Gecko) Version/13.0.3 Mobile/15E148 Safari/604.1" "129.226.174.80"
45.135.194.23 - - [21/Dec/2025:22:03:13 +0000] "GET / HTTP/1.1" 200 1290 "-" "-" "-"
87.121.84.57 - - [21/Dec/2025:22:08:38 +0000] "GET / HTTP/1.1" 200 1290 "-" "Mozilla/1.0" "-"
18.68.56.19 - - [21/Dec/2025:22:16:53 +0000] "GET /.git/config HTTP/1.1" 200 1290 "-" "Mozilla/5.0 (Windows NT 10.0; WOW64) AppleWebKit/537.36 (KHTML, like Gecko) Chrome/57.0.2987.98 Safari/537.36 LBBROWSER" "45.148.10.119"
141.98.11.140 - - [21/Dec/2025:22:21:29 +0000] "GET / HTTP/1.1" 200 1290 "-" "-" "-"
204.76.203.219 - - [21/Dec/2025:22:26:25 +0000] "GET / HTTP/1.1" 200 1290 "-" "Mozilla/5.0 (Windows NT 10.0; Win64; x64) AppleWebKit/537.36 (KHTML, like Gecko) Chrome/90.0.4430.85 Safari/537.36 Edg/90.0.818.46" "-"
223.123.38.37 - - [21/Dec/2025:23:11:17 +0000] "POST /GponForm/diag_Form?images/ HTTP/1.1" 404 9 "-" "Hello, World" "-"
223.123.38.37 - - [21/Dec/2025:23:11:17 +0000] "sh+/tmp/gpon80&ipv=0" 400 150 "-" "-" "-"
13.124.199.89 - - [21/Dec/2025:23:15:45 +0000] "GET /business HTTP/1.1" 200 1290 "-" "Mozilla/5.0 (Windows NT 10.0; Win64; x64) AppleWebKit/537.36 (KHTML, like Gecko) Chrome/143.0.0.0 Safari/537.36 Edg/143.0.0.0" "112.216.154.66"
13.124.199.156 - - [21/Dec/2025:23:15:46 +0000] "GET /assets/index-6mlWUeYM.css HTTP/1.1" 200 104728 "-" "Mozilla/5.0 (Windows NT 10.0; Win64; x64) AppleWebKit/537.36 (KHTML, like Gecko) Chrome/143.0.0.0 Safari/537.36 Edg/143.0.0.0" "112.216.154.66"
13.124.199.89 - - [21/Dec/2025:23:15:46 +0000] "GET /assets/index-D1jDq8Uj.js HTTP/1.1" 200 381386 "-" "Mozilla/5.0 (Windows NT 10.0; Win64; x64) AppleWebKit/537.36 (KHTML, like Gecko) Chrome/143.0.0.0 Safari/537.36 Edg/143.0.0.0" "112.216.154.66"
13.124.199.156 - - [21/Dec/2025:23:15:46 +0000] "GET /assets/file-text-BBHSkbji.js HTTP/1.1" 200 501 "-" "Mozilla/5.0 (Windows NT 10.0; Win64; x64) AppleWebKit/537.36 (KHTML, like Gecko) Chrome/143.0.0.0 Safari/537.36 Edg/143.0.0.0" "112.216.154.66"
13.124.199.42 - - [21/Dec/2025:23:15:46 +0000] "GET /assets/BusinessPage-DP2W-kcN.js HTTP/1.1" 200 5289 "-" "Mozilla/5.0 (Windows NT 10.0; Win64; x64) AppleWebKit/537.36 (KHTML, like Gecko) Chrome/143.0.0.0 Safari/537.36 Edg/143.0.0.0" "112.216.154.66"
13.124.199.42 - - [21/Dec/2025:23:15:46 +0000] "GET /assets/Footer-DSWZu5IG.js HTTP/1.1" 200 9343 "-" "Mozilla/5.0 (Windows NT 10.0; Win64; x64) AppleWebKit/537.36 (KHTML, like Gecko) Chrome/143.0.0.0 Safari/537.36 Edg/143.0.0.0" "112.216.154.66"
13.124.199.42 - - [21/Dec/2025:23:15:46 +0000] "GET /assets/logo-B2Aljd7V.js HTTP/1.1" 200 52 "-" "Mozilla/5.0 (Windows NT 10.0; Win64; x64) AppleWebKit/537.36 (KHTML, like Gecko) Chrome/143.0.0.0 Safari/537.36 Edg/143.0.0.0" "112.216.154.66"
13.124.199.42 - - [21/Dec/2025:23:15:46 +0000] "GET /assets/badge-CKs4WDBo.js HTTP/1.1" 200 705 "-" "Mozilla/5.0 (Windows NT 10.0; Win64; x64) AppleWebKit/537.36 (KHTML, like Gecko) Chrome/143.0.0.0 Safari/537.36 Edg/143.0.0.0" "112.216.154.66"
13.124.199.156 - - [21/Dec/2025:23:15:46 +0000] "GET /api/filename-rules HTTP/1.1" 200 26 "-" "Mozilla/5.0 (Windows NT 10.0; Win64; x64) AppleWebKit/537.36 (KHTML, like Gecko) Chrome/143.0.0.0 Safari/537.36 Edg/143.0.0.0" "112.216.154.66"
13.124.199.156 - - [21/Dec/2025:23:15:46 +0000] "GET /assets/logo-fB7a4rr6.png HTTP/1.1" 200 10294 "-" "Mozilla/5.0 (Windows NT 10.0; Win64; x64) AppleWebKit/537.36 (KHTML, like Gecko) Chrome/143.0.0.0 Safari/537.36 Edg/143.0.0.0" "112.216.154.66"
13.124.199.42 - - [21/Dec/2025:23:15:46 +0000] "GET /favicon.ico HTTP/1.1" 200 7645 "-" "Mozilla/5.0 (Windows NT 10.0; Win64; x64) AppleWebKit/537.36 (KHTML, like Gecko) Chrome/143.0.0.0 Safari/537.36 Edg/143.0.0.0" "112.216.154.66"
13.124.199.89 - - [21/Dec/2025:23:15:51 +0000] "GET /service HTTP/1.1" 200 1290 "-" "Mozilla/5.0 (Windows NT 10.0; Win64; x64) AppleWebKit/537.36 (KHTML, like Gecko) Chrome/143.0.0.0 Safari/537.36 Edg/143.0.0.0" "112.216.154.66"
3.172.65.237 - - [21/Dec/2025:23:15:52 +0000] "GET /assets/index-6mlWUeYM.css HTTP/1.1" 200 104728 "-" "Mozilla/5.0 (Windows NT 10.0; Win64; x64) AppleWebKit/537.36 (KHTML, like Gecko) Chrome/143.0.0.0 Safari/537.36 Edg/143.0.0.0" "112.216.154.66"
3.172.65.237 - - [21/Dec/2025:23:15:52 +0000] "GET /assets/index-D1jDq8Uj.js HTTP/1.1" 200 381386 "-" "Mozilla/5.0 (Windows NT 10.0; Win64; x64) AppleWebKit/537.36 (KHTML, like Gecko) Chrome/143.0.0.0 Safari/537.36 Edg/143.0.0.0" "112.216.154.66"
3.172.65.237 - - [21/Dec/2025:23:15:53 +0000] "GET /assets/badge-CKs4WDBo.js HTTP/1.1" 200 705 "-" "Mozilla/5.0 (Windows NT 10.0; Win64; x64) AppleWebKit/537.36 (KHTML, like Gecko) Chrome/143.0.0.0 Safari/537.36 Edg/143.0.0.0" "112.216.154.66"
3.172.65.237 - - [21/Dec/2025:23:15:53 +0000] "GET /assets/logo-B2Aljd7V.js HTTP/1.1" 200 52 "-" "Mozilla/5.0 (Windows NT 10.0; Win64; x64) AppleWebKit/537.36 (KHTML, like Gecko) Chrome/143.0.0.0 Safari/537.36 Edg/143.0.0.0" "112.216.154.66"
